Archive member included because of file (symbol)

C:/NXP/S32DS_ARM_v2018.R1/S32DS/arm_ewl2/lib/armv7e-m\libc99.a(exit.o)
                              C:/NXP/S32DS_ARM_v2018.R1/S32DS/arm_ewl2/lib/armv7e-m/__arm_start.o (exit)
C:/NXP/S32DS_ARM_v2018.R1/S32DS/arm_ewl2/lib/armv7e-m\libc99.a(memset.o)
                              C:/NXP/S32DS_ARM_v2018.R1/S32DS/arm_ewl2/lib/armv7e-m/__arm_start.o (memset)
C:/NXP/S32DS_ARM_v2018.R1/S32DS/arm_ewl2/lib/armv7e-m\libc99.a(__filll_mem.o)
                              C:/NXP/S32DS_ARM_v2018.R1/S32DS/arm_ewl2/lib/armv7e-m\libc99.a(memset.o) (__fill_mem)
c:/nxp/s32ds_arm_v2018.r1/cross_tools/gcc-arm-none-eabi-4_9/bin/../lib/gcc/arm-none-eabi/4.9.3/armv7e-m\libgcc.a(_arm_addsubdf3.o)
                              ./src/hello.o (__aeabi_ui2d)
c:/nxp/s32ds_arm_v2018.r1/cross_tools/gcc-arm-none-eabi-4_9/bin/../lib/gcc/arm-none-eabi/4.9.3/armv7e-m\libgcc.a(_arm_muldivdf3.o)
                              ./src/hello.o (__aeabi_dmul)
c:/nxp/s32ds_arm_v2018.r1/cross_tools/gcc-arm-none-eabi-4_9/bin/../lib/gcc/arm-none-eabi/4.9.3/armv7e-m\libgcc.a(_arm_fixunsdfsi.o)
                              ./src/hello.o (__aeabi_d2uiz)
C:/NXP/S32DS_ARM_v2018.R1/S32DS/arm_ewl2/lib/armv7e-m\librt.a(gcc_ctor_dtor.o)
                              C:/NXP/S32DS_ARM_v2018.R1/S32DS/arm_ewl2/lib/armv7e-m/__arm_start.o (__init_cpp)
C:/NXP/S32DS_ARM_v2018.R1/S32DS/arm_ewl2/lib/armv7e-m\librt.a(__arm_eabi_init.o)
                              C:/NXP/S32DS_ARM_v2018.R1/S32DS/arm_ewl2/lib/armv7e-m\libc99.a(exit.o) (__destroy_global_chain)
C:/NXP/S32DS_ARM_v2018.R1/S32DS/arm_ewl2/lib/armv7e-m\librt.a(ROMCopy.o)
                              C:/NXP/S32DS_ARM_v2018.R1/S32DS/arm_ewl2/lib/armv7e-m/__arm_start.o (__copy_rom_sections_to_ram)

Allocating common symbols
Common symbol       size              file

parity              0x4               ./src/hello.o
distance            0x4               ./src/hello.o
end_time            0x4               ./src/hello.o
start_time          0x4               ./src/hello.o
time                0x4               ./src/hello.o

Discarded input sections

 .text          0x00000000        0x0 C:/NXP/S32DS_ARM_v2018.R1/S32DS/arm_ewl2/lib/armv7e-m/__arm_start.o
 .data          0x00000000        0x0 C:/NXP/S32DS_ARM_v2018.R1/S32DS/arm_ewl2/lib/armv7e-m/__arm_start.o
 .bss           0x00000000        0x0 C:/NXP/S32DS_ARM_v2018.R1/S32DS/arm_ewl2/lib/armv7e-m/__arm_start.o
 .text.__thumb_startup
                0x00000000       0x3c C:/NXP/S32DS_ARM_v2018.R1/S32DS/arm_ewl2/lib/armv7e-m/__arm_start.o
 .text.__iar_program_start
                0x00000000        0x4 C:/NXP/S32DS_ARM_v2018.R1/S32DS/arm_ewl2/lib/armv7e-m/__arm_start.o
 .bss.argv      0x00000000        0x4 C:/NXP/S32DS_ARM_v2018.R1/S32DS/arm_ewl2/lib/armv7e-m/__arm_start.o
 .debug_info    0x00000000      0x144 C:/NXP/S32DS_ARM_v2018.R1/S32DS/arm_ewl2/lib/armv7e-m/__arm_start.o
 .debug_abbrev  0x00000000       0xc0 C:/NXP/S32DS_ARM_v2018.R1/S32DS/arm_ewl2/lib/armv7e-m/__arm_start.o
 .debug_aranges
                0x00000000       0x28 C:/NXP/S32DS_ARM_v2018.R1/S32DS/arm_ewl2/lib/armv7e-m/__arm_start.o
 .debug_line    0x00000000       0x68 C:/NXP/S32DS_ARM_v2018.R1/S32DS/arm_ewl2/lib/armv7e-m/__arm_start.o
 .debug_str     0x00000000      0x270 C:/NXP/S32DS_ARM_v2018.R1/S32DS/arm_ewl2/lib/armv7e-m/__arm_start.o
 .comment       0x00000000       0x71 C:/NXP/S32DS_ARM_v2018.R1/S32DS/arm_ewl2/lib/armv7e-m/__arm_start.o
 .debug_frame   0x00000000       0x30 C:/NXP/S32DS_ARM_v2018.R1/S32DS/arm_ewl2/lib/armv7e-m/__arm_start.o
 .ARM.attributes
                0x00000000       0x33 C:/NXP/S32DS_ARM_v2018.R1/S32DS/arm_ewl2/lib/armv7e-m/__arm_start.o
 .group         0x00000000        0x8 ./src/hello.o
 .group         0x00000000        0x8 ./src/hello.o
 .group         0x00000000        0x8 ./src/hello.o
 .group         0x00000000        0x8 ./src/hello.o
 .group         0x00000000        0x8 ./src/hello.o
 .group         0x00000000        0x8 ./src/hello.o
 .group         0x00000000        0x8 ./src/hello.o
 .group         0x00000000        0x8 ./src/hello.o
 .group         0x00000000        0x8 ./src/hello.o
 .group         0x00000000        0x8 ./src/hello.o
 .group         0x00000000        0x8 ./src/hello.o
 .group         0x00000000        0x8 ./src/hello.o
 .group         0x00000000        0x8 ./src/hello.o
 .group         0x00000000        0x8 ./src/hello.o
 .text          0x00000000        0x0 ./src/hello.o
 .data          0x00000000        0x0 ./src/hello.o
 .bss           0x00000000        0x0 ./src/hello.o
 .bss.lpit0_ch0_flag_counter
                0x00000000        0x4 ./src/hello.o
 .text.clocks   0x00000000       0x18 ./src/hello.o
 .group         0x00000000        0x8 ./include/clocks_and_modes.o
 .group         0x00000000        0x8 ./include/clocks_and_modes.o
 .group         0x00000000        0x8 ./include/clocks_and_modes.o
 .group         0x00000000        0x8 ./include/clocks_and_modes.o
 .group         0x00000000        0x8 ./include/clocks_and_modes.o
 .group         0x00000000        0x8 ./include/clocks_and_modes.o
 .group         0x00000000        0x8 ./include/clocks_and_modes.o
 .group         0x00000000        0x8 ./include/clocks_and_modes.o
 .group         0x00000000        0x8 ./include/clocks_and_modes.o
 .group         0x00000000        0x8 ./include/clocks_and_modes.o
 .group         0x00000000        0x8 ./include/clocks_and_modes.o
 .group         0x00000000        0x8 ./include/clocks_and_modes.o
 .group         0x00000000        0x8 ./include/clocks_and_modes.o
 .group         0x00000000        0x8 ./include/clocks_and_modes.o
 .text          0x00000000        0x0 ./include/clocks_and_modes.o
 .data          0x00000000        0x0 ./include/clocks_and_modes.o
 .bss           0x00000000        0x0 ./include/clocks_and_modes.o
 .debug_macro   0x00000000      0x868 ./include/clocks_and_modes.o
 .debug_macro   0x00000000       0x52 ./include/clocks_and_modes.o
 .debug_macro   0x00000000       0xa0 ./include/clocks_and_modes.o
 .debug_macro   0x00000000       0x16 ./include/clocks_and_modes.o
 .debug_macro   0x00000000       0x19 ./include/clocks_and_modes.o
 .debug_macro   0x00000000       0x64 ./include/clocks_and_modes.o
 .debug_macro   0x00000000      0x185 ./include/clocks_and_modes.o
 .debug_macro   0x00000000      0x140 ./include/clocks_and_modes.o
 .debug_macro   0x00000000       0x9d ./include/clocks_and_modes.o
 .debug_macro   0x00000000       0x10 ./include/clocks_and_modes.o
 .debug_macro   0x00000000      0x15b ./include/clocks_and_modes.o
 .debug_macro   0x00000000       0x28 ./include/clocks_and_modes.o
 .debug_macro   0x00000000       0x58 ./include/clocks_and_modes.o
 .debug_macro   0x00000000     0xed1d ./include/clocks_and_modes.o
 .group         0x00000000        0x8 ./Project_Settings/Startup_Code/system_S32K144.o
 .group         0x00000000        0x8 ./Project_Settings/Startup_Code/system_S32K144.o
 .group         0x00000000        0x8 ./Project_Settings/Startup_Code/system_S32K144.o
 .group         0x00000000        0x8 ./Project_Settings/Startup_Code/system_S32K144.o
 .group         0x00000000        0x8 ./Project_Settings/Startup_Code/system_S32K144.o
 .group         0x00000000        0x8 ./Project_Settings/Startup_Code/system_S32K144.o
 .group         0x00000000        0x8 ./Project_Settings/Startup_Code/system_S32K144.o
 .group         0x00000000        0x8 ./Project_Settings/Startup_Code/system_S32K144.o
 .group         0x00000000        0x8 ./Project_Settings/Startup_Code/system_S32K144.o
 .group         0x00000000        0x8 ./Project_Settings/Startup_Code/system_S32K144.o
 .group         0x00000000        0x8 ./Project_Settings/Startup_Code/system_S32K144.o
 .group         0x00000000        0x8 ./Project_Settings/Startup_Code/system_S32K144.o
 .group         0x00000000        0x8 ./Project_Settings/Startup_Code/system_S32K144.o
 .group         0x00000000        0x8 ./Project_Settings/Startup_Code/system_S32K144.o
 .group         0x00000000        0x8 ./Project_Settings/Startup_Code/system_S32K144.o
 .group         0x00000000        0x8 ./Project_Settings/Startup_Code/system_S32K144.o
 .group         0x00000000        0x8 ./Project_Settings/Startup_Code/system_S32K144.o
 .group         0x00000000        0x8 ./Project_Settings/Startup_Code/system_S32K144.o
 .group         0x00000000        0x8 ./Project_Settings/Startup_Code/system_S32K144.o
 .text          0x00000000        0x0 ./Project_Settings/Startup_Code/system_S32K144.o
 .data          0x00000000        0x0 ./Project_Settings/Startup_Code/system_S32K144.o
 .bss           0x00000000        0x0 ./Project_Settings/Startup_Code/system_S32K144.o
 .data.SystemCoreClock
                0x00000000        0x4 ./Project_Settings/Startup_Code/system_S32K144.o
 .text.SystemCoreClockUpdate
                0x00000000       0xe8 ./Project_Settings/Startup_Code/system_S32K144.o
 .text.SystemSoftwareReset
                0x00000000       0x40 ./Project_Settings/Startup_Code/system_S32K144.o
 .rodata.fircFreq.5151
                0x00000000        0x4 ./Project_Settings/Startup_Code/system_S32K144.o
 .debug_macro   0x00000000      0x868 ./Project_Settings/Startup_Code/system_S32K144.o
 .debug_macro   0x00000000       0x52 ./Project_Settings/Startup_Code/system_S32K144.o
 .debug_macro   0x00000000       0xa0 ./Project_Settings/Startup_Code/system_S32K144.o
 .debug_macro   0x00000000       0x16 ./Project_Settings/Startup_Code/system_S32K144.o
 .debug_macro   0x00000000       0x19 ./Project_Settings/Startup_Code/system_S32K144.o
 .debug_macro   0x00000000       0x64 ./Project_Settings/Startup_Code/system_S32K144.o
 .debug_macro   0x00000000      0x185 ./Project_Settings/Startup_Code/system_S32K144.o
 .debug_macro   0x00000000      0x140 ./Project_Settings/Startup_Code/system_S32K144.o
 .debug_macro   0x00000000       0x9d ./Project_Settings/Startup_Code/system_S32K144.o
 .debug_macro   0x00000000       0x10 ./Project_Settings/Startup_Code/system_S32K144.o
 .debug_macro   0x00000000      0x15b ./Project_Settings/Startup_Code/system_S32K144.o
 .debug_macro   0x00000000       0x28 ./Project_Settings/Startup_Code/system_S32K144.o
 .debug_macro   0x00000000       0x58 ./Project_Settings/Startup_Code/system_S32K144.o
 .debug_macro   0x00000000     0xed1d ./Project_Settings/Startup_Code/system_S32K144.o
 .data          0x00000000        0x0 ./Project_Settings/Startup_Code/startup_S32K144.o
 .bss           0x00000000        0x0 ./Project_Settings/Startup_Code/startup_S32K144.o
 .group         0x00000000        0x8 ./Project_Settings/Startup_Code/startup.o
 .group         0x00000000        0x8 ./Project_Settings/Startup_Code/startup.o
 .group         0x00000000        0x8 ./Project_Settings/Startup_Code/startup.o
 .group         0x00000000        0x8 ./Project_Settings/Startup_Code/startup.o
 .group         0x00000000        0x8 ./Project_Settings/Startup_Code/startup.o
 .group         0x00000000        0x8 ./Project_Settings/Startup_Code/startup.o
 .group         0x00000000        0x8 ./Project_Settings/Startup_Code/startup.o
 .group         0x00000000        0x8 ./Project_Settings/Startup_Code/startup.o
 .group         0x00000000        0x8 ./Project_Settings/Startup_Code/startup.o
 .group         0x00000000        0x8 ./Project_Settings/Startup_Code/startup.o
 .group         0x00000000        0x8 ./Project_Settings/Startup_Code/startup.o
 .group         0x00000000        0x8 ./Project_Settings/Startup_Code/startup.o
 .group         0x00000000        0x8 ./Project_Settings/Startup_Code/startup.o
 .group         0x00000000        0x8 ./Project_Settings/Startup_Code/startup.o
 .group         0x00000000        0x8 ./Project_Settings/Startup_Code/startup.o
 .group         0x00000000        0x8 ./Project_Settings/Startup_Code/startup.o
 .group         0x00000000        0x8 ./Project_Settings/Startup_Code/startup.o
 .group         0x00000000        0x8 ./Project_Settings/Startup_Code/startup.o
 .text          0x00000000        0x0 ./Project_Settings/Startup_Code/startup.o
 .data          0x00000000        0x0 ./Project_Settings/Startup_Code/startup.o
 .bss           0x00000000        0x0 ./Project_Settings/Startup_Code/startup.o
 .debug_macro   0x00000000      0x868 ./Project_Settings/Startup_Code/startup.o
 .debug_macro   0x00000000       0x52 ./Project_Settings/Startup_Code/startup.o
 .debug_macro   0x00000000       0xa0 ./Project_Settings/Startup_Code/startup.o
 .debug_macro   0x00000000       0x16 ./Project_Settings/Startup_Code/startup.o
 .debug_macro   0x00000000       0x64 ./Project_Settings/Startup_Code/startup.o
 .debug_macro   0x00000000      0x185 ./Project_Settings/Startup_Code/startup.o
 .debug_macro   0x00000000      0x140 ./Project_Settings/Startup_Code/startup.o
 .debug_macro   0x00000000       0x9d ./Project_Settings/Startup_Code/startup.o
 .debug_macro   0x00000000       0x10 ./Project_Settings/Startup_Code/startup.o
 .debug_macro   0x00000000      0x15b ./Project_Settings/Startup_Code/startup.o
 .debug_macro   0x00000000       0x28 ./Project_Settings/Startup_Code/startup.o
 .debug_macro   0x00000000       0x58 ./Project_Settings/Startup_Code/startup.o
 .debug_macro   0x00000000       0x10 ./Project_Settings/Startup_Code/startup.o
 .debug_macro   0x00000000       0x73 ./Project_Settings/Startup_Code/startup.o
 .debug_macro   0x00000000      0xb9b ./Project_Settings/Startup_Code/startup.o
 .debug_macro   0x00000000       0x22 ./Project_Settings/Startup_Code/startup.o
 .text          0x00000000        0x0 C:/NXP/S32DS_ARM_v2018.R1/S32DS/arm_ewl2/lib/armv7e-m\libc99.a(exit.o)
 .data          0x00000000        0x0 C:/NXP/S32DS_ARM_v2018.R1/S32DS/arm_ewl2/lib/armv7e-m\libc99.a(exit.o)
 .bss           0x00000000        0x0 C:/NXP/S32DS_ARM_v2018.R1/S32DS/arm_ewl2/lib/armv7e-m\libc99.a(exit.o)
 .text.exit     0x00000000       0x38 C:/NXP/S32DS_ARM_v2018.R1/S32DS/arm_ewl2/lib/armv7e-m\libc99.a(exit.o)
 .text._Exit    0x00000000        0x4 C:/NXP/S32DS_ARM_v2018.R1/S32DS/arm_ewl2/lib/armv7e-m\libc99.a(exit.o)
 .bss.__stdio_exit
                0x00000000        0x4 C:/NXP/S32DS_ARM_v2018.R1/S32DS/arm_ewl2/lib/armv7e-m\libc99.a(exit.o)
 .bss.__console_exit
                0x00000000        0x4 C:/NXP/S32DS_ARM_v2018.R1/S32DS/arm_ewl2/lib/armv7e-m\libc99.a(exit.o)
 .debug_info    0x00000000      0x111 C:/NXP/S32DS_ARM_v2018.R1/S32DS/arm_ewl2/lib/armv7e-m\libc99.a(exit.o)
 .debug_abbrev  0x00000000       0x91 C:/NXP/S32DS_ARM_v2018.R1/S32DS/arm_ewl2/lib/armv7e-m\libc99.a(exit.o)
 .debug_loc     0x00000000       0x5d C:/NXP/S32DS_ARM_v2018.R1/S32DS/arm_ewl2/lib/armv7e-m\libc99.a(exit.o)
 .debug_aranges
                0x00000000       0x28 C:/NXP/S32DS_ARM_v2018.R1/S32DS/arm_ewl2/lib/armv7e-m\libc99.a(exit.o)
 .debug_line    0x00000000       0xa4 C:/NXP/S32DS_ARM_v2018.R1/S32DS/arm_ewl2/lib/armv7e-m\libc99.a(exit.o)
 .debug_str     0x00000000      0x23c C:/NXP/S32DS_ARM_v2018.R1/S32DS/arm_ewl2/lib/armv7e-m\libc99.a(exit.o)
 .comment       0x00000000       0x71 C:/NXP/S32DS_ARM_v2018.R1/S32DS/arm_ewl2/lib/armv7e-m\libc99.a(exit.o)
 .debug_frame   0x00000000       0x3c C:/NXP/S32DS_ARM_v2018.R1/S32DS/arm_ewl2/lib/armv7e-m\libc99.a(exit.o)
 .ARM.attributes
                0x00000000       0x33 C:/NXP/S32DS_ARM_v2018.R1/S32DS/arm_ewl2/lib/armv7e-m\libc99.a(exit.o)
 .text          0x00000000        0x0 C:/NXP/S32DS_ARM_v2018.R1/S32DS/arm_ewl2/lib/armv7e-m\libc99.a(memset.o)
 .data          0x00000000        0x0 C:/NXP/S32DS_ARM_v2018.R1/S32DS/arm_ewl2/lib/armv7e-m\libc99.a(memset.o)
 .bss           0x00000000        0x0 C:/NXP/S32DS_ARM_v2018.R1/S32DS/arm_ewl2/lib/armv7e-m\libc99.a(memset.o)
 .text.memset   0x00000000        0xc C:/NXP/S32DS_ARM_v2018.R1/S32DS/arm_ewl2/lib/armv7e-m\libc99.a(memset.o)
 .debug_info    0x00000000       0xec C:/NXP/S32DS_ARM_v2018.R1/S32DS/arm_ewl2/lib/armv7e-m\libc99.a(memset.o)
 .debug_abbrev  0x00000000       0x62 C:/NXP/S32DS_ARM_v2018.R1/S32DS/arm_ewl2/lib/armv7e-m\libc99.a(memset.o)
 .debug_loc     0x00000000       0x64 C:/NXP/S32DS_ARM_v2018.R1/S32DS/arm_ewl2/lib/armv7e-m\libc99.a(memset.o)
 .debug_aranges
                0x00000000       0x20 C:/NXP/S32DS_ARM_v2018.R1/S32DS/arm_ewl2/lib/armv7e-m\libc99.a(memset.o)
 .debug_line    0x00000000       0x8f C:/NXP/S32DS_ARM_v2018.R1/S32DS/arm_ewl2/lib/armv7e-m\libc99.a(memset.o)
 .debug_str     0x00000000      0x21f C:/NXP/S32DS_ARM_v2018.R1/S32DS/arm_ewl2/lib/armv7e-m\libc99.a(memset.o)
 .comment       0x00000000       0x71 C:/NXP/S32DS_ARM_v2018.R1/S32DS/arm_ewl2/lib/armv7e-m\libc99.a(memset.o)
 .debug_frame   0x00000000       0x28 C:/NXP/S32DS_ARM_v2018.R1/S32DS/arm_ewl2/lib/armv7e-m\libc99.a(memset.o)
 .ARM.attributes
                0x00000000       0x33 C:/NXP/S32DS_ARM_v2018.R1/S32DS/arm_ewl2/lib/armv7e-m\libc99.a(memset.o)
 .text          0x00000000        0x0 C:/NXP/S32DS_ARM_v2018.R1/S32DS/arm_ewl2/lib/armv7e-m\libc99.a(__filll_mem.o)
 .data          0x00000000        0x0 C:/NXP/S32DS_ARM_v2018.R1/S32DS/arm_ewl2/lib/armv7e-m\libc99.a(__filll_mem.o)
 .bss           0x00000000        0x0 C:/NXP/S32DS_ARM_v2018.R1/S32DS/arm_ewl2/lib/armv7e-m\libc99.a(__filll_mem.o)
 .text.__fill_mem
                0x00000000       0x7a C:/NXP/S32DS_ARM_v2018.R1/S32DS/arm_ewl2/lib/armv7e-m\libc99.a(__filll_mem.o)
 .debug_info    0x00000000      0x137 C:/NXP/S32DS_ARM_v2018.R1/S32DS/arm_ewl2/lib/armv7e-m\libc99.a(__filll_mem.o)
 .debug_abbrev  0x00000000       0x78 C:/NXP/S32DS_ARM_v2018.R1/S32DS/arm_ewl2/lib/armv7e-m\libc99.a(__filll_mem.o)
 .debug_loc     0x00000000      0x16b C:/NXP/S32DS_ARM_v2018.R1/S32DS/arm_ewl2/lib/armv7e-m\libc99.a(__filll_mem.o)
 .debug_aranges
                0x00000000       0x20 C:/NXP/S32DS_ARM_v2018.R1/S32DS/arm_ewl2/lib/armv7e-m\libc99.a(__filll_mem.o)
 .debug_line    0x00000000       0xb2 C:/NXP/S32DS_ARM_v2018.R1/S32DS/arm_ewl2/lib/armv7e-m\libc99.a(__filll_mem.o)
 .debug_str     0x00000000      0x231 C:/NXP/S32DS_ARM_v2018.R1/S32DS/arm_ewl2/lib/armv7e-m\libc99.a(__filll_mem.o)
 .comment       0x00000000       0x71 C:/NXP/S32DS_ARM_v2018.R1/S32DS/arm_ewl2/lib/armv7e-m\libc99.a(__filll_mem.o)
 .debug_frame   0x00000000       0x28 C:/NXP/S32DS_ARM_v2018.R1/S32DS/arm_ewl2/lib/armv7e-m\libc99.a(__filll_mem.o)
 .ARM.attributes
                0x00000000       0x33 C:/NXP/S32DS_ARM_v2018.R1/S32DS/arm_ewl2/lib/armv7e-m\libc99.a(__filll_mem.o)
 .data          0x00000000        0x0 c:/nxp/s32ds_arm_v2018.r1/cross_tools/gcc-arm-none-eabi-4_9/bin/../lib/gcc/arm-none-eabi/4.9.3/armv7e-m\libgcc.a(_arm_addsubdf3.o)
 .bss           0x00000000        0x0 c:/nxp/s32ds_arm_v2018.r1/cross_tools/gcc-arm-none-eabi-4_9/bin/../lib/gcc/arm-none-eabi/4.9.3/armv7e-m\libgcc.a(_arm_addsubdf3.o)
 .data          0x00000000        0x0 c:/nxp/s32ds_arm_v2018.r1/cross_tools/gcc-arm-none-eabi-4_9/bin/../lib/gcc/arm-none-eabi/4.9.3/armv7e-m\libgcc.a(_arm_muldivdf3.o)
 .bss           0x00000000        0x0 c:/nxp/s32ds_arm_v2018.r1/cross_tools/gcc-arm-none-eabi-4_9/bin/../lib/gcc/arm-none-eabi/4.9.3/armv7e-m\libgcc.a(_arm_muldivdf3.o)
 .data          0x00000000        0x0 c:/nxp/s32ds_arm_v2018.r1/cross_tools/gcc-arm-none-eabi-4_9/bin/../lib/gcc/arm-none-eabi/4.9.3/armv7e-m\libgcc.a(_arm_fixunsdfsi.o)
 .bss           0x00000000        0x0 c:/nxp/s32ds_arm_v2018.r1/cross_tools/gcc-arm-none-eabi-4_9/bin/../lib/gcc/arm-none-eabi/4.9.3/armv7e-m\libgcc.a(_arm_fixunsdfsi.o)
 .text          0x00000000        0x0 C:/NXP/S32DS_ARM_v2018.R1/S32DS/arm_ewl2/lib/armv7e-m\librt.a(gcc_ctor_dtor.o)
 .data          0x00000000        0x0 C:/NXP/S32DS_ARM_v2018.R1/S32DS/arm_ewl2/lib/armv7e-m\librt.a(gcc_ctor_dtor.o)
 .bss           0x00000000        0x0 C:/NXP/S32DS_ARM_v2018.R1/S32DS/arm_ewl2/lib/armv7e-m\librt.a(gcc_ctor_dtor.o)
 .text.__init_cpp
                0x00000000       0x4c C:/NXP/S32DS_ARM_v2018.R1/S32DS/arm_ewl2/lib/armv7e-m\librt.a(gcc_ctor_dtor.o)
 .text.__fini_cpp
                0x00000000       0x34 C:/NXP/S32DS_ARM_v2018.R1/S32DS/arm_ewl2/lib/armv7e-m\librt.a(gcc_ctor_dtor.o)
 .text._ExitProcess
                0x00000000        0x2 C:/NXP/S32DS_ARM_v2018.R1/S32DS/arm_ewl2/lib/armv7e-m\librt.a(gcc_ctor_dtor.o)
 .bss.__dso_handle
                0x00000000        0x4 C:/NXP/S32DS_ARM_v2018.R1/S32DS/arm_ewl2/lib/armv7e-m\librt.a(gcc_ctor_dtor.o)
 .debug_info    0x00000000      0x14a C:/NXP/S32DS_ARM_v2018.R1/S32DS/arm_ewl2/lib/armv7e-m\librt.a(gcc_ctor_dtor.o)
 .debug_abbrev  0x00000000       0xae C:/NXP/S32DS_ARM_v2018.R1/S32DS/arm_ewl2/lib/armv7e-m\librt.a(gcc_ctor_dtor.o)
 .debug_loc     0x00000000       0x9d C:/NXP/S32DS_ARM_v2018.R1/S32DS/arm_ewl2/lib/armv7e-m\librt.a(gcc_ctor_dtor.o)
 .debug_aranges
                0x00000000       0x30 C:/NXP/S32DS_ARM_v2018.R1/S32DS/arm_ewl2/lib/armv7e-m\librt.a(gcc_ctor_dtor.o)
 .debug_line    0x00000000       0x74 C:/NXP/S32DS_ARM_v2018.R1/S32DS/arm_ewl2/lib/armv7e-m\librt.a(gcc_ctor_dtor.o)
 .debug_str     0x00000000      0x28e C:/NXP/S32DS_ARM_v2018.R1/S32DS/arm_ewl2/lib/armv7e-m\librt.a(gcc_ctor_dtor.o)
 .comment       0x00000000       0x71 C:/NXP/S32DS_ARM_v2018.R1/S32DS/arm_ewl2/lib/armv7e-m\librt.a(gcc_ctor_dtor.o)
 .debug_frame   0x00000000       0x50 C:/NXP/S32DS_ARM_v2018.R1/S32DS/arm_ewl2/lib/armv7e-m\librt.a(gcc_ctor_dtor.o)
 .ARM.attributes
                0x00000000       0x33 C:/NXP/S32DS_ARM_v2018.R1/S32DS/arm_ewl2/lib/armv7e-m\librt.a(gcc_ctor_dtor.o)
 .text          0x00000000        0x0 C:/NXP/S32DS_ARM_v2018.R1/S32DS/arm_ewl2/lib/armv7e-m\librt.a(__arm_eabi_init.o)
 .data          0x00000000        0x0 C:/NXP/S32DS_ARM_v2018.R1/S32DS/arm_ewl2/lib/armv7e-m\librt.a(__arm_eabi_init.o)
 .bss           0x00000000        0x0 C:/NXP/S32DS_ARM_v2018.R1/S32DS/arm_ewl2/lib/armv7e-m\librt.a(__arm_eabi_init.o)
 .text.__destroy_global_chain
                0x00000000       0x18 C:/NXP/S32DS_ARM_v2018.R1/S32DS/arm_ewl2/lib/armv7e-m\librt.a(__arm_eabi_init.o)
 .text.__register_global_object
                0x00000000       0x14 C:/NXP/S32DS_ARM_v2018.R1/S32DS/arm_ewl2/lib/armv7e-m\librt.a(__arm_eabi_init.o)
 .text.__cxa_atexit
                0x00000000       0x38 C:/NXP/S32DS_ARM_v2018.R1/S32DS/arm_ewl2/lib/armv7e-m\librt.a(__arm_eabi_init.o)
 .text.__aeabi_atexit
                0x00000000        0xa C:/NXP/S32DS_ARM_v2018.R1/S32DS/arm_ewl2/lib/armv7e-m\librt.a(__arm_eabi_init.o)
 .text.__register_atexit
                0x00000000        0x8 C:/NXP/S32DS_ARM_v2018.R1/S32DS/arm_ewl2/lib/armv7e-m\librt.a(__arm_eabi_init.o)
 .text.__init_registers
                0x00000000       0x20 C:/NXP/S32DS_ARM_v2018.R1/S32DS/arm_ewl2/lib/armv7e-m\librt.a(__arm_eabi_init.o)
 .text.__init_hardware
                0x00000000        0x4 C:/NXP/S32DS_ARM_v2018.R1/S32DS/arm_ewl2/lib/armv7e-m\librt.a(__arm_eabi_init.o)
 .text.__init_user
                0x00000000        0x4 C:/NXP/S32DS_ARM_v2018.R1/S32DS/arm_ewl2/lib/armv7e-m\librt.a(__arm_eabi_init.o)
 .bss.atexit_curr_func
                0x00000000        0x4 C:/NXP/S32DS_ARM_v2018.R1/S32DS/arm_ewl2/lib/armv7e-m\librt.a(__arm_eabi_init.o)
 .bss.atexit_funcs
                0x00000000      0x300 C:/NXP/S32DS_ARM_v2018.R1/S32DS/arm_ewl2/lib/armv7e-m\librt.a(__arm_eabi_init.o)
 .bss.__global_destructor_chain
                0x00000000        0x4 C:/NXP/S32DS_ARM_v2018.R1/S32DS/arm_ewl2/lib/armv7e-m\librt.a(__arm_eabi_init.o)
 .debug_info    0x00000000      0x2b3 C:/NXP/S32DS_ARM_v2018.R1/S32DS/arm_ewl2/lib/armv7e-m\librt.a(__arm_eabi_init.o)
 .debug_abbrev  0x00000000      0x1d3 C:/NXP/S32DS_ARM_v2018.R1/S32DS/arm_ewl2/lib/armv7e-m\librt.a(__arm_eabi_init.o)
 .debug_loc     0x00000000      0x144 C:/NXP/S32DS_ARM_v2018.R1/S32DS/arm_ewl2/lib/armv7e-m\librt.a(__arm_eabi_init.o)
 .debug_aranges
                0x00000000       0x58 C:/NXP/S32DS_ARM_v2018.R1/S32DS/arm_ewl2/lib/armv7e-m\librt.a(__arm_eabi_init.o)
 .debug_line    0x00000000      0x107 C:/NXP/S32DS_ARM_v2018.R1/S32DS/arm_ewl2/lib/armv7e-m\librt.a(__arm_eabi_init.o)
 .debug_str     0x00000000      0x2b5 C:/NXP/S32DS_ARM_v2018.R1/S32DS/arm_ewl2/lib/armv7e-m\librt.a(__arm_eabi_init.o)
 .comment       0x00000000       0x71 C:/NXP/S32DS_ARM_v2018.R1/S32DS/arm_ewl2/lib/armv7e-m\librt.a(__arm_eabi_init.o)
 .debug_frame   0x00000000       0xac C:/NXP/S32DS_ARM_v2018.R1/S32DS/arm_ewl2/lib/armv7e-m\librt.a(__arm_eabi_init.o)
 .ARM.attributes
                0x00000000       0x33 C:/NXP/S32DS_ARM_v2018.R1/S32DS/arm_ewl2/lib/armv7e-m\librt.a(__arm_eabi_init.o)
 .text          0x00000000        0x0 C:/NXP/S32DS_ARM_v2018.R1/S32DS/arm_ewl2/lib/armv7e-m\librt.a(ROMCopy.o)
 .data          0x00000000        0x0 C:/NXP/S32DS_ARM_v2018.R1/S32DS/arm_ewl2/lib/armv7e-m\librt.a(ROMCopy.o)
 .bss           0x00000000        0x0 C:/NXP/S32DS_ARM_v2018.R1/S32DS/arm_ewl2/lib/armv7e-m\librt.a(ROMCopy.o)
 .text.__flush_cache
                0x00000000        0x2 C:/NXP/S32DS_ARM_v2018.R1/S32DS/arm_ewl2/lib/armv7e-m\librt.a(ROMCopy.o)
 .text.__copy_rom_section
                0x00000000       0x42 C:/NXP/S32DS_ARM_v2018.R1/S32DS/arm_ewl2/lib/armv7e-m\librt.a(ROMCopy.o)
 .text.__copy_rom_sections_to_ram
                0x00000000       0x28 C:/NXP/S32DS_ARM_v2018.R1/S32DS/arm_ewl2/lib/armv7e-m\librt.a(ROMCopy.o)
 .debug_info    0x00000000      0x20e C:/NXP/S32DS_ARM_v2018.R1/S32DS/arm_ewl2/lib/armv7e-m\librt.a(ROMCopy.o)
 .debug_abbrev  0x00000000      0x11f C:/NXP/S32DS_ARM_v2018.R1/S32DS/arm_ewl2/lib/armv7e-m\librt.a(ROMCopy.o)
 .debug_loc     0x00000000       0xb3 C:/NXP/S32DS_ARM_v2018.R1/S32DS/arm_ewl2/lib/armv7e-m\librt.a(ROMCopy.o)
 .debug_aranges
                0x00000000       0x30 C:/NXP/S32DS_ARM_v2018.R1/S32DS/arm_ewl2/lib/armv7e-m\librt.a(ROMCopy.o)
 .debug_line    0x00000000       0x9e C:/NXP/S32DS_ARM_v2018.R1/S32DS/arm_ewl2/lib/armv7e-m\librt.a(ROMCopy.o)
 .debug_str     0x00000000      0x233 C:/NXP/S32DS_ARM_v2018.R1/S32DS/arm_ewl2/lib/armv7e-m\librt.a(ROMCopy.o)
 .comment       0x00000000       0x71 C:/NXP/S32DS_ARM_v2018.R1/S32DS/arm_ewl2/lib/armv7e-m\librt.a(ROMCopy.o)
 .debug_frame   0x00000000       0x48 C:/NXP/S32DS_ARM_v2018.R1/S32DS/arm_ewl2/lib/armv7e-m\librt.a(ROMCopy.o)
 .ARM.attributes
                0x00000000       0x33 C:/NXP/S32DS_ARM_v2018.R1/S32DS/arm_ewl2/lib/armv7e-m\librt.a(ROMCopy.o)
 .text          0x00000000        0x0 C:/NXP/S32DS_ARM_v2018.R1/S32DS/arm_ewl2/lib/armv7e-m/__arm_end.o
 .data          0x00000000        0x0 C:/NXP/S32DS_ARM_v2018.R1/S32DS/arm_ewl2/lib/armv7e-m/__arm_end.o
 .bss           0x00000000        0x0 C:/NXP/S32DS_ARM_v2018.R1/S32DS/arm_ewl2/lib/armv7e-m/__arm_end.o
 .text._ExitProcess
                0x00000000        0x2 C:/NXP/S32DS_ARM_v2018.R1/S32DS/arm_ewl2/lib/armv7e-m/__arm_end.o
 .debug_info    0x00000000       0x4e C:/NXP/S32DS_ARM_v2018.R1/S32DS/arm_ewl2/lib/armv7e-m/__arm_end.o
 .debug_abbrev  0x00000000       0x4a C:/NXP/S32DS_ARM_v2018.R1/S32DS/arm_ewl2/lib/armv7e-m/__arm_end.o
 .debug_aranges
                0x00000000       0x20 C:/NXP/S32DS_ARM_v2018.R1/S32DS/arm_ewl2/lib/armv7e-m/__arm_end.o
 .debug_line    0x00000000       0x45 C:/NXP/S32DS_ARM_v2018.R1/S32DS/arm_ewl2/lib/armv7e-m/__arm_end.o
 .debug_str     0x00000000      0x1a7 C:/NXP/S32DS_ARM_v2018.R1/S32DS/arm_ewl2/lib/armv7e-m/__arm_end.o
 .comment       0x00000000       0x71 C:/NXP/S32DS_ARM_v2018.R1/S32DS/arm_ewl2/lib/armv7e-m/__arm_end.o
 .debug_frame   0x00000000       0x20 C:/NXP/S32DS_ARM_v2018.R1/S32DS/arm_ewl2/lib/armv7e-m/__arm_end.o
 .ARM.attributes
                0x00000000       0x33 C:/NXP/S32DS_ARM_v2018.R1/S32DS/arm_ewl2/lib/armv7e-m/__arm_end.o

Memory Configuration

Name             Origin             Length             Attributes
m_interrupts     0x00000000         0x00000400         xr
m_flash_config   0x00000400         0x00000010         xr
m_text           0x00000410         0x0007fbf0         xr
m_data           0x1fff8000         0x00008000         rw
m_data_2         0x20000000         0x00007000         rw
*default*        0x00000000         0xffffffff

Linker script and memory map

LOAD C:/NXP/S32DS_ARM_v2018.R1/S32DS/arm_ewl2/lib/armv7e-m/__arm_start.o
LOAD ./src/hello.o
LOAD ./include/clocks_and_modes.o
LOAD ./Project_Settings/Startup_Code/system_S32K144.o
LOAD ./Project_Settings/Startup_Code/startup_S32K144.o
LOAD ./Project_Settings/Startup_Code/startup.o
START GROUP
LOAD C:/NXP/S32DS_ARM_v2018.R1/S32DS/arm_ewl2/lib/armv7e-m\libc99.a
LOAD C:/NXP/S32DS_ARM_v2018.R1/S32DS/arm_ewl2/lib/armv7e-m\libm.a
LOAD c:/nxp/s32ds_arm_v2018.r1/cross_tools/gcc-arm-none-eabi-4_9/bin/../lib/gcc/arm-none-eabi/4.9.3/armv7e-m\libgcc.a
LOAD C:/NXP/S32DS_ARM_v2018.R1/S32DS/arm_ewl2/lib/armv7e-m\librt.a
LOAD C:/NXP/S32DS_ARM_v2018.R1/S32DS/arm_ewl2/lib/armv7e-m\libnoio.a
END GROUP
LOAD C:/NXP/S32DS_ARM_v2018.R1/S32DS/arm_ewl2/lib/armv7e-m/__arm_end.o
                0x00000400                HEAP_SIZE = DEFINED (__heap_size__)?__heap_size__:0x400
                0x00000400                STACK_SIZE = DEFINED (__stack_size__)?__stack_size__:0x400
                0x00000400                M_VECTOR_RAM_SIZE = DEFINED (__flash_vector_table__)?0x0:0x400

.interrupts     0x00000000      0x400
                0x00000000                __VECTOR_TABLE = .
                0x00000000                __interrupts_start__ = .
                0x00000000                . = ALIGN (0x4)
 *(.isr_vector)
 .isr_vector    0x00000000      0x400 ./Project_Settings/Startup_Code/startup_S32K144.o
                0x00000000                __isr_vector
                0x00000400                __interrupts_end__ = .
                0x00000400                . = ALIGN (0x4)

.flash_config   0x00000400       0x10
                0x00000400                . = ALIGN (0x4)
 *(.FlashConfig)
 .FlashConfig   0x00000400       0x10 ./Project_Settings/Startup_Code/startup_S32K144.o
                0x00000410                . = ALIGN (0x4)

.text           0x00000410      0xd48
                0x00000410                . = ALIGN (0x4)
 *(.text)
 .text          0x00000410       0x44 ./Project_Settings/Startup_Code/startup_S32K144.o
                0x00000410                Reset_Handler
                0x00000450                DebugMon_Handler
                0x00000450                Reserved88_IRQHandler
                0x00000450                CAN0_ORed_IRQHandler
                0x00000450                HardFault_Handler
                0x00000450                Reserved86_IRQHandler
                0x00000450                Reserved103_IRQHandler
                0x00000450                SysTick_Handler
                0x00000450                FTM2_Ovf_Reload_IRQHandler
                0x00000450                Reserved50_IRQHandler
                0x00000450                FTFC_Fault_IRQHandler
                0x00000450                FTM0_Ch6_Ch7_IRQHandler
                0x00000450                Reserved114_IRQHandler
                0x00000450                PendSV_Handler
                0x00000450                NMI_Handler
                0x00000450                Reserved89_IRQHandler
                0x00000450                ERM_double_fault_IRQHandler
                0x00000450                DMA2_IRQHandler
                0x00000450                Reserved59_IRQHandler
                0x00000450                Reserved99_IRQHandler
                0x00000450                FTM3_Ch6_Ch7_IRQHandler
                0x00000450                CAN2_ORed_0_15_MB_IRQHandler
                0x00000450                LPIT0_Ch3_IRQHandler
                0x00000450                Reserved92_IRQHandler
                0x00000450                FTM0_Ch4_Ch5_IRQHandler
                0x00000450                CAN1_Error_IRQHandler
                0x00000450                FTM3_Ch0_Ch1_IRQHandler
                0x00000450                SWI_IRQHandler
                0x00000450                ADC0_IRQHandler
                0x00000450                FTM2_Ch4_Ch5_IRQHandler
                0x00000450                UsageFault_Handler
                0x00000450                FTM0_Ovf_Reload_IRQHandler
                0x00000450                DefaultISR
                0x00000450                DMA9_IRQHandler
                0x00000450                Reserved58_IRQHandler
                0x00000450                CAN1_ORed_0_15_MB_IRQHandler
                0x00000450                FTM1_Ch2_Ch3_IRQHandler
                0x00000450                DMA14_IRQHandler
                0x00000450                Reserved82_IRQHandler
                0x00000450                CAN0_ORed_16_31_MB_IRQHandler
                0x00000450                LPI2C0_Slave_IRQHandler
                0x00000450                Reserved71_IRQHandler
                0x00000450                PORTD_IRQHandler
                0x00000450                Reserved69_IRQHandler
                0x00000450                PORTB_IRQHandler
                0x00000450                Reserved70_IRQHandler
                0x00000450                ADC1_IRQHandler
                0x00000450                FTM2_Ch2_Ch3_IRQHandler
                0x00000450                Reserved53_IRQHandler
                0x00000450                DMA5_IRQHandler
                0x00000450                RTC_IRQHandler
                0x00000450                PDB0_IRQHandler
                0x00000450                Reserved54_IRQHandler
                0x00000450                FTM2_Ch6_Ch7_IRQHandler
                0x00000450                FTM3_Ch2_Ch3_IRQHandler
                0x00000450                FTM2_Ch0_Ch1_IRQHandler
                0x00000450                LPSPI1_IRQHandler
                0x00000450                LPUART1_RxTx_IRQHandler
                0x00000450                RTC_Seconds_IRQHandler
                0x00000450                CAN2_ORed_IRQHandler
                0x00000450                Reserved72_IRQHandler
                0x00000450                Reserved110_IRQHandler
                0x00000450                DMA11_IRQHandler
                0x00000450                Reserved107_IRQHandler
                0x00000450                Read_Collision_IRQHandler
                0x00000450                CAN2_Error_IRQHandler
                0x00000450                FTFC_IRQHandler
                0x00000450                DMA7_IRQHandler
                0x00000450                FTM1_Ch6_Ch7_IRQHandler
                0x00000450                Reserved105_IRQHandler
                0x00000450                LPIT0_Ch1_IRQHandler
                0x00000450                FTM1_Ch4_Ch5_IRQHandler
                0x00000450                FTM3_Ovf_Reload_IRQHandler
                0x00000450                LPUART2_RxTx_IRQHandler
                0x00000450                LPSPI0_IRQHandler
                0x00000450                WDOG_EWM_IRQHandler
                0x00000450                MemManage_Handler
                0x00000450                Reserved90_IRQHandler
                0x00000450                Reserved83_IRQHandler
                0x00000450                FTM0_Fault_IRQHandler
                0x00000450                Reserved48_IRQHandler
                0x00000450                SVC_Handler
                0x00000450                ERM_single_fault_IRQHandler
                0x00000450                FTM2_Fault_IRQHandler
                0x00000450                FTM0_Ch2_Ch3_IRQHandler
                0x00000450                DMA13_IRQHandler
                0x00000450                FTM0_Ch0_Ch1_IRQHandler
                0x00000450                FTM3_Fault_IRQHandler
                0x00000450                RCM_IRQHandler
                0x00000450                DMA3_IRQHandler
                0x00000450                Reserved100_IRQHandler
                0x00000450                DMA0_IRQHandler
                0x00000450                Reserved91_IRQHandler
                0x00000450                CAN1_ORed_IRQHandler
                0x00000450                DMA15_IRQHandler
                0x00000450                SCG_IRQHandler
                0x00000450                PDB1_IRQHandler
                0x00000450                Reserved81_IRQHandler
                0x00000450                Reserved46_IRQHandler
                0x00000450                Reserved45_IRQHandler
                0x00000450                CAN0_Error_IRQHandler
                0x00000450                Reserved112_IRQHandler
                0x00000450                LPI2C0_Master_IRQHandler
                0x00000450                DMA4_IRQHandler
                0x00000450                FTM1_Fault_IRQHandler
                0x00000450                Reserved106_IRQHandler
                0x00000450                DMA_Error_IRQHandler
                0x00000450                LVD_LVW_IRQHandler
                0x00000450                LPIT0_Ch2_IRQHandler
                0x00000450                PORTA_IRQHandler
                0x00000450                MCM_IRQHandler
                0x00000450                LPSPI2_IRQHandler
                0x00000450                DMA12_IRQHandler
                0x00000450                FTM3_Ch4_Ch5_IRQHandler
                0x00000450                CAN0_ORed_0_15_MB_IRQHandler
                0x00000450                PORTE_IRQHandler
                0x00000450                LPUART0_RxTx_IRQHandler
                0x00000450                LPTMR0_IRQHandler
                0x00000450                BusFault_Handler
                0x00000450                Reserved87_IRQHandler
                0x00000450                FTM1_Ovf_Reload_IRQHandler
                0x00000450                DMA8_IRQHandler
                0x00000450                Reserved93_IRQHandler
                0x00000450                DMA10_IRQHandler
                0x00000450                CAN0_Wake_Up_IRQHandler
                0x00000450                CMP0_IRQHandler
                0x00000450                Reserved52_IRQHandler
                0x00000450                PORTC_IRQHandler
                0x00000450                DMA6_IRQHandler
                0x00000450                FTM1_Ch0_Ch1_IRQHandler
                0x00000450                FLEXIO_IRQHandler
                0x00000450                DMA1_IRQHandler
                0x00000450                Reserved113_IRQHandler
 .text          0x00000454      0x370 c:/nxp/s32ds_arm_v2018.r1/cross_tools/gcc-arm-none-eabi-4_9/bin/../lib/gcc/arm-none-eabi/4.9.3/armv7e-m\libgcc.a(_arm_addsubdf3.o)
                0x00000454                __aeabi_drsub
                0x0000045c                __aeabi_dsub
                0x0000045c                __subdf3
                0x00000460                __aeabi_dadd
                0x00000460                __adddf3
                0x000006d8                __floatunsidf
                0x000006d8                __aeabi_ui2d
                0x000006f8                __floatsidf
                0x000006f8                __aeabi_i2d
                0x0000071c                __aeabi_f2d
                0x0000071c                __extendsfdf2
                0x00000758                __floatundidf
                0x00000758                __aeabi_ul2d
                0x00000768                __floatdidf
                0x00000768                __aeabi_l2d
 .text          0x000007c4      0x424 c:/nxp/s32ds_arm_v2018.r1/cross_tools/gcc-arm-none-eabi-4_9/bin/../lib/gcc/arm-none-eabi/4.9.3/armv7e-m\libgcc.a(_arm_muldivdf3.o)
                0x000007c4                __aeabi_dmul
                0x000007c4                __muldf3
                0x00000a18                __divdf3
                0x00000a18                __aeabi_ddiv
 .text          0x00000be8       0x40 c:/nxp/s32ds_arm_v2018.r1/cross_tools/gcc-arm-none-eabi-4_9/bin/../lib/gcc/arm-none-eabi/4.9.3/armv7e-m\libgcc.a(_arm_fixunsdfsi.o)
                0x00000be8                __aeabi_d2uiz
                0x00000be8                __fixunsdfsi
 *(.text*)
 .text.get_clocks_in_milliseconds
                0x00000c28       0x20 ./src/hello.o
                0x00000c28                get_clocks_in_milliseconds
 .text.get_clocks_in_microseconds
                0x00000c48       0x20 ./src/hello.o
                0x00000c48                get_clocks_in_microseconds
 .text.PORT_init
                0x00000c68       0x9c ./src/hello.o
                0x00000c68                PORT_init
 .text.LPIT0_init
                0x00000d04       0x48 ./src/hello.o
                0x00000d04                LPIT0_init
 .text.WDOG_disable
                0x00000d4c       0x2c ./src/hello.o
                0x00000d4c                WDOG_disable
 .text.NVIC_init_IRQs
                0x00000d78       0x2c ./src/hello.o
                0x00000d78                NVIC_init_IRQs
 *fill*         0x00000da4        0x4 
 .text.main     0x00000da8      0x130 ./src/hello.o
                0x00000da8                main
 .text.LPIT0_Ch0_IRQHandler
                0x00000ed8       0x8c ./src/hello.o
                0x00000ed8                LPIT0_Ch0_IRQHandler
 .text.SOSC_init_8MHz
                0x00000f64       0x4c ./include/clocks_and_modes.o
                0x00000f64                SOSC_init_8MHz
 .text.SPLL_init_160MHz
                0x00000fb0       0x64 ./include/clocks_and_modes.o
                0x00000fb0                SPLL_init_160MHz
 .text.NormalRUNmode_80MHz
                0x00001014       0x20 ./include/clocks_and_modes.o
                0x00001014                NormalRUNmode_80MHz
 .text.SystemInit
                0x00001034       0x30 ./Project_Settings/Startup_Code/system_S32K144.o
                0x00001034                SystemInit
 .text.init_data_bss
                0x00001064       0xf4 ./Project_Settings/Startup_Code/startup.o
                0x00001064                init_data_bss
 *(.rodata)
 *(.rodata*)
 *(.init)
 *(.fini)
 *(.eh_frame)
                0x00001158                . = ALIGN (0x4)

.glue_7         0x00001158        0x0
 .glue_7        0x00000000        0x0 linker stubs

.glue_7t        0x00001158        0x0
 .glue_7t       0x00000000        0x0 linker stubs

.vfp11_veneer   0x00001158        0x0
 .vfp11_veneer  0x00000000        0x0 linker stubs

.v4_bx          0x00001158        0x0
 .v4_bx         0x00000000        0x0 linker stubs

.iplt           0x00001158        0x0
 .iplt          0x00000000        0x0 C:/NXP/S32DS_ARM_v2018.R1/S32DS/arm_ewl2/lib/armv7e-m/__arm_start.o

.rel.dyn        0x00001158        0x0
 .rel.iplt      0x00000000        0x0 C:/NXP/S32DS_ARM_v2018.R1/S32DS/arm_ewl2/lib/armv7e-m/__arm_start.o

.ARM            0x00001158        0x0
                0x00001158                __exidx_start = .
 *(.ARM.exidx*)
                0x00001158                __exidx_end = .
                0x00001158                __etext = .
                0x00001158                __DATA_ROM = .

.interrupts_ram
                0x1fff8000      0x400
                0x1fff8000                . = ALIGN (0x4)
                0x1fff8000                __VECTOR_RAM__ = .
                0x1fff8000                __RAM_START = .
                0x1fff8000                __interrupts_ram_start__ = .
 *(.m_interrupts_ram)
                0x1fff8400                . = (. + M_VECTOR_RAM_SIZE)
 *fill*         0x1fff8000      0x400 
                0x1fff8400                . = ALIGN (0x4)
                0x1fff8400                __interrupts_ram_end__ = .
                0x1fff8000                __VECTOR_RAM = DEFINED (__flash_vector_table__)?ORIGIN (m_interrupts):__VECTOR_RAM__
                0x00000400                __RAM_VECTOR_TABLE_SIZE = DEFINED (__flash_vector_table__)?0x0:(__interrupts_ram_end__ - __interrupts_ram_start__)

.data           0x1fff8400        0x0 load address 0x00001158
                0x1fff8400                . = ALIGN (0x4)
                0x1fff8400                __DATA_RAM = .
                0x1fff8400                __data_start__ = .
 *(.data)
 *(.data*)
                0x1fff8400                . = ALIGN (0x4)
                0x1fff8400                __data_end__ = .
                0x00001158                __DATA_END = (__DATA_ROM + (__data_end__ - __data_start__))
                0x00001158                __CODE_ROM = __DATA_END

.igot.plt       0x1fff8400        0x0
 .igot.plt      0x00000000        0x0 C:/NXP/S32DS_ARM_v2018.R1/S32DS/arm_ewl2/lib/armv7e-m/__arm_start.o

.code           0x1fff8400        0x0 load address 0x00001158
                0x1fff8400                . = ALIGN (0x4)
                0x1fff8400                __CODE_RAM = .
                0x1fff8400                __code_start__ = .
                0x1fff8400                __code_ram_start__ = .
 *(.code_ram)
                0x1fff8400                . = ALIGN (0x4)
                0x1fff8400                __code_end__ = .
                0x1fff8400                __code_ram_end__ = .
                0x00001158                __CODE_END = (__CODE_ROM + (__code_end__ - __code_start__))
                0x00001158                __CUSTOM_ROM = __CODE_END

.customSectionBlock
                0x20000000        0x0 load address 0x00001158
                0x20000000                __customSection_start__ = .
 *(.customSection)
                0x20000000                __customSection_end__ = .
                0x00001158                __CUSTOM_END = (__CUSTOM_ROM + (__customSection_end__ - __customSection_start__))

.bss            0x20000000       0x14
                0x20000000                . = ALIGN (0x4)
                0x20000000                __BSS_START = .
                0x20000000                __bss_start__ = .
 *(.bss)
 *(.bss*)
 *(COMMON)
 COMMON         0x20000000       0x14 ./src/hello.o
                0x20000000                parity
                0x20000004                distance
                0x20000008                end_time
                0x2000000c                start_time
                0x20000010                time
                0x20000014                . = ALIGN (0x4)
                0x20000014                __bss_end__ = .
                0x20000014                __BSS_END = .

.heap           0x20000014      0x404
                0x20000018                . = ALIGN (0x8)
 *fill*         0x20000014        0x4 
                0x20000018                __end__ = .
                0x20000018                __heap_start__ = .
                0x20000018                PROVIDE (end, .)
                0x20000018                PROVIDE (_end, .)
                0x20000018                PROVIDE (__end, .)
                0x20000018                __HeapBase = .
                0x20000418                . = (. + HEAP_SIZE)
 *fill*         0x20000018      0x400 
                0x20000418                __HeapLimit = .
                0x20000418                __heap_limit = .
                0x20000418                __heap_end__ = .
                0x20007000                __StackTop = (ORIGIN (m_data_2) + 0x7000)
                0x20006c00                __StackLimit = (__StackTop - STACK_SIZE)
                0x20007000                PROVIDE (__stack, __StackTop)
                0x20007000                __RAM_END = __StackTop

.stack          0x20006c00      0x400
                0x20006c00                . = ALIGN (0x8)
                0x20006c00                __stack_start__ = .
                0x20007000                . = (. + STACK_SIZE)
 *fill*         0x20006c00      0x400 
                0x20007000                __stack_end__ = .

.ARM.attributes
                0x00000000       0x31
 *(.ARM.attributes)
 .ARM.attributes
                0x00000000       0x33 ./src/hello.o
 .ARM.attributes
                0x00000033       0x33 ./include/clocks_and_modes.o
 .ARM.attributes
                0x00000066       0x33 ./Project_Settings/Startup_Code/system_S32K144.o
 .ARM.attributes
                0x00000099       0x1b ./Project_Settings/Startup_Code/startup_S32K144.o
 .ARM.attributes
                0x000000b4       0x33 ./Project_Settings/Startup_Code/startup.o
 .ARM.attributes
                0x000000e7       0x1e c:/nxp/s32ds_arm_v2018.r1/cross_tools/gcc-arm-none-eabi-4_9/bin/../lib/gcc/arm-none-eabi/4.9.3/armv7e-m\libgcc.a(_arm_addsubdf3.o)
 .ARM.attributes
                0x00000105       0x1e c:/nxp/s32ds_arm_v2018.r1/cross_tools/gcc-arm-none-eabi-4_9/bin/../lib/gcc/arm-none-eabi/4.9.3/armv7e-m\libgcc.a(_arm_muldivdf3.o)
 .ARM.attributes
                0x00000123       0x1e c:/nxp/s32ds_arm_v2018.r1/cross_tools/gcc-arm-none-eabi-4_9/bin/../lib/gcc/arm-none-eabi/4.9.3/armv7e-m\libgcc.a(_arm_fixunsdfsi.o)
                0x00000001                ASSERT ((__StackLimit >= __HeapLimit), region m_data_2 overflowed with stack and heap)
OUTPUT(button.elf elf32-littlearm)

.debug_info     0x00000000     0x11b1
 .debug_info    0x00000000      0x5be ./src/hello.o
 .debug_info    0x000005be      0x269 ./include/clocks_and_modes.o
 .debug_info    0x00000827      0x500 ./Project_Settings/Startup_Code/system_S32K144.o
 .debug_info    0x00000d27       0x9f ./Project_Settings/Startup_Code/startup_S32K144.o
 .debug_info    0x00000dc6      0x3eb ./Project_Settings/Startup_Code/startup.o

.debug_abbrev   0x00000000      0x453
 .debug_abbrev  0x00000000      0x164 ./src/hello.o
 .debug_abbrev  0x00000164       0xc2 ./include/clocks_and_modes.o
 .debug_abbrev  0x00000226      0x118 ./Project_Settings/Startup_Code/system_S32K144.o
 .debug_abbrev  0x0000033e       0x14 ./Project_Settings/Startup_Code/startup_S32K144.o
 .debug_abbrev  0x00000352      0x101 ./Project_Settings/Startup_Code/startup.o

.debug_aranges  0x00000000      0x100
 .debug_aranges
                0x00000000       0x60 ./src/hello.o
 .debug_aranges
                0x00000060       0x30 ./include/clocks_and_modes.o
 .debug_aranges
                0x00000090       0x30 ./Project_Settings/Startup_Code/system_S32K144.o
 .debug_aranges
                0x000000c0       0x20 ./Project_Settings/Startup_Code/startup_S32K144.o
 .debug_aranges
                0x000000e0       0x20 ./Project_Settings/Startup_Code/startup.o

.debug_ranges   0x00000000       0xa0
 .debug_ranges  0x00000000       0x50 ./src/hello.o
 .debug_ranges  0x00000050       0x20 ./include/clocks_and_modes.o
 .debug_ranges  0x00000070       0x20 ./Project_Settings/Startup_Code/system_S32K144.o
 .debug_ranges  0x00000090       0x10 ./Project_Settings/Startup_Code/startup.o

.debug_macro    0x00000000    0x1f985
 .debug_macro   0x00000000       0xd4 ./src/hello.o
 .debug_macro   0x000000d4      0x868 ./src/hello.o
 .debug_macro   0x0000093c       0x52 ./src/hello.o
 .debug_macro   0x0000098e       0xa0 ./src/hello.o
 .debug_macro   0x00000a2e       0x16 ./src/hello.o
 .debug_macro   0x00000a44       0x19 ./src/hello.o
 .debug_macro   0x00000a5d       0x64 ./src/hello.o
 .debug_macro   0x00000ac1      0x185 ./src/hello.o
 .debug_macro   0x00000c46      0x140 ./src/hello.o
 .debug_macro   0x00000d86       0x9d ./src/hello.o
 .debug_macro   0x00000e23       0x10 ./src/hello.o
 .debug_macro   0x00000e33      0x15b ./src/hello.o
 .debug_macro   0x00000f8e       0x28 ./src/hello.o
 .debug_macro   0x00000fb6       0x58 ./src/hello.o
 .debug_macro   0x0000100e     0xed1d ./src/hello.o
 .debug_macro   0x0000fd2b       0xb0 ./include/clocks_and_modes.o
 .debug_macro   0x0000fddb       0xe9 ./Project_Settings/Startup_Code/system_S32K144.o
 .debug_macro   0x0000fec4       0x10 ./Project_Settings/Startup_Code/system_S32K144.o
 .debug_macro   0x0000fed4       0x73 ./Project_Settings/Startup_Code/system_S32K144.o
 .debug_macro   0x0000ff47      0xb9b ./Project_Settings/Startup_Code/system_S32K144.o
 .debug_macro   0x00010ae2       0x22 ./Project_Settings/Startup_Code/system_S32K144.o
 .debug_macro   0x00010b04       0x22 ./Project_Settings/Startup_Code/system_S32K144.o
 .debug_macro   0x00010b26       0xed ./Project_Settings/Startup_Code/startup.o
 .debug_macro   0x00010c13     0xed32 ./Project_Settings/Startup_Code/startup.o
 .debug_macro   0x0001f945       0x40 ./Project_Settings/Startup_Code/startup.o

.debug_line     0x00000000      0xa4f
 .debug_line    0x00000000      0x2cb ./src/hello.o
 .debug_line    0x000002cb      0x1f2 ./include/clocks_and_modes.o
 .debug_line    0x000004bd      0x29a ./Project_Settings/Startup_Code/system_S32K144.o
 .debug_line    0x00000757       0x85 ./Project_Settings/Startup_Code/startup_S32K144.o
 .debug_line    0x000007dc      0x273 ./Project_Settings/Startup_Code/startup.o

.debug_str      0x00000000    0x69805
 .debug_str     0x00000000    0x638f6 ./src/hello.o
                              0x639a5 (size before relaxing)
 .debug_str     0x000638f6       0xd5 ./include/clocks_and_modes.o
                              0x63870 (size before relaxing)
 .debug_str     0x000639cb     0x5b1a ./Project_Settings/Startup_Code/system_S32K144.o
                              0x6933e (size before relaxing)
 .debug_str     0x000694e5      0x320 ./Project_Settings/Startup_Code/startup.o
                              0x69475 (size before relaxing)

.comment        0x00000000       0x70
 .comment       0x00000000       0x70 ./src/hello.o
                                 0x71 (size before relaxing)
 .comment       0x00000000       0x71 ./include/clocks_and_modes.o
 .comment       0x00000000       0x71 ./Project_Settings/Startup_Code/system_S32K144.o
 .comment       0x00000000       0x71 ./Project_Settings/Startup_Code/startup.o

.debug_frame    0x00000000      0x268
 .debug_frame   0x00000000      0x140 ./src/hello.o
 .debug_frame   0x00000140       0x70 ./include/clocks_and_modes.o
 .debug_frame   0x000001b0       0x80 ./Project_Settings/Startup_Code/system_S32K144.o
 .debug_frame   0x00000230       0x38 ./Project_Settings/Startup_Code/startup.o
