Archive member included because of file (symbol)

C:/NXP/S32DS_ARM_v2018.R1/S32DS/arm_ewl2/lib/armv7e-m\libc99.a(exit.o)
                              C:/NXP/S32DS_ARM_v2018.R1/S32DS/arm_ewl2/lib/armv7e-m/__arm_start.o (exit)
C:/NXP/S32DS_ARM_v2018.R1/S32DS/arm_ewl2/lib/armv7e-m\libc99.a(memset.o)
                              C:/NXP/S32DS_ARM_v2018.R1/S32DS/arm_ewl2/lib/armv7e-m/__arm_start.o (memset)
C:/NXP/S32DS_ARM_v2018.R1/S32DS/arm_ewl2/lib/armv7e-m\libc99.a(__filll_mem.o)
                              C:/NXP/S32DS_ARM_v2018.R1/S32DS/arm_ewl2/lib/armv7e-m\libc99.a(memset.o) (__fill_mem)
C:/NXP/S32DS_ARM_v2018.R1/S32DS/arm_ewl2/lib/armv7e-m\librt.a(gcc_ctor_dtor.o)
                              C:/NXP/S32DS_ARM_v2018.R1/S32DS/arm_ewl2/lib/armv7e-m/__arm_start.o (__init_cpp)
C:/NXP/S32DS_ARM_v2018.R1/S32DS/arm_ewl2/lib/armv7e-m\librt.a(__arm_eabi_init.o)
                              C:/NXP/S32DS_ARM_v2018.R1/S32DS/arm_ewl2/lib/armv7e-m\libc99.a(exit.o) (__destroy_global_chain)
C:/NXP/S32DS_ARM_v2018.R1/S32DS/arm_ewl2/lib/armv7e-m\librt.a(ROMCopy.o)
                              C:/NXP/S32DS_ARM_v2018.R1/S32DS/arm_ewl2/lib/armv7e-m/__arm_start.o (__copy_rom_sections_to_ram)

Allocating common symbols
Common symbol       size              file

RxDATA              0x8               ./src/FlexCAN.o
RxID                0x4               ./src/FlexCAN.o
RxLENGTH            0x4               ./src/FlexCAN.o
RxCODE              0x4               ./src/FlexCAN.o
RxTIMESTAMP         0x4               ./src/FlexCAN.o

Discarded input sections

 .text          0x00000000        0x0 C:/NXP/S32DS_ARM_v2018.R1/S32DS/arm_ewl2/lib/armv7e-m/__arm_start.o
 .data          0x00000000        0x0 C:/NXP/S32DS_ARM_v2018.R1/S32DS/arm_ewl2/lib/armv7e-m/__arm_start.o
 .bss           0x00000000        0x0 C:/NXP/S32DS_ARM_v2018.R1/S32DS/arm_ewl2/lib/armv7e-m/__arm_start.o
 .text.__thumb_startup
                0x00000000       0x3c C:/NXP/S32DS_ARM_v2018.R1/S32DS/arm_ewl2/lib/armv7e-m/__arm_start.o
 .text.__iar_program_start
                0x00000000        0x4 C:/NXP/S32DS_ARM_v2018.R1/S32DS/arm_ewl2/lib/armv7e-m/__arm_start.o
 .bss.argv      0x00000000        0x4 C:/NXP/S32DS_ARM_v2018.R1/S32DS/arm_ewl2/lib/armv7e-m/__arm_start.o
 .debug_info    0x00000000      0x144 C:/NXP/S32DS_ARM_v2018.R1/S32DS/arm_ewl2/lib/armv7e-m/__arm_start.o
 .debug_abbrev  0x00000000       0xc0 C:/NXP/S32DS_ARM_v2018.R1/S32DS/arm_ewl2/lib/armv7e-m/__arm_start.o
 .debug_aranges
                0x00000000       0x28 C:/NXP/S32DS_ARM_v2018.R1/S32DS/arm_ewl2/lib/armv7e-m/__arm_start.o
 .debug_line    0x00000000       0x68 C:/NXP/S32DS_ARM_v2018.R1/S32DS/arm_ewl2/lib/armv7e-m/__arm_start.o
 .debug_str     0x00000000      0x270 C:/NXP/S32DS_ARM_v2018.R1/S32DS/arm_ewl2/lib/armv7e-m/__arm_start.o
 .comment       0x00000000       0x71 C:/NXP/S32DS_ARM_v2018.R1/S32DS/arm_ewl2/lib/armv7e-m/__arm_start.o
 .debug_frame   0x00000000       0x30 C:/NXP/S32DS_ARM_v2018.R1/S32DS/arm_ewl2/lib/armv7e-m/__arm_start.o
 .ARM.attributes
                0x00000000       0x33 C:/NXP/S32DS_ARM_v2018.R1/S32DS/arm_ewl2/lib/armv7e-m/__arm_start.o
 .group         0x00000000        0x8 ./src/main.o
 .group         0x00000000        0x8 ./src/main.o
 .group         0x00000000        0x8 ./src/main.o
 .group         0x00000000        0x8 ./src/main.o
 .group         0x00000000        0x8 ./src/main.o
 .group         0x00000000        0x8 ./src/main.o
 .group         0x00000000        0x8 ./src/main.o
 .group         0x00000000        0x8 ./src/main.o
 .group         0x00000000        0x8 ./src/main.o
 .group         0x00000000        0x8 ./src/main.o
 .group         0x00000000        0x8 ./src/main.o
 .group         0x00000000        0x8 ./src/main.o
 .group         0x00000000        0x8 ./src/main.o
 .group         0x00000000        0x8 ./src/main.o
 .text          0x00000000        0x0 ./src/main.o
 .data          0x00000000        0x0 ./src/main.o
 .bss           0x00000000        0x0 ./src/main.o
 .bss.adcResultInMv_pot
                0x00000000        0x4 ./src/main.o
 .bss.adcResultInMv_Vrefsh
                0x00000000        0x4 ./src/main.o
 .bss.parity    0x00000000        0x2 ./src/main.o
 .text.get_clocks_in_milliseconds
                0x00000000       0x20 ./src/main.o
 .text.get_clocks_in_microseconds
                0x00000000       0x20 ./src/main.o
 .text.map_int  0x00000000       0x38 ./src/main.o
 .text.LPIT0_init
                0x00000000       0x48 ./src/main.o
 .group         0x00000000        0x8 ./src/clocks_and_modes.o
 .group         0x00000000        0x8 ./src/clocks_and_modes.o
 .group         0x00000000        0x8 ./src/clocks_and_modes.o
 .group         0x00000000        0x8 ./src/clocks_and_modes.o
 .group         0x00000000        0x8 ./src/clocks_and_modes.o
 .group         0x00000000        0x8 ./src/clocks_and_modes.o
 .group         0x00000000        0x8 ./src/clocks_and_modes.o
 .group         0x00000000        0x8 ./src/clocks_and_modes.o
 .group         0x00000000        0x8 ./src/clocks_and_modes.o
 .group         0x00000000        0x8 ./src/clocks_and_modes.o
 .group         0x00000000        0x8 ./src/clocks_and_modes.o
 .group         0x00000000        0x8 ./src/clocks_and_modes.o
 .group         0x00000000        0x8 ./src/clocks_and_modes.o
 .group         0x00000000        0x8 ./src/clocks_and_modes.o
 .text          0x00000000        0x0 ./src/clocks_and_modes.o
 .data          0x00000000        0x0 ./src/clocks_and_modes.o
 .bss           0x00000000        0x0 ./src/clocks_and_modes.o
 .debug_macro   0x00000000      0x868 ./src/clocks_and_modes.o
 .debug_macro   0x00000000       0x52 ./src/clocks_and_modes.o
 .debug_macro   0x00000000       0xa0 ./src/clocks_and_modes.o
 .debug_macro   0x00000000       0x16 ./src/clocks_and_modes.o
 .debug_macro   0x00000000       0x19 ./src/clocks_and_modes.o
 .debug_macro   0x00000000       0x64 ./src/clocks_and_modes.o
 .debug_macro   0x00000000      0x185 ./src/clocks_and_modes.o
 .debug_macro   0x00000000      0x140 ./src/clocks_and_modes.o
 .debug_macro   0x00000000       0x9d ./src/clocks_and_modes.o
 .debug_macro   0x00000000       0x10 ./src/clocks_and_modes.o
 .debug_macro   0x00000000      0x15b ./src/clocks_and_modes.o
 .debug_macro   0x00000000       0x28 ./src/clocks_and_modes.o
 .debug_macro   0x00000000       0x58 ./src/clocks_and_modes.o
 .debug_macro   0x00000000     0xdf8d ./src/clocks_and_modes.o
 .group         0x00000000        0x8 ./src/LPSPI.o
 .group         0x00000000        0x8 ./src/LPSPI.o
 .group         0x00000000        0x8 ./src/LPSPI.o
 .group         0x00000000        0x8 ./src/LPSPI.o
 .group         0x00000000        0x8 ./src/LPSPI.o
 .group         0x00000000        0x8 ./src/LPSPI.o
 .group         0x00000000        0x8 ./src/LPSPI.o
 .group         0x00000000        0x8 ./src/LPSPI.o
 .group         0x00000000        0x8 ./src/LPSPI.o
 .group         0x00000000        0x8 ./src/LPSPI.o
 .group         0x00000000        0x8 ./src/LPSPI.o
 .group         0x00000000        0x8 ./src/LPSPI.o
 .group         0x00000000        0x8 ./src/LPSPI.o
 .group         0x00000000        0x8 ./src/LPSPI.o
 .text          0x00000000        0x0 ./src/LPSPI.o
 .data          0x00000000        0x0 ./src/LPSPI.o
 .bss           0x00000000        0x0 ./src/LPSPI.o
 .debug_info    0x00000000       0x6f ./src/LPSPI.o
 .debug_abbrev  0x00000000       0x29 ./src/LPSPI.o
 .debug_aranges
                0x00000000       0x18 ./src/LPSPI.o
 .debug_macro   0x00000000       0xba ./src/LPSPI.o
 .debug_macro   0x00000000      0x868 ./src/LPSPI.o
 .debug_macro   0x00000000       0x52 ./src/LPSPI.o
 .debug_macro   0x00000000       0xa0 ./src/LPSPI.o
 .debug_macro   0x00000000       0x16 ./src/LPSPI.o
 .debug_macro   0x00000000       0x19 ./src/LPSPI.o
 .debug_macro   0x00000000       0x64 ./src/LPSPI.o
 .debug_macro   0x00000000      0x185 ./src/LPSPI.o
 .debug_macro   0x00000000      0x140 ./src/LPSPI.o
 .debug_macro   0x00000000       0x9d ./src/LPSPI.o
 .debug_macro   0x00000000       0x10 ./src/LPSPI.o
 .debug_macro   0x00000000      0x15b ./src/LPSPI.o
 .debug_macro   0x00000000       0x28 ./src/LPSPI.o
 .debug_macro   0x00000000       0x58 ./src/LPSPI.o
 .debug_macro   0x00000000     0xdf8d ./src/LPSPI.o
 .debug_line    0x00000000      0x1d7 ./src/LPSPI.o
 .debug_str     0x00000000    0x5dc65 ./src/LPSPI.o
 .comment       0x00000000       0x71 ./src/LPSPI.o
 .ARM.attributes
                0x00000000       0x33 ./src/LPSPI.o
 .group         0x00000000        0x8 ./src/FlexCAN.o
 .group         0x00000000        0x8 ./src/FlexCAN.o
 .group         0x00000000        0x8 ./src/FlexCAN.o
 .group         0x00000000        0x8 ./src/FlexCAN.o
 .group         0x00000000        0x8 ./src/FlexCAN.o
 .group         0x00000000        0x8 ./src/FlexCAN.o
 .group         0x00000000        0x8 ./src/FlexCAN.o
 .group         0x00000000        0x8 ./src/FlexCAN.o
 .group         0x00000000        0x8 ./src/FlexCAN.o
 .group         0x00000000        0x8 ./src/FlexCAN.o
 .group         0x00000000        0x8 ./src/FlexCAN.o
 .group         0x00000000        0x8 ./src/FlexCAN.o
 .group         0x00000000        0x8 ./src/FlexCAN.o
 .group         0x00000000        0x8 ./src/FlexCAN.o
 .text          0x00000000        0x0 ./src/FlexCAN.o
 .data          0x00000000        0x0 ./src/FlexCAN.o
 .bss           0x00000000        0x0 ./src/FlexCAN.o
 .text.FLEXCAN0_transmit_msg
                0x00000000       0x40 ./src/FlexCAN.o
 .text.FLEXCAN0_transmit_msg_ushort
                0x00000000       0x48 ./src/FlexCAN.o
 .debug_macro   0x00000000      0x868 ./src/FlexCAN.o
 .debug_macro   0x00000000       0x52 ./src/FlexCAN.o
 .debug_macro   0x00000000       0xa0 ./src/FlexCAN.o
 .debug_macro   0x00000000       0x16 ./src/FlexCAN.o
 .debug_macro   0x00000000       0x19 ./src/FlexCAN.o
 .debug_macro   0x00000000       0x64 ./src/FlexCAN.o
 .debug_macro   0x00000000      0x185 ./src/FlexCAN.o
 .debug_macro   0x00000000      0x140 ./src/FlexCAN.o
 .debug_macro   0x00000000       0x9d ./src/FlexCAN.o
 .debug_macro   0x00000000       0x10 ./src/FlexCAN.o
 .debug_macro   0x00000000      0x15b ./src/FlexCAN.o
 .debug_macro   0x00000000       0x28 ./src/FlexCAN.o
 .debug_macro   0x00000000       0x58 ./src/FlexCAN.o
 .debug_macro   0x00000000     0xdf8d ./src/FlexCAN.o
 .group         0x00000000        0x8 ./src/ADC.o
 .group         0x00000000        0x8 ./src/ADC.o
 .group         0x00000000        0x8 ./src/ADC.o
 .group         0x00000000        0x8 ./src/ADC.o
 .group         0x00000000        0x8 ./src/ADC.o
 .group         0x00000000        0x8 ./src/ADC.o
 .group         0x00000000        0x8 ./src/ADC.o
 .group         0x00000000        0x8 ./src/ADC.o
 .group         0x00000000        0x8 ./src/ADC.o
 .group         0x00000000        0x8 ./src/ADC.o
 .group         0x00000000        0x8 ./src/ADC.o
 .group         0x00000000        0x8 ./src/ADC.o
 .group         0x00000000        0x8 ./src/ADC.o
 .group         0x00000000        0x8 ./src/ADC.o
 .text          0x00000000        0x0 ./src/ADC.o
 .data          0x00000000        0x0 ./src/ADC.o
 .bss           0x00000000        0x0 ./src/ADC.o
 .text.convertAdcChan
                0x00000000       0x30 ./src/ADC.o
 .text.adc_complete
                0x00000000       0x20 ./src/ADC.o
 .text.read_adc_chx
                0x00000000       0x3c ./src/ADC.o
 .debug_macro   0x00000000      0x868 ./src/ADC.o
 .debug_macro   0x00000000       0x52 ./src/ADC.o
 .debug_macro   0x00000000       0xa0 ./src/ADC.o
 .debug_macro   0x00000000       0x16 ./src/ADC.o
 .debug_macro   0x00000000       0x19 ./src/ADC.o
 .debug_macro   0x00000000       0x64 ./src/ADC.o
 .debug_macro   0x00000000      0x185 ./src/ADC.o
 .debug_macro   0x00000000      0x140 ./src/ADC.o
 .debug_macro   0x00000000       0x9d ./src/ADC.o
 .debug_macro   0x00000000       0x10 ./src/ADC.o
 .debug_macro   0x00000000      0x15b ./src/ADC.o
 .debug_macro   0x00000000       0x28 ./src/ADC.o
 .debug_macro   0x00000000       0x58 ./src/ADC.o
 .debug_macro   0x00000000     0xdf8d ./src/ADC.o
 .group         0x00000000        0x8 ./Project_Settings/Startup_Code/system_S32K144.o
 .group         0x00000000        0x8 ./Project_Settings/Startup_Code/system_S32K144.o
 .group         0x00000000        0x8 ./Project_Settings/Startup_Code/system_S32K144.o
 .group         0x00000000        0x8 ./Project_Settings/Startup_Code/system_S32K144.o
 .group         0x00000000        0x8 ./Project_Settings/Startup_Code/system_S32K144.o
 .group         0x00000000        0x8 ./Project_Settings/Startup_Code/system_S32K144.o
 .group         0x00000000        0x8 ./Project_Settings/Startup_Code/system_S32K144.o
 .group         0x00000000        0x8 ./Project_Settings/Startup_Code/system_S32K144.o
 .group         0x00000000        0x8 ./Project_Settings/Startup_Code/system_S32K144.o
 .group         0x00000000        0x8 ./Project_Settings/Startup_Code/system_S32K144.o
 .group         0x00000000        0x8 ./Project_Settings/Startup_Code/system_S32K144.o
 .group         0x00000000        0x8 ./Project_Settings/Startup_Code/system_S32K144.o
 .group         0x00000000        0x8 ./Project_Settings/Startup_Code/system_S32K144.o
 .group         0x00000000        0x8 ./Project_Settings/Startup_Code/system_S32K144.o
 .group         0x00000000        0x8 ./Project_Settings/Startup_Code/system_S32K144.o
 .group         0x00000000        0x8 ./Project_Settings/Startup_Code/system_S32K144.o
 .group         0x00000000        0x8 ./Project_Settings/Startup_Code/system_S32K144.o
 .group         0x00000000        0x8 ./Project_Settings/Startup_Code/system_S32K144.o
 .group         0x00000000        0x8 ./Project_Settings/Startup_Code/system_S32K144.o
 .text          0x00000000        0x0 ./Project_Settings/Startup_Code/system_S32K144.o
 .data          0x00000000        0x0 ./Project_Settings/Startup_Code/system_S32K144.o
 .bss           0x00000000        0x0 ./Project_Settings/Startup_Code/system_S32K144.o
 .data.SystemCoreClock
                0x00000000        0x4 ./Project_Settings/Startup_Code/system_S32K144.o
 .text.SystemCoreClockUpdate
                0x00000000       0xf4 ./Project_Settings/Startup_Code/system_S32K144.o
 .text.SystemSoftwareReset
                0x00000000       0x40 ./Project_Settings/Startup_Code/system_S32K144.o
 .rodata.fircFreq.5043
                0x00000000       0x10 ./Project_Settings/Startup_Code/system_S32K144.o
 .debug_macro   0x00000000      0x868 ./Project_Settings/Startup_Code/system_S32K144.o
 .debug_macro   0x00000000       0x52 ./Project_Settings/Startup_Code/system_S32K144.o
 .debug_macro   0x00000000       0xa0 ./Project_Settings/Startup_Code/system_S32K144.o
 .debug_macro   0x00000000       0x16 ./Project_Settings/Startup_Code/system_S32K144.o
 .debug_macro   0x00000000       0x19 ./Project_Settings/Startup_Code/system_S32K144.o
 .debug_macro   0x00000000       0x64 ./Project_Settings/Startup_Code/system_S32K144.o
 .debug_macro   0x00000000      0x185 ./Project_Settings/Startup_Code/system_S32K144.o
 .debug_macro   0x00000000      0x140 ./Project_Settings/Startup_Code/system_S32K144.o
 .debug_macro   0x00000000       0x9d ./Project_Settings/Startup_Code/system_S32K144.o
 .debug_macro   0x00000000       0x10 ./Project_Settings/Startup_Code/system_S32K144.o
 .debug_macro   0x00000000      0x15b ./Project_Settings/Startup_Code/system_S32K144.o
 .debug_macro   0x00000000       0x28 ./Project_Settings/Startup_Code/system_S32K144.o
 .debug_macro   0x00000000       0x58 ./Project_Settings/Startup_Code/system_S32K144.o
 .debug_macro   0x00000000     0xdf8d ./Project_Settings/Startup_Code/system_S32K144.o
 .data          0x00000000        0x0 ./Project_Settings/Startup_Code/startup_S32K144.o
 .bss           0x00000000        0x0 ./Project_Settings/Startup_Code/startup_S32K144.o
 .group         0x00000000        0x8 ./Project_Settings/Startup_Code/startup.o
 .group         0x00000000        0x8 ./Project_Settings/Startup_Code/startup.o
 .group         0x00000000        0x8 ./Project_Settings/Startup_Code/startup.o
 .group         0x00000000        0x8 ./Project_Settings/Startup_Code/startup.o
 .group         0x00000000        0x8 ./Project_Settings/Startup_Code/startup.o
 .group         0x00000000        0x8 ./Project_Settings/Startup_Code/startup.o
 .group         0x00000000        0x8 ./Project_Settings/Startup_Code/startup.o
 .group         0x00000000        0x8 ./Project_Settings/Startup_Code/startup.o
 .group         0x00000000        0x8 ./Project_Settings/Startup_Code/startup.o
 .group         0x00000000        0x8 ./Project_Settings/Startup_Code/startup.o
 .group         0x00000000        0x8 ./Project_Settings/Startup_Code/startup.o
 .group         0x00000000        0x8 ./Project_Settings/Startup_Code/startup.o
 .group         0x00000000        0x8 ./Project_Settings/Startup_Code/startup.o
 .group         0x00000000        0x8 ./Project_Settings/Startup_Code/startup.o
 .group         0x00000000        0x8 ./Project_Settings/Startup_Code/startup.o
 .group         0x00000000        0x8 ./Project_Settings/Startup_Code/startup.o
 .group         0x00000000        0x8 ./Project_Settings/Startup_Code/startup.o
 .group         0x00000000        0x8 ./Project_Settings/Startup_Code/startup.o
 .text          0x00000000        0x0 ./Project_Settings/Startup_Code/startup.o
 .data          0x00000000        0x0 ./Project_Settings/Startup_Code/startup.o
 .bss           0x00000000        0x0 ./Project_Settings/Startup_Code/startup.o
 .debug_macro   0x00000000      0x868 ./Project_Settings/Startup_Code/startup.o
 .debug_macro   0x00000000       0x52 ./Project_Settings/Startup_Code/startup.o
 .debug_macro   0x00000000       0xa0 ./Project_Settings/Startup_Code/startup.o
 .debug_macro   0x00000000       0x16 ./Project_Settings/Startup_Code/startup.o
 .debug_macro   0x00000000       0x10 ./Project_Settings/Startup_Code/startup.o
 .debug_macro   0x00000000       0x6d ./Project_Settings/Startup_Code/startup.o
 .debug_macro   0x00000000       0x19 ./Project_Settings/Startup_Code/startup.o
 .debug_macro   0x00000000       0x64 ./Project_Settings/Startup_Code/startup.o
 .debug_macro   0x00000000      0x185 ./Project_Settings/Startup_Code/startup.o
 .debug_macro   0x00000000      0x140 ./Project_Settings/Startup_Code/startup.o
 .debug_macro   0x00000000       0x9d ./Project_Settings/Startup_Code/startup.o
 .debug_macro   0x00000000       0x10 ./Project_Settings/Startup_Code/startup.o
 .debug_macro   0x00000000      0x15b ./Project_Settings/Startup_Code/startup.o
 .debug_macro   0x00000000       0x28 ./Project_Settings/Startup_Code/startup.o
 .debug_macro   0x00000000       0x58 ./Project_Settings/Startup_Code/startup.o
 .debug_macro   0x00000000     0xdf8d ./Project_Settings/Startup_Code/startup.o
 .debug_macro   0x00000000      0x978 ./Project_Settings/Startup_Code/startup.o
 .debug_macro   0x00000000       0x22 ./Project_Settings/Startup_Code/startup.o
 .text          0x00000000        0x0 C:/NXP/S32DS_ARM_v2018.R1/S32DS/arm_ewl2/lib/armv7e-m\libc99.a(exit.o)
 .data          0x00000000        0x0 C:/NXP/S32DS_ARM_v2018.R1/S32DS/arm_ewl2/lib/armv7e-m\libc99.a(exit.o)
 .bss           0x00000000        0x0 C:/NXP/S32DS_ARM_v2018.R1/S32DS/arm_ewl2/lib/armv7e-m\libc99.a(exit.o)
 .text.exit     0x00000000       0x38 C:/NXP/S32DS_ARM_v2018.R1/S32DS/arm_ewl2/lib/armv7e-m\libc99.a(exit.o)
 .text._Exit    0x00000000        0x4 C:/NXP/S32DS_ARM_v2018.R1/S32DS/arm_ewl2/lib/armv7e-m\libc99.a(exit.o)
 .bss.__stdio_exit
                0x00000000        0x4 C:/NXP/S32DS_ARM_v2018.R1/S32DS/arm_ewl2/lib/armv7e-m\libc99.a(exit.o)
 .bss.__console_exit
                0x00000000        0x4 C:/NXP/S32DS_ARM_v2018.R1/S32DS/arm_ewl2/lib/armv7e-m\libc99.a(exit.o)
 .debug_info    0x00000000      0x111 C:/NXP/S32DS_ARM_v2018.R1/S32DS/arm_ewl2/lib/armv7e-m\libc99.a(exit.o)
 .debug_abbrev  0x00000000       0x91 C:/NXP/S32DS_ARM_v2018.R1/S32DS/arm_ewl2/lib/armv7e-m\libc99.a(exit.o)
 .debug_loc     0x00000000       0x5d C:/NXP/S32DS_ARM_v2018.R1/S32DS/arm_ewl2/lib/armv7e-m\libc99.a(exit.o)
 .debug_aranges
                0x00000000       0x28 C:/NXP/S32DS_ARM_v2018.R1/S32DS/arm_ewl2/lib/armv7e-m\libc99.a(exit.o)
 .debug_line    0x00000000       0xa4 C:/NXP/S32DS_ARM_v2018.R1/S32DS/arm_ewl2/lib/armv7e-m\libc99.a(exit.o)
 .debug_str     0x00000000      0x23c C:/NXP/S32DS_ARM_v2018.R1/S32DS/arm_ewl2/lib/armv7e-m\libc99.a(exit.o)
 .comment       0x00000000       0x71 C:/NXP/S32DS_ARM_v2018.R1/S32DS/arm_ewl2/lib/armv7e-m\libc99.a(exit.o)
 .debug_frame   0x00000000       0x3c C:/NXP/S32DS_ARM_v2018.R1/S32DS/arm_ewl2/lib/armv7e-m\libc99.a(exit.o)
 .ARM.attributes
                0x00000000       0x33 C:/NXP/S32DS_ARM_v2018.R1/S32DS/arm_ewl2/lib/armv7e-m\libc99.a(exit.o)
 .text          0x00000000        0x0 C:/NXP/S32DS_ARM_v2018.R1/S32DS/arm_ewl2/lib/armv7e-m\libc99.a(memset.o)
 .data          0x00000000        0x0 C:/NXP/S32DS_ARM_v2018.R1/S32DS/arm_ewl2/lib/armv7e-m\libc99.a(memset.o)
 .bss           0x00000000        0x0 C:/NXP/S32DS_ARM_v2018.R1/S32DS/arm_ewl2/lib/armv7e-m\libc99.a(memset.o)
 .text.memset   0x00000000        0xc C:/NXP/S32DS_ARM_v2018.R1/S32DS/arm_ewl2/lib/armv7e-m\libc99.a(memset.o)
 .debug_info    0x00000000       0xec C:/NXP/S32DS_ARM_v2018.R1/S32DS/arm_ewl2/lib/armv7e-m\libc99.a(memset.o)
 .debug_abbrev  0x00000000       0x62 C:/NXP/S32DS_ARM_v2018.R1/S32DS/arm_ewl2/lib/armv7e-m\libc99.a(memset.o)
 .debug_loc     0x00000000       0x64 C:/NXP/S32DS_ARM_v2018.R1/S32DS/arm_ewl2/lib/armv7e-m\libc99.a(memset.o)
 .debug_aranges
                0x00000000       0x20 C:/NXP/S32DS_ARM_v2018.R1/S32DS/arm_ewl2/lib/armv7e-m\libc99.a(memset.o)
 .debug_line    0x00000000       0x8f C:/NXP/S32DS_ARM_v2018.R1/S32DS/arm_ewl2/lib/armv7e-m\libc99.a(memset.o)
 .debug_str     0x00000000      0x21f C:/NXP/S32DS_ARM_v2018.R1/S32DS/arm_ewl2/lib/armv7e-m\libc99.a(memset.o)
 .comment       0x00000000       0x71 C:/NXP/S32DS_ARM_v2018.R1/S32DS/arm_ewl2/lib/armv7e-m\libc99.a(memset.o)
 .debug_frame   0x00000000       0x28 C:/NXP/S32DS_ARM_v2018.R1/S32DS/arm_ewl2/lib/armv7e-m\libc99.a(memset.o)
 .ARM.attributes
                0x00000000       0x33 C:/NXP/S32DS_ARM_v2018.R1/S32DS/arm_ewl2/lib/armv7e-m\libc99.a(memset.o)
 .text          0x00000000        0x0 C:/NXP/S32DS_ARM_v2018.R1/S32DS/arm_ewl2/lib/armv7e-m\libc99.a(__filll_mem.o)
 .data          0x00000000        0x0 C:/NXP/S32DS_ARM_v2018.R1/S32DS/arm_ewl2/lib/armv7e-m\libc99.a(__filll_mem.o)
 .bss           0x00000000        0x0 C:/NXP/S32DS_ARM_v2018.R1/S32DS/arm_ewl2/lib/armv7e-m\libc99.a(__filll_mem.o)
 .text.__fill_mem
                0x00000000       0x7a C:/NXP/S32DS_ARM_v2018.R1/S32DS/arm_ewl2/lib/armv7e-m\libc99.a(__filll_mem.o)
 .debug_info    0x00000000      0x137 C:/NXP/S32DS_ARM_v2018.R1/S32DS/arm_ewl2/lib/armv7e-m\libc99.a(__filll_mem.o)
 .debug_abbrev  0x00000000       0x78 C:/NXP/S32DS_ARM_v2018.R1/S32DS/arm_ewl2/lib/armv7e-m\libc99.a(__filll_mem.o)
 .debug_loc     0x00000000      0x16b C:/NXP/S32DS_ARM_v2018.R1/S32DS/arm_ewl2/lib/armv7e-m\libc99.a(__filll_mem.o)
 .debug_aranges
                0x00000000       0x20 C:/NXP/S32DS_ARM_v2018.R1/S32DS/arm_ewl2/lib/armv7e-m\libc99.a(__filll_mem.o)
 .debug_line    0x00000000       0xb2 C:/NXP/S32DS_ARM_v2018.R1/S32DS/arm_ewl2/lib/armv7e-m\libc99.a(__filll_mem.o)
 .debug_str     0x00000000      0x231 C:/NXP/S32DS_ARM_v2018.R1/S32DS/arm_ewl2/lib/armv7e-m\libc99.a(__filll_mem.o)
 .comment       0x00000000       0x71 C:/NXP/S32DS_ARM_v2018.R1/S32DS/arm_ewl2/lib/armv7e-m\libc99.a(__filll_mem.o)
 .debug_frame   0x00000000       0x28 C:/NXP/S32DS_ARM_v2018.R1/S32DS/arm_ewl2/lib/armv7e-m\libc99.a(__filll_mem.o)
 .ARM.attributes
                0x00000000       0x33 C:/NXP/S32DS_ARM_v2018.R1/S32DS/arm_ewl2/lib/armv7e-m\libc99.a(__filll_mem.o)
 .text          0x00000000        0x0 C:/NXP/S32DS_ARM_v2018.R1/S32DS/arm_ewl2/lib/armv7e-m\librt.a(gcc_ctor_dtor.o)
 .data          0x00000000        0x0 C:/NXP/S32DS_ARM_v2018.R1/S32DS/arm_ewl2/lib/armv7e-m\librt.a(gcc_ctor_dtor.o)
 .bss           0x00000000        0x0 C:/NXP/S32DS_ARM_v2018.R1/S32DS/arm_ewl2/lib/armv7e-m\librt.a(gcc_ctor_dtor.o)
 .text.__init_cpp
                0x00000000       0x4c C:/NXP/S32DS_ARM_v2018.R1/S32DS/arm_ewl2/lib/armv7e-m\librt.a(gcc_ctor_dtor.o)
 .text.__fini_cpp
                0x00000000       0x34 C:/NXP/S32DS_ARM_v2018.R1/S32DS/arm_ewl2/lib/armv7e-m\librt.a(gcc_ctor_dtor.o)
 .text._ExitProcess
                0x00000000        0x2 C:/NXP/S32DS_ARM_v2018.R1/S32DS/arm_ewl2/lib/armv7e-m\librt.a(gcc_ctor_dtor.o)
 .bss.__dso_handle
                0x00000000        0x4 C:/NXP/S32DS_ARM_v2018.R1/S32DS/arm_ewl2/lib/armv7e-m\librt.a(gcc_ctor_dtor.o)
 .debug_info    0x00000000      0x14a C:/NXP/S32DS_ARM_v2018.R1/S32DS/arm_ewl2/lib/armv7e-m\librt.a(gcc_ctor_dtor.o)
 .debug_abbrev  0x00000000       0xae C:/NXP/S32DS_ARM_v2018.R1/S32DS/arm_ewl2/lib/armv7e-m\librt.a(gcc_ctor_dtor.o)
 .debug_loc     0x00000000       0x9d C:/NXP/S32DS_ARM_v2018.R1/S32DS/arm_ewl2/lib/armv7e-m\librt.a(gcc_ctor_dtor.o)
 .debug_aranges
                0x00000000       0x30 C:/NXP/S32DS_ARM_v2018.R1/S32DS/arm_ewl2/lib/armv7e-m\librt.a(gcc_ctor_dtor.o)
 .debug_line    0x00000000       0x74 C:/NXP/S32DS_ARM_v2018.R1/S32DS/arm_ewl2/lib/armv7e-m\librt.a(gcc_ctor_dtor.o)
 .debug_str     0x00000000      0x28e C:/NXP/S32DS_ARM_v2018.R1/S32DS/arm_ewl2/lib/armv7e-m\librt.a(gcc_ctor_dtor.o)
 .comment       0x00000000       0x71 C:/NXP/S32DS_ARM_v2018.R1/S32DS/arm_ewl2/lib/armv7e-m\librt.a(gcc_ctor_dtor.o)
 .debug_frame   0x00000000       0x50 C:/NXP/S32DS_ARM_v2018.R1/S32DS/arm_ewl2/lib/armv7e-m\librt.a(gcc_ctor_dtor.o)
 .ARM.attributes
                0x00000000       0x33 C:/NXP/S32DS_ARM_v2018.R1/S32DS/arm_ewl2/lib/armv7e-m\librt.a(gcc_ctor_dtor.o)
 .text          0x00000000        0x0 C:/NXP/S32DS_ARM_v2018.R1/S32DS/arm_ewl2/lib/armv7e-m\librt.a(__arm_eabi_init.o)
 .data          0x00000000        0x0 C:/NXP/S32DS_ARM_v2018.R1/S32DS/arm_ewl2/lib/armv7e-m\librt.a(__arm_eabi_init.o)
 .bss           0x00000000        0x0 C:/NXP/S32DS_ARM_v2018.R1/S32DS/arm_ewl2/lib/armv7e-m\librt.a(__arm_eabi_init.o)
 .text.__destroy_global_chain
                0x00000000       0x18 C:/NXP/S32DS_ARM_v2018.R1/S32DS/arm_ewl2/lib/armv7e-m\librt.a(__arm_eabi_init.o)
 .text.__register_global_object
                0x00000000       0x14 C:/NXP/S32DS_ARM_v2018.R1/S32DS/arm_ewl2/lib/armv7e-m\librt.a(__arm_eabi_init.o)
 .text.__cxa_atexit
                0x00000000       0x38 C:/NXP/S32DS_ARM_v2018.R1/S32DS/arm_ewl2/lib/armv7e-m\librt.a(__arm_eabi_init.o)
 .text.__aeabi_atexit
                0x00000000        0xa C:/NXP/S32DS_ARM_v2018.R1/S32DS/arm_ewl2/lib/armv7e-m\librt.a(__arm_eabi_init.o)
 .text.__register_atexit
                0x00000000        0x8 C:/NXP/S32DS_ARM_v2018.R1/S32DS/arm_ewl2/lib/armv7e-m\librt.a(__arm_eabi_init.o)
 .text.__init_registers
                0x00000000       0x20 C:/NXP/S32DS_ARM_v2018.R1/S32DS/arm_ewl2/lib/armv7e-m\librt.a(__arm_eabi_init.o)
 .text.__init_hardware
                0x00000000        0x4 C:/NXP/S32DS_ARM_v2018.R1/S32DS/arm_ewl2/lib/armv7e-m\librt.a(__arm_eabi_init.o)
 .text.__init_user
                0x00000000        0x4 C:/NXP/S32DS_ARM_v2018.R1/S32DS/arm_ewl2/lib/armv7e-m\librt.a(__arm_eabi_init.o)
 .bss.atexit_curr_func
                0x00000000        0x4 C:/NXP/S32DS_ARM_v2018.R1/S32DS/arm_ewl2/lib/armv7e-m\librt.a(__arm_eabi_init.o)
 .bss.atexit_funcs
                0x00000000      0x300 C:/NXP/S32DS_ARM_v2018.R1/S32DS/arm_ewl2/lib/armv7e-m\librt.a(__arm_eabi_init.o)
 .bss.__global_destructor_chain
                0x00000000        0x4 C:/NXP/S32DS_ARM_v2018.R1/S32DS/arm_ewl2/lib/armv7e-m\librt.a(__arm_eabi_init.o)
 .debug_info    0x00000000      0x2b3 C:/NXP/S32DS_ARM_v2018.R1/S32DS/arm_ewl2/lib/armv7e-m\librt.a(__arm_eabi_init.o)
 .debug_abbrev  0x00000000      0x1d3 C:/NXP/S32DS_ARM_v2018.R1/S32DS/arm_ewl2/lib/armv7e-m\librt.a(__arm_eabi_init.o)
 .debug_loc     0x00000000      0x144 C:/NXP/S32DS_ARM_v2018.R1/S32DS/arm_ewl2/lib/armv7e-m\librt.a(__arm_eabi_init.o)
 .debug_aranges
                0x00000000       0x58 C:/NXP/S32DS_ARM_v2018.R1/S32DS/arm_ewl2/lib/armv7e-m\librt.a(__arm_eabi_init.o)
 .debug_line    0x00000000      0x107 C:/NXP/S32DS_ARM_v2018.R1/S32DS/arm_ewl2/lib/armv7e-m\librt.a(__arm_eabi_init.o)
 .debug_str     0x00000000      0x2b5 C:/NXP/S32DS_ARM_v2018.R1/S32DS/arm_ewl2/lib/armv7e-m\librt.a(__arm_eabi_init.o)
 .comment       0x00000000       0x71 C:/NXP/S32DS_ARM_v2018.R1/S32DS/arm_ewl2/lib/armv7e-m\librt.a(__arm_eabi_init.o)
 .debug_frame   0x00000000       0xac C:/NXP/S32DS_ARM_v2018.R1/S32DS/arm_ewl2/lib/armv7e-m\librt.a(__arm_eabi_init.o)
 .ARM.attributes
                0x00000000       0x33 C:/NXP/S32DS_ARM_v2018.R1/S32DS/arm_ewl2/lib/armv7e-m\librt.a(__arm_eabi_init.o)
 .text          0x00000000        0x0 C:/NXP/S32DS_ARM_v2018.R1/S32DS/arm_ewl2/lib/armv7e-m\librt.a(ROMCopy.o)
 .data          0x00000000        0x0 C:/NXP/S32DS_ARM_v2018.R1/S32DS/arm_ewl2/lib/armv7e-m\librt.a(ROMCopy.o)
 .bss           0x00000000        0x0 C:/NXP/S32DS_ARM_v2018.R1/S32DS/arm_ewl2/lib/armv7e-m\librt.a(ROMCopy.o)
 .text.__flush_cache
                0x00000000        0x2 C:/NXP/S32DS_ARM_v2018.R1/S32DS/arm_ewl2/lib/armv7e-m\librt.a(ROMCopy.o)
 .text.__copy_rom_section
                0x00000000       0x42 C:/NXP/S32DS_ARM_v2018.R1/S32DS/arm_ewl2/lib/armv7e-m\librt.a(ROMCopy.o)
 .text.__copy_rom_sections_to_ram
                0x00000000       0x28 C:/NXP/S32DS_ARM_v2018.R1/S32DS/arm_ewl2/lib/armv7e-m\librt.a(ROMCopy.o)
 .debug_info    0x00000000      0x20e C:/NXP/S32DS_ARM_v2018.R1/S32DS/arm_ewl2/lib/armv7e-m\librt.a(ROMCopy.o)
 .debug_abbrev  0x00000000      0x11f C:/NXP/S32DS_ARM_v2018.R1/S32DS/arm_ewl2/lib/armv7e-m\librt.a(ROMCopy.o)
 .debug_loc     0x00000000       0xb3 C:/NXP/S32DS_ARM_v2018.R1/S32DS/arm_ewl2/lib/armv7e-m\librt.a(ROMCopy.o)
 .debug_aranges
                0x00000000       0x30 C:/NXP/S32DS_ARM_v2018.R1/S32DS/arm_ewl2/lib/armv7e-m\librt.a(ROMCopy.o)
 .debug_line    0x00000000       0x9e C:/NXP/S32DS_ARM_v2018.R1/S32DS/arm_ewl2/lib/armv7e-m\librt.a(ROMCopy.o)
 .debug_str     0x00000000      0x233 C:/NXP/S32DS_ARM_v2018.R1/S32DS/arm_ewl2/lib/armv7e-m\librt.a(ROMCopy.o)
 .comment       0x00000000       0x71 C:/NXP/S32DS_ARM_v2018.R1/S32DS/arm_ewl2/lib/armv7e-m\librt.a(ROMCopy.o)
 .debug_frame   0x00000000       0x48 C:/NXP/S32DS_ARM_v2018.R1/S32DS/arm_ewl2/lib/armv7e-m\librt.a(ROMCopy.o)
 .ARM.attributes
                0x00000000       0x33 C:/NXP/S32DS_ARM_v2018.R1/S32DS/arm_ewl2/lib/armv7e-m\librt.a(ROMCopy.o)
 .text          0x00000000        0x0 C:/NXP/S32DS_ARM_v2018.R1/S32DS/arm_ewl2/lib/armv7e-m/__arm_end.o
 .data          0x00000000        0x0 C:/NXP/S32DS_ARM_v2018.R1/S32DS/arm_ewl2/lib/armv7e-m/__arm_end.o
 .bss           0x00000000        0x0 C:/NXP/S32DS_ARM_v2018.R1/S32DS/arm_ewl2/lib/armv7e-m/__arm_end.o
 .text._ExitProcess
                0x00000000        0x2 C:/NXP/S32DS_ARM_v2018.R1/S32DS/arm_ewl2/lib/armv7e-m/__arm_end.o
 .debug_info    0x00000000       0x4e C:/NXP/S32DS_ARM_v2018.R1/S32DS/arm_ewl2/lib/armv7e-m/__arm_end.o
 .debug_abbrev  0x00000000       0x4a C:/NXP/S32DS_ARM_v2018.R1/S32DS/arm_ewl2/lib/armv7e-m/__arm_end.o
 .debug_aranges
                0x00000000       0x20 C:/NXP/S32DS_ARM_v2018.R1/S32DS/arm_ewl2/lib/armv7e-m/__arm_end.o
 .debug_line    0x00000000       0x45 C:/NXP/S32DS_ARM_v2018.R1/S32DS/arm_ewl2/lib/armv7e-m/__arm_end.o
 .debug_str     0x00000000      0x1a7 C:/NXP/S32DS_ARM_v2018.R1/S32DS/arm_ewl2/lib/armv7e-m/__arm_end.o
 .comment       0x00000000       0x71 C:/NXP/S32DS_ARM_v2018.R1/S32DS/arm_ewl2/lib/armv7e-m/__arm_end.o
 .debug_frame   0x00000000       0x20 C:/NXP/S32DS_ARM_v2018.R1/S32DS/arm_ewl2/lib/armv7e-m/__arm_end.o
 .ARM.attributes
                0x00000000       0x33 C:/NXP/S32DS_ARM_v2018.R1/S32DS/arm_ewl2/lib/armv7e-m/__arm_end.o

Memory Configuration

Name             Origin             Length             Attributes
m_interrupts     0x00000000         0x00000400         xr
m_flash_config   0x00000400         0x00000010         xr
m_text           0x00000410         0x0007fbf0         xr
m_data           0x1fff8000         0x00008000         rw
m_data_2         0x20000000         0x00007000         rw
*default*        0x00000000         0xffffffff

Linker script and memory map

LOAD C:/NXP/S32DS_ARM_v2018.R1/S32DS/arm_ewl2/lib/armv7e-m/__arm_start.o
LOAD ./src/main.o
LOAD ./src/clocks_and_modes.o
LOAD ./src/LPSPI.o
LOAD ./src/FlexCAN.o
LOAD ./src/ADC.o
LOAD ./Project_Settings/Startup_Code/system_S32K144.o
LOAD ./Project_Settings/Startup_Code/startup_S32K144.o
LOAD ./Project_Settings/Startup_Code/startup.o
START GROUP
LOAD C:/NXP/S32DS_ARM_v2018.R1/S32DS/arm_ewl2/lib/armv7e-m\libc99.a
LOAD C:/NXP/S32DS_ARM_v2018.R1/S32DS/arm_ewl2/lib/armv7e-m\libm.a
LOAD c:/nxp/s32ds_arm_v2018.r1/cross_tools/gcc-arm-none-eabi-4_9/bin/../lib/gcc/arm-none-eabi/4.9.3/armv7e-m\libgcc.a
LOAD C:/NXP/S32DS_ARM_v2018.R1/S32DS/arm_ewl2/lib/armv7e-m\librt.a
LOAD C:/NXP/S32DS_ARM_v2018.R1/S32DS/arm_ewl2/lib/armv7e-m\libnoio.a
END GROUP
LOAD C:/NXP/S32DS_ARM_v2018.R1/S32DS/arm_ewl2/lib/armv7e-m/__arm_end.o
                0x00000400                HEAP_SIZE = DEFINED (__heap_size__)?__heap_size__:0x400
                0x00000400                STACK_SIZE = DEFINED (__stack_size__)?__stack_size__:0x400
                0x00000400                M_VECTOR_RAM_SIZE = DEFINED (__flash_vector_table__)?0x0:0x400

.interrupts     0x00000000      0x400
                0x00000000                __VECTOR_TABLE = .
                0x00000000                . = ALIGN (0x4)
 *(.isr_vector)
 .isr_vector    0x00000000      0x400 ./Project_Settings/Startup_Code/startup_S32K144.o
                0x00000000                __isr_vector
                0x00000400                . = ALIGN (0x4)

.flash_config   0x00000400       0x10
                0x00000400                . = ALIGN (0x4)
 *(.FlashConfig)
 .FlashConfig   0x00000400       0x10 ./Project_Settings/Startup_Code/startup_S32K144.o
                0x00000410                . = ALIGN (0x4)

.text           0x00000410      0x648
                0x00000410                . = ALIGN (0x4)
 *(.text)
 .text          0x00000410       0x44 ./Project_Settings/Startup_Code/startup_S32K144.o
                0x00000410                Reset_Handler
                0x00000450                DebugMon_Handler
                0x00000450                Reserved88_IRQHandler
                0x00000450                CAN0_ORed_IRQHandler
                0x00000450                HardFault_Handler
                0x00000450                Reserved86_IRQHandler
                0x00000450                Reserved103_IRQHandler
                0x00000450                SysTick_Handler
                0x00000450                FTM2_Ovf_Reload_IRQHandler
                0x00000450                Reserved50_IRQHandler
                0x00000450                FTFC_Fault_IRQHandler
                0x00000450                FTM0_Ch6_Ch7_IRQHandler
                0x00000450                Reserved114_IRQHandler
                0x00000450                PendSV_Handler
                0x00000450                NMI_Handler
                0x00000450                Reserved89_IRQHandler
                0x00000450                ERM_double_fault_IRQHandler
                0x00000450                DMA2_IRQHandler
                0x00000450                Reserved59_IRQHandler
                0x00000450                LPIT0_Ch0_IRQHandler
                0x00000450                Reserved99_IRQHandler
                0x00000450                FTM3_Ch6_Ch7_IRQHandler
                0x00000450                CAN2_ORed_0_15_MB_IRQHandler
                0x00000450                LPIT0_Ch3_IRQHandler
                0x00000450                Reserved92_IRQHandler
                0x00000450                FTM0_Ch4_Ch5_IRQHandler
                0x00000450                CAN1_Error_IRQHandler
                0x00000450                FTM3_Ch0_Ch1_IRQHandler
                0x00000450                SWI_IRQHandler
                0x00000450                ADC0_IRQHandler
                0x00000450                FTM2_Ch4_Ch5_IRQHandler
                0x00000450                UsageFault_Handler
                0x00000450                FTM0_Ovf_Reload_IRQHandler
                0x00000450                DefaultISR
                0x00000450                DMA9_IRQHandler
                0x00000450                Reserved58_IRQHandler
                0x00000450                CAN1_ORed_0_15_MB_IRQHandler
                0x00000450                FTM1_Ch2_Ch3_IRQHandler
                0x00000450                DMA14_IRQHandler
                0x00000450                Reserved82_IRQHandler
                0x00000450                CAN0_ORed_16_31_MB_IRQHandler
                0x00000450                LPI2C0_Slave_IRQHandler
                0x00000450                Reserved71_IRQHandler
                0x00000450                PORTD_IRQHandler
                0x00000450                Reserved69_IRQHandler
                0x00000450                PORTB_IRQHandler
                0x00000450                Reserved70_IRQHandler
                0x00000450                ADC1_IRQHandler
                0x00000450                FTM2_Ch2_Ch3_IRQHandler
                0x00000450                Reserved53_IRQHandler
                0x00000450                DMA5_IRQHandler
                0x00000450                RTC_IRQHandler
                0x00000450                PDB0_IRQHandler
                0x00000450                Reserved54_IRQHandler
                0x00000450                FTM2_Ch6_Ch7_IRQHandler
                0x00000450                FTM3_Ch2_Ch3_IRQHandler
                0x00000450                FTM2_Ch0_Ch1_IRQHandler
                0x00000450                LPSPI1_IRQHandler
                0x00000450                LPUART1_RxTx_IRQHandler
                0x00000450                RTC_Seconds_IRQHandler
                0x00000450                CAN2_ORed_IRQHandler
                0x00000450                Reserved72_IRQHandler
                0x00000450                Reserved110_IRQHandler
                0x00000450                DMA11_IRQHandler
                0x00000450                Reserved107_IRQHandler
                0x00000450                Read_Collision_IRQHandler
                0x00000450                CAN2_Error_IRQHandler
                0x00000450                FTFC_IRQHandler
                0x00000450                DMA7_IRQHandler
                0x00000450                FTM1_Ch6_Ch7_IRQHandler
                0x00000450                Reserved105_IRQHandler
                0x00000450                LPIT0_Ch1_IRQHandler
                0x00000450                FTM1_Ch4_Ch5_IRQHandler
                0x00000450                FTM3_Ovf_Reload_IRQHandler
                0x00000450                LPUART2_RxTx_IRQHandler
                0x00000450                LPSPI0_IRQHandler
                0x00000450                WDOG_EWM_IRQHandler
                0x00000450                MemManage_Handler
                0x00000450                Reserved90_IRQHandler
                0x00000450                Reserved83_IRQHandler
                0x00000450                FTM0_Fault_IRQHandler
                0x00000450                Reserved48_IRQHandler
                0x00000450                SVC_Handler
                0x00000450                ERM_single_fault_IRQHandler
                0x00000450                FTM2_Fault_IRQHandler
                0x00000450                FTM0_Ch2_Ch3_IRQHandler
                0x00000450                DMA13_IRQHandler
                0x00000450                FTM0_Ch0_Ch1_IRQHandler
                0x00000450                FTM3_Fault_IRQHandler
                0x00000450                RCM_IRQHandler
                0x00000450                DMA3_IRQHandler
                0x00000450                Reserved100_IRQHandler
                0x00000450                DMA0_IRQHandler
                0x00000450                Reserved91_IRQHandler
                0x00000450                CAN1_ORed_IRQHandler
                0x00000450                DMA15_IRQHandler
                0x00000450                SCG_IRQHandler
                0x00000450                PDB1_IRQHandler
                0x00000450                Reserved81_IRQHandler
                0x00000450                Reserved46_IRQHandler
                0x00000450                Reserved45_IRQHandler
                0x00000450                CAN0_Error_IRQHandler
                0x00000450                Reserved112_IRQHandler
                0x00000450                LPI2C0_Master_IRQHandler
                0x00000450                DMA4_IRQHandler
                0x00000450                FTM1_Fault_IRQHandler
                0x00000450                Reserved106_IRQHandler
                0x00000450                DMA_Error_IRQHandler
                0x00000450                LVD_LVW_IRQHandler
                0x00000450                LPIT0_Ch2_IRQHandler
                0x00000450                PORTA_IRQHandler
                0x00000450                MCM_IRQHandler
                0x00000450                LPSPI2_IRQHandler
                0x00000450                DMA12_IRQHandler
                0x00000450                FTM3_Ch4_Ch5_IRQHandler
                0x00000450                CAN0_ORed_0_15_MB_IRQHandler
                0x00000450                PORTE_IRQHandler
                0x00000450                LPUART0_RxTx_IRQHandler
                0x00000450                LPTMR0_IRQHandler
                0x00000450                BusFault_Handler
                0x00000450                Reserved87_IRQHandler
                0x00000450                FTM1_Ovf_Reload_IRQHandler
                0x00000450                DMA8_IRQHandler
                0x00000450                Reserved93_IRQHandler
                0x00000450                DMA10_IRQHandler
                0x00000450                CAN0_Wake_Up_IRQHandler
                0x00000450                CMP0_IRQHandler
                0x00000450                Reserved52_IRQHandler
                0x00000450                PORTC_IRQHandler
                0x00000450                DMA6_IRQHandler
                0x00000450                FTM1_Ch0_Ch1_IRQHandler
                0x00000450                FLEXIO_IRQHandler
                0x00000450                DMA1_IRQHandler
                0x00000450                Reserved113_IRQHandler
 *(.text*)
 .text.turn_off_all_LEDs
                0x00000454       0x20 ./src/main.o
                0x00000454                turn_off_all_LEDs
 .text.turn_on_BLUE_LED
                0x00000474       0x1c ./src/main.o
                0x00000474                turn_on_BLUE_LED
 .text.turn_on_GREEN_LED
                0x00000490       0x1c ./src/main.o
                0x00000490                turn_on_GREEN_LED
 .text.turn_on_RED_LED
                0x000004ac       0x1c ./src/main.o
                0x000004ac                turn_on_RED_LED
 .text.update_lights
                0x000004c8       0x3c ./src/main.o
                0x000004c8                update_lights
 .text.PORT_init
                0x00000504       0xb0 ./src/main.o
                0x00000504                PORT_init
 .text.WDOG_disable
                0x000005b4       0x2c ./src/main.o
                0x000005b4                WDOG_disable
 .text.NVIC_init_IRQs
                0x000005e0       0x2c ./src/main.o
                0x000005e0                NVIC_init_IRQs
 .text.main     0x0000060c       0x58 ./src/main.o
                0x0000060c                main
 .text.SOSC_init_8MHz
                0x00000664       0x4c ./src/clocks_and_modes.o
                0x00000664                SOSC_init_8MHz
 .text.SPLL_init_160MHz
                0x000006b0       0x64 ./src/clocks_and_modes.o
                0x000006b0                SPLL_init_160MHz
 .text.NormalRUNmode_80MHz
                0x00000714       0x2c ./src/clocks_and_modes.o
                0x00000714                NormalRUNmode_80MHz
 .text.FLEXCAN0_init
                0x00000740       0xe8 ./src/FlexCAN.o
                0x00000740                FLEXCAN0_init
 .text.FLEXCAN0_receive_msg
                0x00000828       0xa4 ./src/FlexCAN.o
                0x00000828                FLEXCAN0_receive_msg
 .text.ADC_init
                0x000008cc       0x68 ./src/ADC.o
                0x000008cc                ADC_init
 .text.SystemInit
                0x00000934       0x30 ./Project_Settings/Startup_Code/system_S32K144.o
                0x00000934                SystemInit
 .text.init_data_bss
                0x00000964       0xf4 ./Project_Settings/Startup_Code/startup.o
                0x00000964                init_data_bss
 *(.rodata)
 *(.rodata*)
 *(.glue_7)
 .glue_7        0x00000000        0x0 linker stubs
 *(.glue_7t)
 .glue_7t       0x00000000        0x0 linker stubs
 *(.eh_frame)
 *(.init)
 *(.fini)
                0x00000a58                . = ALIGN (0x4)

.vfp11_veneer   0x00000a58        0x0
 .vfp11_veneer  0x00000000        0x0 linker stubs

.v4_bx          0x00000a58        0x0
 .v4_bx         0x00000000        0x0 linker stubs

.iplt           0x00000a58        0x0
 .iplt          0x00000000        0x0 C:/NXP/S32DS_ARM_v2018.R1/S32DS/arm_ewl2/lib/armv7e-m/__arm_start.o

.rel.dyn        0x00000a58        0x0
 .rel.iplt      0x00000000        0x0 C:/NXP/S32DS_ARM_v2018.R1/S32DS/arm_ewl2/lib/armv7e-m/__arm_start.o

.ARM.extab
 *(.ARM.extab* .gnu.linkonce.armextab.*)

.ARM            0x00000a58        0x0
                0x00000a58                __exidx_start = .
 *(.ARM.exidx*)
                0x00000a58                __exidx_end = .

.ctors          0x00000a58        0x0
                0x00000a58                __CTOR_LIST__ = .
 *crtbegin.o(.ctors)
 *crtbegin?.o(.ctors)
 *(EXCLUDE_FILE(*crtend.o *crtend?.o) .ctors)
 *(SORT(.ctors.*))
 *(.ctors)
                0x00000a58                __CTOR_END__ = .

.dtors          0x00000a58        0x0
                0x00000a58                __DTOR_LIST__ = .
 *crtbegin.o(.dtors)
 *crtbegin?.o(.dtors)
 *(EXCLUDE_FILE(*crtend.o *crtend?.o) .dtors)
 *(SORT(.dtors.*))
 *(.dtors)
                0x00000a58                __DTOR_END__ = .

.preinit_array  0x00000a58        0x0
                0x00000a58                PROVIDE (__preinit_array_start, .)
 *(.preinit_array*)
                0x00000a58                PROVIDE (__preinit_array_end, .)

.init_array     0x00000a58        0x0
                0x00000a58                PROVIDE (__init_array_start, .)
 *(SORT(.init_array.*))
 *(.init_array*)
                0x00000a58                PROVIDE (__init_array_end, .)

.fini_array     0x00000a58        0x0
                0x00000a58                PROVIDE (__fini_array_start, .)
 *(SORT(.fini_array.*))
 *(.fini_array*)
                0x00000a58                PROVIDE (__fini_array_end, .)
                0x00000a58                __etext = .
                0x00000a58                __DATA_ROM = .

.interrupts_ram
                0x1fff8000      0x400
                0x1fff8000                . = ALIGN (0x4)
                0x1fff8000                __VECTOR_RAM__ = .
                0x1fff8000                __interrupts_ram_start__ = .
 *(.m_interrupts_ram)
                0x1fff8400                . = (. + M_VECTOR_RAM_SIZE)
 *fill*         0x1fff8000      0x400 
                0x1fff8400                . = ALIGN (0x4)
                0x1fff8400                __interrupts_ram_end__ = .
                0x1fff8000                __VECTOR_RAM = DEFINED (__flash_vector_table__)?ORIGIN (m_interrupts):__VECTOR_RAM__
                0x00000400                __RAM_VECTOR_TABLE_SIZE = DEFINED (__flash_vector_table__)?0x0:(__interrupts_ram_end__ - __interrupts_ram_start__)

.data           0x1fff8400        0x4 load address 0x00000a58
                0x1fff8400                . = ALIGN (0x4)
                0x1fff8400                __DATA_RAM = .
                0x1fff8400                __data_start__ = .
 *(.data)
 *(.data*)
 .data.state    0x1fff8400        0x2 ./src/main.o
                0x1fff8400                state
 *(.jcr*)
                0x1fff8404                . = ALIGN (0x4)
 *fill*         0x1fff8402        0x2 
                0x1fff8404                __data_end__ = .
                0x00000a5c                __DATA_END = (__DATA_ROM + (__data_end__ - __data_start__))
                0x00000a5c                __CODE_ROM = __DATA_END

.igot.plt       0x1fff8404        0x0 load address 0x00000a5c
 .igot.plt      0x00000000        0x0 C:/NXP/S32DS_ARM_v2018.R1/S32DS/arm_ewl2/lib/armv7e-m/__arm_start.o

.code           0x1fff8404        0x0 load address 0x00000a5c
                0x1fff8404                . = ALIGN (0x4)
                0x1fff8404                __CODE_RAM = .
                0x1fff8404                __code_start__ = .
 *(.code_ram)
                0x1fff8404                . = ALIGN (0x4)
                0x1fff8404                __code_end__ = .
                0x00000a5c                __CODE_END = (__CODE_ROM + (__code_end__ - __code_start__))

.customSectionBlock
 *(.customSection)

.bss            0x20000000       0x18
                0x20000000                . = ALIGN (0x4)
                0x20000000                __BSS_START = .
                0x20000000                __bss_start__ = .
 *(.bss)
 *(.bss*)
 *(COMMON)
 COMMON         0x20000000       0x18 ./src/FlexCAN.o
                0x20000000                RxDATA
                0x20000008                RxID
                0x2000000c                RxLENGTH
                0x20000010                RxCODE
                0x20000014                RxTIMESTAMP
                0x20000018                . = ALIGN (0x4)
                0x20000018                __bss_end__ = .
                0x20000018                __BSS_END = .

.heap           0x20000018      0x400
                0x20000018                . = ALIGN (0x8)
                0x20000018                __end__ = .
                0x20000018                PROVIDE (end, .)
                0x20000018                PROVIDE (_end, .)
                0x20000018                PROVIDE (__end, .)
                0x20000018                __HeapBase = .
                0x20000418                . = (. + HEAP_SIZE)
 *fill*         0x20000018      0x400 
                0x20000418                __HeapLimit = .
                0x20000418                __heap_limit = .

.stack          0x20000418      0x400
                0x20000418                . = ALIGN (0x8)
                0x20000818                . = (. + STACK_SIZE)
 *fill*         0x20000418      0x400 
                0x20007000                __StackTop = (ORIGIN (m_data_2) + 0x7000)
                0x20006c00                __StackLimit = (__StackTop - STACK_SIZE)
                0x20007000                PROVIDE (__stack, __StackTop)

.ARM.attributes
                0x00000000       0x31
 *(.ARM.attributes)
 .ARM.attributes
                0x00000000       0x33 ./src/main.o
 .ARM.attributes
                0x00000033       0x33 ./src/clocks_and_modes.o
 .ARM.attributes
                0x00000066       0x33 ./src/FlexCAN.o
 .ARM.attributes
                0x00000099       0x33 ./src/ADC.o
 .ARM.attributes
                0x000000cc       0x33 ./Project_Settings/Startup_Code/system_S32K144.o
 .ARM.attributes
                0x000000ff       0x1b ./Project_Settings/Startup_Code/startup_S32K144.o
 .ARM.attributes
                0x0000011a       0x33 ./Project_Settings/Startup_Code/startup.o
                0x00000001                ASSERT ((__StackLimit >= __HeapLimit), region m_data_2 overflowed with stack and heap)
OUTPUT(FlexCAN_s32k145_Receiver.elf elf32-littlearm)

.debug_info     0x00000000     0x1d3f
 .debug_info    0x00000000      0x94d ./src/main.o
 .debug_info    0x0000094d      0x269 ./src/clocks_and_modes.o
 .debug_info    0x00000bb6      0x4f7 ./src/FlexCAN.o
 .debug_info    0x000010ad      0x2f4 ./src/ADC.o
 .debug_info    0x000013a1      0x500 ./Project_Settings/Startup_Code/system_S32K144.o
 .debug_info    0x000018a1       0xb3 ./Project_Settings/Startup_Code/startup_S32K144.o
 .debug_info    0x00001954      0x3eb ./Project_Settings/Startup_Code/startup.o

.debug_abbrev   0x00000000      0x706
 .debug_abbrev  0x00000000      0x1a2 ./src/main.o
 .debug_abbrev  0x000001a2       0xc2 ./src/clocks_and_modes.o
 .debug_abbrev  0x00000264      0x152 ./src/FlexCAN.o
 .debug_abbrev  0x000003b6      0x123 ./src/ADC.o
 .debug_abbrev  0x000004d9      0x118 ./Project_Settings/Startup_Code/system_S32K144.o
 .debug_abbrev  0x000005f1       0x14 ./Project_Settings/Startup_Code/startup_S32K144.o
 .debug_abbrev  0x00000605      0x101 ./Project_Settings/Startup_Code/startup.o

.debug_aranges  0x00000000      0x190
 .debug_aranges
                0x00000000       0x80 ./src/main.o
 .debug_aranges
                0x00000080       0x30 ./src/clocks_and_modes.o
 .debug_aranges
                0x000000b0       0x38 ./src/FlexCAN.o
 .debug_aranges
                0x000000e8       0x38 ./src/ADC.o
 .debug_aranges
                0x00000120       0x30 ./Project_Settings/Startup_Code/system_S32K144.o
 .debug_aranges
                0x00000150       0x20 ./Project_Settings/Startup_Code/startup_S32K144.o
 .debug_aranges
                0x00000170       0x20 ./Project_Settings/Startup_Code/startup.o

.debug_ranges   0x00000000      0x110
 .debug_ranges  0x00000000       0x70 ./src/main.o
 .debug_ranges  0x00000070       0x20 ./src/clocks_and_modes.o
 .debug_ranges  0x00000090       0x28 ./src/FlexCAN.o
 .debug_ranges  0x000000b8       0x28 ./src/ADC.o
 .debug_ranges  0x000000e0       0x20 ./Project_Settings/Startup_Code/system_S32K144.o
 .debug_ranges  0x00000100       0x10 ./Project_Settings/Startup_Code/startup.o

.debug_macro    0x00000000     0xfdcf
 .debug_macro   0x00000000       0xe6 ./src/main.o
 .debug_macro   0x000000e6      0x868 ./src/main.o
 .debug_macro   0x0000094e       0x52 ./src/main.o
 .debug_macro   0x000009a0       0xa0 ./src/main.o
 .debug_macro   0x00000a40       0x16 ./src/main.o
 .debug_macro   0x00000a56       0x19 ./src/main.o
 .debug_macro   0x00000a6f       0x64 ./src/main.o
 .debug_macro   0x00000ad3      0x185 ./src/main.o
 .debug_macro   0x00000c58      0x140 ./src/main.o
 .debug_macro   0x00000d98       0x9d ./src/main.o
 .debug_macro   0x00000e35       0x10 ./src/main.o
 .debug_macro   0x00000e45      0x15b ./src/main.o
 .debug_macro   0x00000fa0       0x28 ./src/main.o
 .debug_macro   0x00000fc8       0x58 ./src/main.o
 .debug_macro   0x00001020     0xdf8d ./src/main.o
 .debug_macro   0x0000efad       0xb0 ./src/clocks_and_modes.o
 .debug_macro   0x0000f05d       0xb6 ./src/FlexCAN.o
 .debug_macro   0x0000f113       0xb0 ./src/ADC.o
 .debug_macro   0x0000f1c3       0xe9 ./Project_Settings/Startup_Code/system_S32K144.o
 .debug_macro   0x0000f2ac       0x10 ./Project_Settings/Startup_Code/system_S32K144.o
 .debug_macro   0x0000f2bc       0x6d ./Project_Settings/Startup_Code/system_S32K144.o
 .debug_macro   0x0000f329      0x978 ./Project_Settings/Startup_Code/system_S32K144.o
 .debug_macro   0x0000fca1       0x22 ./Project_Settings/Startup_Code/system_S32K144.o
 .debug_macro   0x0000fcc3       0x22 ./Project_Settings/Startup_Code/system_S32K144.o
 .debug_macro   0x0000fce5       0xea ./Project_Settings/Startup_Code/startup.o

.debug_line     0x00000000      0xfa3
 .debug_line    0x00000000      0x2fc ./src/main.o
 .debug_line    0x000002fc      0x24f ./src/clocks_and_modes.o
 .debug_line    0x0000054b      0x27a ./src/FlexCAN.o
 .debug_line    0x000007c5      0x212 ./src/ADC.o
 .debug_line    0x000009d7      0x2c2 ./Project_Settings/Startup_Code/system_S32K144.o
 .debug_line    0x00000c99       0x83 ./Project_Settings/Startup_Code/startup_S32K144.o
 .debug_line    0x00000d1c      0x287 ./Project_Settings/Startup_Code/startup.o

.debug_str      0x00000000    0x62b39
 .debug_str     0x00000000    0x5df90 ./src/main.o
                              0x5e045 (size before relaxing)
 .debug_str     0x0005df90      0x129 ./src/clocks_and_modes.o
                              0x5dd81 (size before relaxing)
 .debug_str     0x0005e0b9       0xa4 ./src/FlexCAN.o
                              0x5de7c (size before relaxing)
 .debug_str     0x0005e15d       0xeb ./src/ADC.o
                              0x5dd52 (size before relaxing)
 .debug_str     0x0005e248     0x47d1 ./Project_Settings/Startup_Code/system_S32K144.o
                              0x6250a (size before relaxing)
 .debug_str     0x00062a19      0x120 ./Project_Settings/Startup_Code/startup.o
                              0x62441 (size before relaxing)

.comment        0x00000000       0x70
 .comment       0x00000000       0x70 ./src/main.o
                                 0x71 (size before relaxing)
 .comment       0x00000000       0x71 ./src/clocks_and_modes.o
 .comment       0x00000000       0x71 ./src/FlexCAN.o
 .comment       0x00000000       0x71 ./src/ADC.o
 .comment       0x00000000       0x71 ./Project_Settings/Startup_Code/system_S32K144.o
 .comment       0x00000000       0x71 ./Project_Settings/Startup_Code/startup.o

.debug_frame    0x00000000      0x434
 .debug_frame   0x00000000      0x1c4 ./src/main.o
 .debug_frame   0x000001c4       0x70 ./src/clocks_and_modes.o
 .debug_frame   0x00000234       0xa8 ./src/FlexCAN.o
 .debug_frame   0x000002dc       0xa0 ./src/ADC.o
 .debug_frame   0x0000037c       0x80 ./Project_Settings/Startup_Code/system_S32K144.o
 .debug_frame   0x000003fc       0x38 ./Project_Settings/Startup_Code/startup.o
