Archive member included because of file (symbol)

C:/NXP/S32DS_ARM_v2018.R1/S32DS/arm_ewl2/lib/armv7e-m\libc99.a(exit.o)
                              C:/NXP/S32DS_ARM_v2018.R1/S32DS/arm_ewl2/lib/armv7e-m/__arm_start.o (exit)
C:/NXP/S32DS_ARM_v2018.R1/S32DS/arm_ewl2/lib/armv7e-m\libc99.a(memset.o)
                              C:/NXP/S32DS_ARM_v2018.R1/S32DS/arm_ewl2/lib/armv7e-m/__arm_start.o (memset)
C:/NXP/S32DS_ARM_v2018.R1/S32DS/arm_ewl2/lib/armv7e-m\libc99.a(__filll_mem.o)
                              C:/NXP/S32DS_ARM_v2018.R1/S32DS/arm_ewl2/lib/armv7e-m\libc99.a(memset.o) (__fill_mem)
c:/nxp/s32ds_arm_v2018.r1/cross_tools/gcc-arm-none-eabi-4_9/bin/../lib/gcc/arm-none-eabi/4.9.3/armv7e-m\libgcc.a(_aeabi_uldivmod.o)
                              ./include/HC_SR04.o (__aeabi_uldivmod)
c:/nxp/s32ds_arm_v2018.r1/cross_tools/gcc-arm-none-eabi-4_9/bin/../lib/gcc/arm-none-eabi/4.9.3/armv7e-m\libgcc.a(bpabi.o)
                              c:/nxp/s32ds_arm_v2018.r1/cross_tools/gcc-arm-none-eabi-4_9/bin/../lib/gcc/arm-none-eabi/4.9.3/armv7e-m\libgcc.a(_aeabi_uldivmod.o) (__gnu_uldivmod_helper)
c:/nxp/s32ds_arm_v2018.r1/cross_tools/gcc-arm-none-eabi-4_9/bin/../lib/gcc/arm-none-eabi/4.9.3/armv7e-m\libgcc.a(_dvmd_tls.o)
                              c:/nxp/s32ds_arm_v2018.r1/cross_tools/gcc-arm-none-eabi-4_9/bin/../lib/gcc/arm-none-eabi/4.9.3/armv7e-m\libgcc.a(_aeabi_uldivmod.o) (__aeabi_ldiv0)
c:/nxp/s32ds_arm_v2018.r1/cross_tools/gcc-arm-none-eabi-4_9/bin/../lib/gcc/arm-none-eabi/4.9.3/armv7e-m\libgcc.a(_divdi3.o)
                              c:/nxp/s32ds_arm_v2018.r1/cross_tools/gcc-arm-none-eabi-4_9/bin/../lib/gcc/arm-none-eabi/4.9.3/armv7e-m\libgcc.a(bpabi.o) (__divdi3)
c:/nxp/s32ds_arm_v2018.r1/cross_tools/gcc-arm-none-eabi-4_9/bin/../lib/gcc/arm-none-eabi/4.9.3/armv7e-m\libgcc.a(_udivdi3.o)
                              c:/nxp/s32ds_arm_v2018.r1/cross_tools/gcc-arm-none-eabi-4_9/bin/../lib/gcc/arm-none-eabi/4.9.3/armv7e-m\libgcc.a(bpabi.o) (__udivdi3)
C:/NXP/S32DS_ARM_v2018.R1/S32DS/arm_ewl2/lib/armv7e-m\librt.a(gcc_ctor_dtor.o)
                              C:/NXP/S32DS_ARM_v2018.R1/S32DS/arm_ewl2/lib/armv7e-m/__arm_start.o (__init_cpp)
C:/NXP/S32DS_ARM_v2018.R1/S32DS/arm_ewl2/lib/armv7e-m\librt.a(__arm_eabi_init.o)
                              C:/NXP/S32DS_ARM_v2018.R1/S32DS/arm_ewl2/lib/armv7e-m\libc99.a(exit.o) (__destroy_global_chain)
C:/NXP/S32DS_ARM_v2018.R1/S32DS/arm_ewl2/lib/armv7e-m\librt.a(ROMCopy.o)
                              C:/NXP/S32DS_ARM_v2018.R1/S32DS/arm_ewl2/lib/armv7e-m/__arm_start.o (__copy_rom_sections_to_ram)

Allocating common symbols
Common symbol       size              file

turn_right          0x4               ./src/main.o
RxDATA              0x8               ./include/FlexCAN.o
last_distance_in_CMs
                    0x2               ./src/main.o
timer               0x8               ./src/main.o
RxID                0x4               ./include/FlexCAN.o
center_stay         0x4               ./src/main.o
forward_backward_stay
                    0x4               ./src/main.o
RxLENGTH            0x4               ./include/FlexCAN.o
turn_left           0x4               ./src/main.o
ECHO_PORT           0x4               ./src/main.o
go_forward          0x4               ./src/main.o
LEFT_RIGHT_PORT     0x4               ./src/main.o
iterator            0x4               ./src/main.o
go_backward         0x4               ./src/main.o
FORWARD_BACKWARD_PORT
                    0x4               ./src/main.o
TRIG_PORT           0x4               ./src/main.o
RxCODE              0x4               ./include/FlexCAN.o
task_head           0x4               ./src/main.o
RxTIMESTAMP         0x4               ./include/FlexCAN.o

Discarded input sections

 .text          0x00000000        0x0 C:/NXP/S32DS_ARM_v2018.R1/S32DS/arm_ewl2/lib/armv7e-m/__arm_start.o
 .data          0x00000000        0x0 C:/NXP/S32DS_ARM_v2018.R1/S32DS/arm_ewl2/lib/armv7e-m/__arm_start.o
 .bss           0x00000000        0x0 C:/NXP/S32DS_ARM_v2018.R1/S32DS/arm_ewl2/lib/armv7e-m/__arm_start.o
 .text.__thumb_startup
                0x00000000       0x3c C:/NXP/S32DS_ARM_v2018.R1/S32DS/arm_ewl2/lib/armv7e-m/__arm_start.o
 .text.__iar_program_start
                0x00000000        0x4 C:/NXP/S32DS_ARM_v2018.R1/S32DS/arm_ewl2/lib/armv7e-m/__arm_start.o
 .bss.argv      0x00000000        0x4 C:/NXP/S32DS_ARM_v2018.R1/S32DS/arm_ewl2/lib/armv7e-m/__arm_start.o
 .debug_info    0x00000000      0x144 C:/NXP/S32DS_ARM_v2018.R1/S32DS/arm_ewl2/lib/armv7e-m/__arm_start.o
 .debug_abbrev  0x00000000       0xc0 C:/NXP/S32DS_ARM_v2018.R1/S32DS/arm_ewl2/lib/armv7e-m/__arm_start.o
 .debug_aranges
                0x00000000       0x28 C:/NXP/S32DS_ARM_v2018.R1/S32DS/arm_ewl2/lib/armv7e-m/__arm_start.o
 .debug_line    0x00000000       0x68 C:/NXP/S32DS_ARM_v2018.R1/S32DS/arm_ewl2/lib/armv7e-m/__arm_start.o
 .debug_str     0x00000000      0x270 C:/NXP/S32DS_ARM_v2018.R1/S32DS/arm_ewl2/lib/armv7e-m/__arm_start.o
 .comment       0x00000000       0x71 C:/NXP/S32DS_ARM_v2018.R1/S32DS/arm_ewl2/lib/armv7e-m/__arm_start.o
 .debug_frame   0x00000000       0x30 C:/NXP/S32DS_ARM_v2018.R1/S32DS/arm_ewl2/lib/armv7e-m/__arm_start.o
 .ARM.attributes
                0x00000000       0x33 C:/NXP/S32DS_ARM_v2018.R1/S32DS/arm_ewl2/lib/armv7e-m/__arm_start.o
 .group         0x00000000        0x8 ./src/main.o
 .group         0x00000000        0x8 ./src/main.o
 .group         0x00000000        0x8 ./src/main.o
 .group         0x00000000        0x8 ./src/main.o
 .group         0x00000000        0x8 ./src/main.o
 .group         0x00000000        0x8 ./src/main.o
 .group         0x00000000        0x8 ./src/main.o
 .group         0x00000000        0x8 ./src/main.o
 .group         0x00000000        0x8 ./src/main.o
 .group         0x00000000        0x8 ./src/main.o
 .group         0x00000000        0x8 ./src/main.o
 .group         0x00000000        0x8 ./src/main.o
 .group         0x00000000        0x8 ./src/main.o
 .group         0x00000000        0x8 ./src/main.o
 .group         0x00000000        0x8 ./src/main.o
 .group         0x00000000        0x8 ./src/main.o
 .group         0x00000000        0x8 ./src/main.o
 .group         0x00000000        0x8 ./src/main.o
 .text          0x00000000        0x0 ./src/main.o
 .data          0x00000000        0x0 ./src/main.o
 .bss           0x00000000        0x0 ./src/main.o
 .text.send_distance
                0x00000000       0x18 ./src/main.o
 .group         0x00000000        0x8 ./include/tasks.o
 .group         0x00000000        0x8 ./include/tasks.o
 .group         0x00000000        0x8 ./include/tasks.o
 .group         0x00000000        0x8 ./include/tasks.o
 .text          0x00000000        0x0 ./include/tasks.o
 .data          0x00000000        0x0 ./include/tasks.o
 .bss           0x00000000        0x0 ./include/tasks.o
 .text.init_task
                0x00000000       0x38 ./include/tasks.o
 .text.is_task_ready
                0x00000000       0x3c ./include/tasks.o
 .text.set_task_start_clock
                0x00000000       0x20 ./include/tasks.o
 .text.set_task_timeout
                0x00000000       0x20 ./include/tasks.o
 .text.set_task_function_pointer
                0x00000000       0x1c ./include/tasks.o
 .text.execute_task
                0x00000000       0x2c ./include/tasks.o
 .text.add_task
                0x00000000       0x54 ./include/tasks.o
 .text.set_next
                0x00000000       0x1c ./include/tasks.o
 .text.remove_task
                0x00000000       0x50 ./include/tasks.o
 .debug_info    0x00000000      0x28c ./include/tasks.o
 .debug_abbrev  0x00000000       0xef ./include/tasks.o
 .debug_aranges
                0x00000000       0x60 ./include/tasks.o
 .debug_ranges  0x00000000       0x50 ./include/tasks.o
 .debug_macro   0x00000000       0x40 ./include/tasks.o
 .debug_macro   0x00000000      0x868 ./include/tasks.o
 .debug_macro   0x00000000       0x52 ./include/tasks.o
 .debug_macro   0x00000000       0xa0 ./include/tasks.o
 .debug_macro   0x00000000       0x16 ./include/tasks.o
 .debug_line    0x00000000      0x172 ./include/tasks.o
 .debug_str     0x00000000     0x2aa9 ./include/tasks.o
 .comment       0x00000000       0x71 ./include/tasks.o
 .debug_frame   0x00000000      0x174 ./include/tasks.o
 .ARM.attributes
                0x00000000       0x33 ./include/tasks.o
 .group         0x00000000        0x8 ./include/pwm.o
 .group         0x00000000        0x8 ./include/pwm.o
 .group         0x00000000        0x8 ./include/pwm.o
 .group         0x00000000        0x8 ./include/pwm.o
 .group         0x00000000        0x8 ./include/pwm.o
 .group         0x00000000        0x8 ./include/pwm.o
 .group         0x00000000        0x8 ./include/pwm.o
 .group         0x00000000        0x8 ./include/pwm.o
 .group         0x00000000        0x8 ./include/pwm.o
 .group         0x00000000        0x8 ./include/pwm.o
 .group         0x00000000        0x8 ./include/pwm.o
 .group         0x00000000        0x8 ./include/pwm.o
 .group         0x00000000        0x8 ./include/pwm.o
 .group         0x00000000        0x8 ./include/pwm.o
 .text          0x00000000        0x0 ./include/pwm.o
 .data          0x00000000        0x0 ./include/pwm.o
 .bss           0x00000000        0x0 ./include/pwm.o
 .text.pwm_forward_backward_init
                0x00000000       0x1c ./include/pwm.o
 .text.pwm_left_right_init
                0x00000000       0x1c ./include/pwm.o
 .text.motor_forward_PWM
                0x00000000       0x78 ./include/pwm.o
 .text.forward_backward_stay_PWM
                0x00000000       0x7c ./include/pwm.o
 .text.motor_backward_PWM
                0x00000000       0x78 ./include/pwm.o
 .text.left_right_stay_PWM
                0x00000000       0x74 ./include/pwm.o
 .text.motor_left_PWM
                0x00000000       0x74 ./include/pwm.o
 .text.motor_right_PWM
                0x00000000       0x74 ./include/pwm.o
 .bss.counter.4910
                0x00000000        0x4 ./include/pwm.o
 .bss.counter.4913
                0x00000000        0x4 ./include/pwm.o
 .bss.counter.4916
                0x00000000        0x4 ./include/pwm.o
 .bss.counter.4919
                0x00000000        0x4 ./include/pwm.o
 .bss.counter.4922
                0x00000000        0x4 ./include/pwm.o
 .bss.counter.4925
                0x00000000        0x4 ./include/pwm.o
 .debug_info    0x00000000      0x251 ./include/pwm.o
 .debug_abbrev  0x00000000       0xd2 ./include/pwm.o
 .debug_aranges
                0x00000000       0x58 ./include/pwm.o
 .debug_ranges  0x00000000       0x48 ./include/pwm.o
 .debug_macro   0x00000000       0xb0 ./include/pwm.o
 .debug_macro   0x00000000      0x868 ./include/pwm.o
 .debug_macro   0x00000000       0x52 ./include/pwm.o
 .debug_macro   0x00000000       0xa0 ./include/pwm.o
 .debug_macro   0x00000000       0x16 ./include/pwm.o
 .debug_macro   0x00000000       0x19 ./include/pwm.o
 .debug_macro   0x00000000       0x64 ./include/pwm.o
 .debug_macro   0x00000000      0x185 ./include/pwm.o
 .debug_macro   0x00000000      0x140 ./include/pwm.o
 .debug_macro   0x00000000       0x9d ./include/pwm.o
 .debug_macro   0x00000000       0x10 ./include/pwm.o
 .debug_macro   0x00000000      0x15b ./include/pwm.o
 .debug_macro   0x00000000       0x28 ./include/pwm.o
 .debug_macro   0x00000000       0x58 ./include/pwm.o
 .debug_macro   0x00000000     0xed1d ./include/pwm.o
 .debug_line    0x00000000      0x21a ./include/pwm.o
 .debug_str     0x00000000    0x63864 ./include/pwm.o
 .comment       0x00000000       0x71 ./include/pwm.o
 .debug_frame   0x00000000      0x120 ./include/pwm.o
 .ARM.attributes
                0x00000000       0x33 ./include/pwm.o
 .group         0x00000000        0x8 ./include/clocks_and_modes.o
 .group         0x00000000        0x8 ./include/clocks_and_modes.o
 .group         0x00000000        0x8 ./include/clocks_and_modes.o
 .group         0x00000000        0x8 ./include/clocks_and_modes.o
 .group         0x00000000        0x8 ./include/clocks_and_modes.o
 .group         0x00000000        0x8 ./include/clocks_and_modes.o
 .group         0x00000000        0x8 ./include/clocks_and_modes.o
 .group         0x00000000        0x8 ./include/clocks_and_modes.o
 .group         0x00000000        0x8 ./include/clocks_and_modes.o
 .group         0x00000000        0x8 ./include/clocks_and_modes.o
 .group         0x00000000        0x8 ./include/clocks_and_modes.o
 .group         0x00000000        0x8 ./include/clocks_and_modes.o
 .group         0x00000000        0x8 ./include/clocks_and_modes.o
 .group         0x00000000        0x8 ./include/clocks_and_modes.o
 .text          0x00000000        0x0 ./include/clocks_and_modes.o
 .data          0x00000000        0x0 ./include/clocks_and_modes.o
 .bss           0x00000000        0x0 ./include/clocks_and_modes.o
 .debug_macro   0x00000000      0x868 ./include/clocks_and_modes.o
 .debug_macro   0x00000000       0x52 ./include/clocks_and_modes.o
 .debug_macro   0x00000000       0xa0 ./include/clocks_and_modes.o
 .debug_macro   0x00000000       0x16 ./include/clocks_and_modes.o
 .debug_macro   0x00000000       0x19 ./include/clocks_and_modes.o
 .debug_macro   0x00000000       0x64 ./include/clocks_and_modes.o
 .debug_macro   0x00000000      0x185 ./include/clocks_and_modes.o
 .debug_macro   0x00000000      0x140 ./include/clocks_and_modes.o
 .debug_macro   0x00000000       0x9d ./include/clocks_and_modes.o
 .debug_macro   0x00000000       0x10 ./include/clocks_and_modes.o
 .debug_macro   0x00000000      0x15b ./include/clocks_and_modes.o
 .debug_macro   0x00000000       0x28 ./include/clocks_and_modes.o
 .debug_macro   0x00000000       0x58 ./include/clocks_and_modes.o
 .debug_macro   0x00000000     0xed1d ./include/clocks_and_modes.o
 .group         0x00000000        0x8 ./include/LPUART.o
 .group         0x00000000        0x8 ./include/LPUART.o
 .group         0x00000000        0x8 ./include/LPUART.o
 .group         0x00000000        0x8 ./include/LPUART.o
 .group         0x00000000        0x8 ./include/LPUART.o
 .group         0x00000000        0x8 ./include/LPUART.o
 .group         0x00000000        0x8 ./include/LPUART.o
 .group         0x00000000        0x8 ./include/LPUART.o
 .group         0x00000000        0x8 ./include/LPUART.o
 .group         0x00000000        0x8 ./include/LPUART.o
 .group         0x00000000        0x8 ./include/LPUART.o
 .group         0x00000000        0x8 ./include/LPUART.o
 .group         0x00000000        0x8 ./include/LPUART.o
 .group         0x00000000        0x8 ./include/LPUART.o
 .text          0x00000000        0x0 ./include/LPUART.o
 .data          0x00000000        0x0 ./include/LPUART.o
 .bss           0x00000000        0x0 ./include/LPUART.o
 .text.LPUART1_transmit_char
                0x00000000       0x30 ./include/LPUART.o
 .text.LPUART1_transmit_string
                0x00000000       0x34 ./include/LPUART.o
 .text.LPUART1_receive_char
                0x00000000       0x30 ./include/LPUART.o
 .text.LPUART1_receive_and_echo_char
                0x00000000       0x28 ./include/LPUART.o
 .debug_macro   0x00000000      0x868 ./include/LPUART.o
 .debug_macro   0x00000000       0x52 ./include/LPUART.o
 .debug_macro   0x00000000       0xa0 ./include/LPUART.o
 .debug_macro   0x00000000       0x16 ./include/LPUART.o
 .debug_macro   0x00000000       0x19 ./include/LPUART.o
 .debug_macro   0x00000000       0x64 ./include/LPUART.o
 .debug_macro   0x00000000      0x185 ./include/LPUART.o
 .debug_macro   0x00000000      0x140 ./include/LPUART.o
 .debug_macro   0x00000000       0x9d ./include/LPUART.o
 .debug_macro   0x00000000       0x10 ./include/LPUART.o
 .debug_macro   0x00000000      0x15b ./include/LPUART.o
 .debug_macro   0x00000000       0x28 ./include/LPUART.o
 .debug_macro   0x00000000       0x58 ./include/LPUART.o
 .debug_macro   0x00000000     0xed1d ./include/LPUART.o
 .group         0x00000000        0x8 ./include/HC_SR04.o
 .group         0x00000000        0x8 ./include/HC_SR04.o
 .group         0x00000000        0x8 ./include/HC_SR04.o
 .group         0x00000000        0x8 ./include/HC_SR04.o
 .group         0x00000000        0x8 ./include/HC_SR04.o
 .group         0x00000000        0x8 ./include/HC_SR04.o
 .group         0x00000000        0x8 ./include/HC_SR04.o
 .group         0x00000000        0x8 ./include/HC_SR04.o
 .group         0x00000000        0x8 ./include/HC_SR04.o
 .group         0x00000000        0x8 ./include/HC_SR04.o
 .group         0x00000000        0x8 ./include/HC_SR04.o
 .group         0x00000000        0x8 ./include/HC_SR04.o
 .group         0x00000000        0x8 ./include/HC_SR04.o
 .group         0x00000000        0x8 ./include/HC_SR04.o
 .group         0x00000000        0x8 ./include/HC_SR04.o
 .text          0x00000000        0x0 ./include/HC_SR04.o
 .data          0x00000000        0x0 ./include/HC_SR04.o
 .bss           0x00000000        0x0 ./include/HC_SR04.o
 .debug_macro   0x00000000      0x868 ./include/HC_SR04.o
 .debug_macro   0x00000000       0x52 ./include/HC_SR04.o
 .debug_macro   0x00000000       0xa0 ./include/HC_SR04.o
 .debug_macro   0x00000000       0x16 ./include/HC_SR04.o
 .debug_macro   0x00000000       0x19 ./include/HC_SR04.o
 .debug_macro   0x00000000       0x64 ./include/HC_SR04.o
 .debug_macro   0x00000000      0x185 ./include/HC_SR04.o
 .debug_macro   0x00000000      0x140 ./include/HC_SR04.o
 .debug_macro   0x00000000       0x9d ./include/HC_SR04.o
 .debug_macro   0x00000000       0x10 ./include/HC_SR04.o
 .debug_macro   0x00000000      0x15b ./include/HC_SR04.o
 .debug_macro   0x00000000       0x28 ./include/HC_SR04.o
 .debug_macro   0x00000000       0x58 ./include/HC_SR04.o
 .debug_macro   0x00000000     0xed1d ./include/HC_SR04.o
 .debug_macro   0x00000000       0x22 ./include/HC_SR04.o
 .group         0x00000000        0x8 ./include/FlexCAN.o
 .group         0x00000000        0x8 ./include/FlexCAN.o
 .group         0x00000000        0x8 ./include/FlexCAN.o
 .group         0x00000000        0x8 ./include/FlexCAN.o
 .group         0x00000000        0x8 ./include/FlexCAN.o
 .group         0x00000000        0x8 ./include/FlexCAN.o
 .group         0x00000000        0x8 ./include/FlexCAN.o
 .group         0x00000000        0x8 ./include/FlexCAN.o
 .group         0x00000000        0x8 ./include/FlexCAN.o
 .group         0x00000000        0x8 ./include/FlexCAN.o
 .group         0x00000000        0x8 ./include/FlexCAN.o
 .group         0x00000000        0x8 ./include/FlexCAN.o
 .group         0x00000000        0x8 ./include/FlexCAN.o
 .group         0x00000000        0x8 ./include/FlexCAN.o
 .text          0x00000000        0x0 ./include/FlexCAN.o
 .data          0x00000000        0x0 ./include/FlexCAN.o
 .bss           0x00000000        0x0 ./include/FlexCAN.o
 .text.FLEXCAN0_init
                0x00000000       0xe8 ./include/FlexCAN.o
 .text.FLEXCAN0_transmit_msg
                0x00000000       0x48 ./include/FlexCAN.o
 .text.FLEXCAN0_transmit_msg_ushort
                0x00000000       0x4c ./include/FlexCAN.o
 .text.FLEXCAN0_receive_msg
                0x00000000       0xa8 ./include/FlexCAN.o
 .debug_info    0x00000000      0x503 ./include/FlexCAN.o
 .debug_abbrev  0x00000000      0x152 ./include/FlexCAN.o
 .debug_aranges
                0x00000000       0x38 ./include/FlexCAN.o
 .debug_ranges  0x00000000       0x28 ./include/FlexCAN.o
 .debug_macro   0x00000000       0xb6 ./include/FlexCAN.o
 .debug_macro   0x00000000      0x868 ./include/FlexCAN.o
 .debug_macro   0x00000000       0x52 ./include/FlexCAN.o
 .debug_macro   0x00000000       0xa0 ./include/FlexCAN.o
 .debug_macro   0x00000000       0x16 ./include/FlexCAN.o
 .debug_macro   0x00000000       0x19 ./include/FlexCAN.o
 .debug_macro   0x00000000       0x64 ./include/FlexCAN.o
 .debug_macro   0x00000000      0x185 ./include/FlexCAN.o
 .debug_macro   0x00000000      0x140 ./include/FlexCAN.o
 .debug_macro   0x00000000       0x9d ./include/FlexCAN.o
 .debug_macro   0x00000000       0x10 ./include/FlexCAN.o
 .debug_macro   0x00000000      0x15b ./include/FlexCAN.o
 .debug_macro   0x00000000       0x28 ./include/FlexCAN.o
 .debug_macro   0x00000000       0x58 ./include/FlexCAN.o
 .debug_macro   0x00000000     0xed1d ./include/FlexCAN.o
 .debug_line    0x00000000      0x22d ./include/FlexCAN.o
 .debug_str     0x00000000    0x63982 ./include/FlexCAN.o
 .comment       0x00000000       0x71 ./include/FlexCAN.o
 .debug_frame   0x00000000       0xa8 ./include/FlexCAN.o
 .ARM.attributes
                0x00000000       0x33 ./include/FlexCAN.o
 COMMON         0x00000000       0x18 ./include/FlexCAN.o
 .group         0x00000000        0x8 ./include/FTM.o
 .group         0x00000000        0x8 ./include/FTM.o
 .group         0x00000000        0x8 ./include/FTM.o
 .group         0x00000000        0x8 ./include/FTM.o
 .group         0x00000000        0x8 ./include/FTM.o
 .group         0x00000000        0x8 ./include/FTM.o
 .group         0x00000000        0x8 ./include/FTM.o
 .group         0x00000000        0x8 ./include/FTM.o
 .group         0x00000000        0x8 ./include/FTM.o
 .group         0x00000000        0x8 ./include/FTM.o
 .group         0x00000000        0x8 ./include/FTM.o
 .group         0x00000000        0x8 ./include/FTM.o
 .group         0x00000000        0x8 ./include/FTM.o
 .group         0x00000000        0x8 ./include/FTM.o
 .text          0x00000000        0x0 ./include/FTM.o
 .data          0x00000000        0x0 ./include/FTM.o
 .bss           0x00000000        0x0 ./include/FTM.o
 .bss.CurrentCaptureVal
                0x00000000        0x2 ./include/FTM.o
 .bss.PriorCaptureVal
                0x00000000        0x2 ./include/FTM.o
 .bss.DeltaCapture
                0x00000000        0x2 ./include/FTM.o
 .text.FTM0_init
                0x00000000       0x60 ./include/FTM.o
 .text.FTM0_CH0_OC_init
                0x00000000       0x2c ./include/FTM.o
 .text.FTM0_CH1_PWM_init
                0x00000000       0x20 ./include/FTM.o
 .text.FTM0_CH6_IC_init
                0x00000000       0x18 ./include/FTM.o
 .text.FTM0_CH0_output_compare
                0x00000000       0x4c ./include/FTM.o
 .text.FTM0_CH6_input_capture
                0x00000000       0x58 ./include/FTM.o
 .text.start_FTM0_counter
                0x00000000       0x1c ./include/FTM.o
 .debug_info    0x00000000      0x379 ./include/FTM.o
 .debug_abbrev  0x00000000       0xc1 ./include/FTM.o
 .debug_aranges
                0x00000000       0x50 ./include/FTM.o
 .debug_ranges  0x00000000       0x40 ./include/FTM.o
 .debug_macro   0x00000000       0xb0 ./include/FTM.o
 .debug_macro   0x00000000      0x868 ./include/FTM.o
 .debug_macro   0x00000000       0x52 ./include/FTM.o
 .debug_macro   0x00000000       0xa0 ./include/FTM.o
 .debug_macro   0x00000000       0x16 ./include/FTM.o
 .debug_macro   0x00000000       0x19 ./include/FTM.o
 .debug_macro   0x00000000       0x64 ./include/FTM.o
 .debug_macro   0x00000000      0x185 ./include/FTM.o
 .debug_macro   0x00000000      0x140 ./include/FTM.o
 .debug_macro   0x00000000       0x9d ./include/FTM.o
 .debug_macro   0x00000000       0x10 ./include/FTM.o
 .debug_macro   0x00000000      0x15b ./include/FTM.o
 .debug_macro   0x00000000       0x28 ./include/FTM.o
 .debug_macro   0x00000000       0x58 ./include/FTM.o
 .debug_macro   0x00000000     0xed1d ./include/FTM.o
 .debug_line    0x00000000      0x201 ./include/FTM.o
 .debug_str     0x00000000    0x63924 ./include/FTM.o
 .comment       0x00000000       0x71 ./include/FTM.o
 .debug_frame   0x00000000       0xf0 ./include/FTM.o
 .ARM.attributes
                0x00000000       0x33 ./include/FTM.o
 .group         0x00000000        0x8 ./Project_Settings/Startup_Code/system_S32K144.o
 .group         0x00000000        0x8 ./Project_Settings/Startup_Code/system_S32K144.o
 .group         0x00000000        0x8 ./Project_Settings/Startup_Code/system_S32K144.o
 .group         0x00000000        0x8 ./Project_Settings/Startup_Code/system_S32K144.o
 .group         0x00000000        0x8 ./Project_Settings/Startup_Code/system_S32K144.o
 .group         0x00000000        0x8 ./Project_Settings/Startup_Code/system_S32K144.o
 .group         0x00000000        0x8 ./Project_Settings/Startup_Code/system_S32K144.o
 .group         0x00000000        0x8 ./Project_Settings/Startup_Code/system_S32K144.o
 .group         0x00000000        0x8 ./Project_Settings/Startup_Code/system_S32K144.o
 .group         0x00000000        0x8 ./Project_Settings/Startup_Code/system_S32K144.o
 .group         0x00000000        0x8 ./Project_Settings/Startup_Code/system_S32K144.o
 .group         0x00000000        0x8 ./Project_Settings/Startup_Code/system_S32K144.o
 .group         0x00000000        0x8 ./Project_Settings/Startup_Code/system_S32K144.o
 .group         0x00000000        0x8 ./Project_Settings/Startup_Code/system_S32K144.o
 .group         0x00000000        0x8 ./Project_Settings/Startup_Code/system_S32K144.o
 .group         0x00000000        0x8 ./Project_Settings/Startup_Code/system_S32K144.o
 .group         0x00000000        0x8 ./Project_Settings/Startup_Code/system_S32K144.o
 .group         0x00000000        0x8 ./Project_Settings/Startup_Code/system_S32K144.o
 .group         0x00000000        0x8 ./Project_Settings/Startup_Code/system_S32K144.o
 .text          0x00000000        0x0 ./Project_Settings/Startup_Code/system_S32K144.o
 .data          0x00000000        0x0 ./Project_Settings/Startup_Code/system_S32K144.o
 .bss           0x00000000        0x0 ./Project_Settings/Startup_Code/system_S32K144.o
 .data.SystemCoreClock
                0x00000000        0x4 ./Project_Settings/Startup_Code/system_S32K144.o
 .text.SystemCoreClockUpdate
                0x00000000       0xe8 ./Project_Settings/Startup_Code/system_S32K144.o
 .text.SystemSoftwareReset
                0x00000000       0x40 ./Project_Settings/Startup_Code/system_S32K144.o
 .rodata.fircFreq.5151
                0x00000000        0x4 ./Project_Settings/Startup_Code/system_S32K144.o
 .debug_macro   0x00000000      0x868 ./Project_Settings/Startup_Code/system_S32K144.o
 .debug_macro   0x00000000       0x52 ./Project_Settings/Startup_Code/system_S32K144.o
 .debug_macro   0x00000000       0xa0 ./Project_Settings/Startup_Code/system_S32K144.o
 .debug_macro   0x00000000       0x16 ./Project_Settings/Startup_Code/system_S32K144.o
 .debug_macro   0x00000000       0x19 ./Project_Settings/Startup_Code/system_S32K144.o
 .debug_macro   0x00000000       0x64 ./Project_Settings/Startup_Code/system_S32K144.o
 .debug_macro   0x00000000      0x185 ./Project_Settings/Startup_Code/system_S32K144.o
 .debug_macro   0x00000000      0x140 ./Project_Settings/Startup_Code/system_S32K144.o
 .debug_macro   0x00000000       0x9d ./Project_Settings/Startup_Code/system_S32K144.o
 .debug_macro   0x00000000       0x10 ./Project_Settings/Startup_Code/system_S32K144.o
 .debug_macro   0x00000000      0x15b ./Project_Settings/Startup_Code/system_S32K144.o
 .debug_macro   0x00000000       0x28 ./Project_Settings/Startup_Code/system_S32K144.o
 .debug_macro   0x00000000       0x58 ./Project_Settings/Startup_Code/system_S32K144.o
 .debug_macro   0x00000000     0xed1d ./Project_Settings/Startup_Code/system_S32K144.o
 .data          0x00000000        0x0 ./Project_Settings/Startup_Code/startup_S32K144.o
 .bss           0x00000000        0x0 ./Project_Settings/Startup_Code/startup_S32K144.o
 .group         0x00000000        0x8 ./Project_Settings/Startup_Code/startup.o
 .group         0x00000000        0x8 ./Project_Settings/Startup_Code/startup.o
 .group         0x00000000        0x8 ./Project_Settings/Startup_Code/startup.o
 .group         0x00000000        0x8 ./Project_Settings/Startup_Code/startup.o
 .group         0x00000000        0x8 ./Project_Settings/Startup_Code/startup.o
 .group         0x00000000        0x8 ./Project_Settings/Startup_Code/startup.o
 .group         0x00000000        0x8 ./Project_Settings/Startup_Code/startup.o
 .group         0x00000000        0x8 ./Project_Settings/Startup_Code/startup.o
 .group         0x00000000        0x8 ./Project_Settings/Startup_Code/startup.o
 .group         0x00000000        0x8 ./Project_Settings/Startup_Code/startup.o
 .group         0x00000000        0x8 ./Project_Settings/Startup_Code/startup.o
 .group         0x00000000        0x8 ./Project_Settings/Startup_Code/startup.o
 .group         0x00000000        0x8 ./Project_Settings/Startup_Code/startup.o
 .group         0x00000000        0x8 ./Project_Settings/Startup_Code/startup.o
 .group         0x00000000        0x8 ./Project_Settings/Startup_Code/startup.o
 .group         0x00000000        0x8 ./Project_Settings/Startup_Code/startup.o
 .group         0x00000000        0x8 ./Project_Settings/Startup_Code/startup.o
 .group         0x00000000        0x8 ./Project_Settings/Startup_Code/startup.o
 .text          0x00000000        0x0 ./Project_Settings/Startup_Code/startup.o
 .data          0x00000000        0x0 ./Project_Settings/Startup_Code/startup.o
 .bss           0x00000000        0x0 ./Project_Settings/Startup_Code/startup.o
 .debug_macro   0x00000000      0x868 ./Project_Settings/Startup_Code/startup.o
 .debug_macro   0x00000000       0x52 ./Project_Settings/Startup_Code/startup.o
 .debug_macro   0x00000000       0xa0 ./Project_Settings/Startup_Code/startup.o
 .debug_macro   0x00000000       0x16 ./Project_Settings/Startup_Code/startup.o
 .debug_macro   0x00000000       0x64 ./Project_Settings/Startup_Code/startup.o
 .debug_macro   0x00000000      0x185 ./Project_Settings/Startup_Code/startup.o
 .debug_macro   0x00000000      0x140 ./Project_Settings/Startup_Code/startup.o
 .debug_macro   0x00000000       0x9d ./Project_Settings/Startup_Code/startup.o
 .debug_macro   0x00000000       0x10 ./Project_Settings/Startup_Code/startup.o
 .debug_macro   0x00000000      0x15b ./Project_Settings/Startup_Code/startup.o
 .debug_macro   0x00000000       0x28 ./Project_Settings/Startup_Code/startup.o
 .debug_macro   0x00000000       0x58 ./Project_Settings/Startup_Code/startup.o
 .debug_macro   0x00000000       0x10 ./Project_Settings/Startup_Code/startup.o
 .debug_macro   0x00000000       0x73 ./Project_Settings/Startup_Code/startup.o
 .debug_macro   0x00000000      0xb9b ./Project_Settings/Startup_Code/startup.o
 .debug_macro   0x00000000       0x22 ./Project_Settings/Startup_Code/startup.o
 .text          0x00000000        0x0 C:/NXP/S32DS_ARM_v2018.R1/S32DS/arm_ewl2/lib/armv7e-m\libc99.a(exit.o)
 .data          0x00000000        0x0 C:/NXP/S32DS_ARM_v2018.R1/S32DS/arm_ewl2/lib/armv7e-m\libc99.a(exit.o)
 .bss           0x00000000        0x0 C:/NXP/S32DS_ARM_v2018.R1/S32DS/arm_ewl2/lib/armv7e-m\libc99.a(exit.o)
 .text.exit     0x00000000       0x38 C:/NXP/S32DS_ARM_v2018.R1/S32DS/arm_ewl2/lib/armv7e-m\libc99.a(exit.o)
 .text._Exit    0x00000000        0x4 C:/NXP/S32DS_ARM_v2018.R1/S32DS/arm_ewl2/lib/armv7e-m\libc99.a(exit.o)
 .bss.__stdio_exit
                0x00000000        0x4 C:/NXP/S32DS_ARM_v2018.R1/S32DS/arm_ewl2/lib/armv7e-m\libc99.a(exit.o)
 .bss.__console_exit
                0x00000000        0x4 C:/NXP/S32DS_ARM_v2018.R1/S32DS/arm_ewl2/lib/armv7e-m\libc99.a(exit.o)
 .debug_info    0x00000000      0x111 C:/NXP/S32DS_ARM_v2018.R1/S32DS/arm_ewl2/lib/armv7e-m\libc99.a(exit.o)
 .debug_abbrev  0x00000000       0x91 C:/NXP/S32DS_ARM_v2018.R1/S32DS/arm_ewl2/lib/armv7e-m\libc99.a(exit.o)
 .debug_loc     0x00000000       0x5d C:/NXP/S32DS_ARM_v2018.R1/S32DS/arm_ewl2/lib/armv7e-m\libc99.a(exit.o)
 .debug_aranges
                0x00000000       0x28 C:/NXP/S32DS_ARM_v2018.R1/S32DS/arm_ewl2/lib/armv7e-m\libc99.a(exit.o)
 .debug_line    0x00000000       0xa4 C:/NXP/S32DS_ARM_v2018.R1/S32DS/arm_ewl2/lib/armv7e-m\libc99.a(exit.o)
 .debug_str     0x00000000      0x23c C:/NXP/S32DS_ARM_v2018.R1/S32DS/arm_ewl2/lib/armv7e-m\libc99.a(exit.o)
 .comment       0x00000000       0x71 C:/NXP/S32DS_ARM_v2018.R1/S32DS/arm_ewl2/lib/armv7e-m\libc99.a(exit.o)
 .debug_frame   0x00000000       0x3c C:/NXP/S32DS_ARM_v2018.R1/S32DS/arm_ewl2/lib/armv7e-m\libc99.a(exit.o)
 .ARM.attributes
                0x00000000       0x33 C:/NXP/S32DS_ARM_v2018.R1/S32DS/arm_ewl2/lib/armv7e-m\libc99.a(exit.o)
 .text          0x00000000        0x0 C:/NXP/S32DS_ARM_v2018.R1/S32DS/arm_ewl2/lib/armv7e-m\libc99.a(memset.o)
 .data          0x00000000        0x0 C:/NXP/S32DS_ARM_v2018.R1/S32DS/arm_ewl2/lib/armv7e-m\libc99.a(memset.o)
 .bss           0x00000000        0x0 C:/NXP/S32DS_ARM_v2018.R1/S32DS/arm_ewl2/lib/armv7e-m\libc99.a(memset.o)
 .text.memset   0x00000000        0xc C:/NXP/S32DS_ARM_v2018.R1/S32DS/arm_ewl2/lib/armv7e-m\libc99.a(memset.o)
 .debug_info    0x00000000       0xec C:/NXP/S32DS_ARM_v2018.R1/S32DS/arm_ewl2/lib/armv7e-m\libc99.a(memset.o)
 .debug_abbrev  0x00000000       0x62 C:/NXP/S32DS_ARM_v2018.R1/S32DS/arm_ewl2/lib/armv7e-m\libc99.a(memset.o)
 .debug_loc     0x00000000       0x64 C:/NXP/S32DS_ARM_v2018.R1/S32DS/arm_ewl2/lib/armv7e-m\libc99.a(memset.o)
 .debug_aranges
                0x00000000       0x20 C:/NXP/S32DS_ARM_v2018.R1/S32DS/arm_ewl2/lib/armv7e-m\libc99.a(memset.o)
 .debug_line    0x00000000       0x8f C:/NXP/S32DS_ARM_v2018.R1/S32DS/arm_ewl2/lib/armv7e-m\libc99.a(memset.o)
 .debug_str     0x00000000      0x21f C:/NXP/S32DS_ARM_v2018.R1/S32DS/arm_ewl2/lib/armv7e-m\libc99.a(memset.o)
 .comment       0x00000000       0x71 C:/NXP/S32DS_ARM_v2018.R1/S32DS/arm_ewl2/lib/armv7e-m\libc99.a(memset.o)
 .debug_frame   0x00000000       0x28 C:/NXP/S32DS_ARM_v2018.R1/S32DS/arm_ewl2/lib/armv7e-m\libc99.a(memset.o)
 .ARM.attributes
                0x00000000       0x33 C:/NXP/S32DS_ARM_v2018.R1/S32DS/arm_ewl2/lib/armv7e-m\libc99.a(memset.o)
 .text          0x00000000        0x0 C:/NXP/S32DS_ARM_v2018.R1/S32DS/arm_ewl2/lib/armv7e-m\libc99.a(__filll_mem.o)
 .data          0x00000000        0x0 C:/NXP/S32DS_ARM_v2018.R1/S32DS/arm_ewl2/lib/armv7e-m\libc99.a(__filll_mem.o)
 .bss           0x00000000        0x0 C:/NXP/S32DS_ARM_v2018.R1/S32DS/arm_ewl2/lib/armv7e-m\libc99.a(__filll_mem.o)
 .text.__fill_mem
                0x00000000       0x7a C:/NXP/S32DS_ARM_v2018.R1/S32DS/arm_ewl2/lib/armv7e-m\libc99.a(__filll_mem.o)
 .debug_info    0x00000000      0x137 C:/NXP/S32DS_ARM_v2018.R1/S32DS/arm_ewl2/lib/armv7e-m\libc99.a(__filll_mem.o)
 .debug_abbrev  0x00000000       0x78 C:/NXP/S32DS_ARM_v2018.R1/S32DS/arm_ewl2/lib/armv7e-m\libc99.a(__filll_mem.o)
 .debug_loc     0x00000000      0x16b C:/NXP/S32DS_ARM_v2018.R1/S32DS/arm_ewl2/lib/armv7e-m\libc99.a(__filll_mem.o)
 .debug_aranges
                0x00000000       0x20 C:/NXP/S32DS_ARM_v2018.R1/S32DS/arm_ewl2/lib/armv7e-m\libc99.a(__filll_mem.o)
 .debug_line    0x00000000       0xb2 C:/NXP/S32DS_ARM_v2018.R1/S32DS/arm_ewl2/lib/armv7e-m\libc99.a(__filll_mem.o)
 .debug_str     0x00000000      0x231 C:/NXP/S32DS_ARM_v2018.R1/S32DS/arm_ewl2/lib/armv7e-m\libc99.a(__filll_mem.o)
 .comment       0x00000000       0x71 C:/NXP/S32DS_ARM_v2018.R1/S32DS/arm_ewl2/lib/armv7e-m\libc99.a(__filll_mem.o)
 .debug_frame   0x00000000       0x28 C:/NXP/S32DS_ARM_v2018.R1/S32DS/arm_ewl2/lib/armv7e-m\libc99.a(__filll_mem.o)
 .ARM.attributes
                0x00000000       0x33 C:/NXP/S32DS_ARM_v2018.R1/S32DS/arm_ewl2/lib/armv7e-m\libc99.a(__filll_mem.o)
 .data          0x00000000        0x0 c:/nxp/s32ds_arm_v2018.r1/cross_tools/gcc-arm-none-eabi-4_9/bin/../lib/gcc/arm-none-eabi/4.9.3/armv7e-m\libgcc.a(_aeabi_uldivmod.o)
 .bss           0x00000000        0x0 c:/nxp/s32ds_arm_v2018.r1/cross_tools/gcc-arm-none-eabi-4_9/bin/../lib/gcc/arm-none-eabi/4.9.3/armv7e-m\libgcc.a(_aeabi_uldivmod.o)
 .data          0x00000000        0x0 c:/nxp/s32ds_arm_v2018.r1/cross_tools/gcc-arm-none-eabi-4_9/bin/../lib/gcc/arm-none-eabi/4.9.3/armv7e-m\libgcc.a(bpabi.o)
 .bss           0x00000000        0x0 c:/nxp/s32ds_arm_v2018.r1/cross_tools/gcc-arm-none-eabi-4_9/bin/../lib/gcc/arm-none-eabi/4.9.3/armv7e-m\libgcc.a(bpabi.o)
 .data          0x00000000        0x0 c:/nxp/s32ds_arm_v2018.r1/cross_tools/gcc-arm-none-eabi-4_9/bin/../lib/gcc/arm-none-eabi/4.9.3/armv7e-m\libgcc.a(_dvmd_tls.o)
 .bss           0x00000000        0x0 c:/nxp/s32ds_arm_v2018.r1/cross_tools/gcc-arm-none-eabi-4_9/bin/../lib/gcc/arm-none-eabi/4.9.3/armv7e-m\libgcc.a(_dvmd_tls.o)
 .data          0x00000000        0x0 c:/nxp/s32ds_arm_v2018.r1/cross_tools/gcc-arm-none-eabi-4_9/bin/../lib/gcc/arm-none-eabi/4.9.3/armv7e-m\libgcc.a(_divdi3.o)
 .bss           0x00000000        0x0 c:/nxp/s32ds_arm_v2018.r1/cross_tools/gcc-arm-none-eabi-4_9/bin/../lib/gcc/arm-none-eabi/4.9.3/armv7e-m\libgcc.a(_divdi3.o)
 .ARM.extab     0x00000000        0x0 c:/nxp/s32ds_arm_v2018.r1/cross_tools/gcc-arm-none-eabi-4_9/bin/../lib/gcc/arm-none-eabi/4.9.3/armv7e-m\libgcc.a(_divdi3.o)
 .data          0x00000000        0x0 c:/nxp/s32ds_arm_v2018.r1/cross_tools/gcc-arm-none-eabi-4_9/bin/../lib/gcc/arm-none-eabi/4.9.3/armv7e-m\libgcc.a(_udivdi3.o)
 .bss           0x00000000        0x0 c:/nxp/s32ds_arm_v2018.r1/cross_tools/gcc-arm-none-eabi-4_9/bin/../lib/gcc/arm-none-eabi/4.9.3/armv7e-m\libgcc.a(_udivdi3.o)
 .ARM.extab     0x00000000        0x0 c:/nxp/s32ds_arm_v2018.r1/cross_tools/gcc-arm-none-eabi-4_9/bin/../lib/gcc/arm-none-eabi/4.9.3/armv7e-m\libgcc.a(_udivdi3.o)
 .text          0x00000000        0x0 C:/NXP/S32DS_ARM_v2018.R1/S32DS/arm_ewl2/lib/armv7e-m\librt.a(gcc_ctor_dtor.o)
 .data          0x00000000        0x0 C:/NXP/S32DS_ARM_v2018.R1/S32DS/arm_ewl2/lib/armv7e-m\librt.a(gcc_ctor_dtor.o)
 .bss           0x00000000        0x0 C:/NXP/S32DS_ARM_v2018.R1/S32DS/arm_ewl2/lib/armv7e-m\librt.a(gcc_ctor_dtor.o)
 .text.__init_cpp
                0x00000000       0x4c C:/NXP/S32DS_ARM_v2018.R1/S32DS/arm_ewl2/lib/armv7e-m\librt.a(gcc_ctor_dtor.o)
 .text.__fini_cpp
                0x00000000       0x34 C:/NXP/S32DS_ARM_v2018.R1/S32DS/arm_ewl2/lib/armv7e-m\librt.a(gcc_ctor_dtor.o)
 .text._ExitProcess
                0x00000000        0x2 C:/NXP/S32DS_ARM_v2018.R1/S32DS/arm_ewl2/lib/armv7e-m\librt.a(gcc_ctor_dtor.o)
 .bss.__dso_handle
                0x00000000        0x4 C:/NXP/S32DS_ARM_v2018.R1/S32DS/arm_ewl2/lib/armv7e-m\librt.a(gcc_ctor_dtor.o)
 .debug_info    0x00000000      0x14a C:/NXP/S32DS_ARM_v2018.R1/S32DS/arm_ewl2/lib/armv7e-m\librt.a(gcc_ctor_dtor.o)
 .debug_abbrev  0x00000000       0xae C:/NXP/S32DS_ARM_v2018.R1/S32DS/arm_ewl2/lib/armv7e-m\librt.a(gcc_ctor_dtor.o)
 .debug_loc     0x00000000       0x9d C:/NXP/S32DS_ARM_v2018.R1/S32DS/arm_ewl2/lib/armv7e-m\librt.a(gcc_ctor_dtor.o)
 .debug_aranges
                0x00000000       0x30 C:/NXP/S32DS_ARM_v2018.R1/S32DS/arm_ewl2/lib/armv7e-m\librt.a(gcc_ctor_dtor.o)
 .debug_line    0x00000000       0x74 C:/NXP/S32DS_ARM_v2018.R1/S32DS/arm_ewl2/lib/armv7e-m\librt.a(gcc_ctor_dtor.o)
 .debug_str     0x00000000      0x28e C:/NXP/S32DS_ARM_v2018.R1/S32DS/arm_ewl2/lib/armv7e-m\librt.a(gcc_ctor_dtor.o)
 .comment       0x00000000       0x71 C:/NXP/S32DS_ARM_v2018.R1/S32DS/arm_ewl2/lib/armv7e-m\librt.a(gcc_ctor_dtor.o)
 .debug_frame   0x00000000       0x50 C:/NXP/S32DS_ARM_v2018.R1/S32DS/arm_ewl2/lib/armv7e-m\librt.a(gcc_ctor_dtor.o)
 .ARM.attributes
                0x00000000       0x33 C:/NXP/S32DS_ARM_v2018.R1/S32DS/arm_ewl2/lib/armv7e-m\librt.a(gcc_ctor_dtor.o)
 .text          0x00000000        0x0 C:/NXP/S32DS_ARM_v2018.R1/S32DS/arm_ewl2/lib/armv7e-m\librt.a(__arm_eabi_init.o)
 .data          0x00000000        0x0 C:/NXP/S32DS_ARM_v2018.R1/S32DS/arm_ewl2/lib/armv7e-m\librt.a(__arm_eabi_init.o)
 .bss           0x00000000        0x0 C:/NXP/S32DS_ARM_v2018.R1/S32DS/arm_ewl2/lib/armv7e-m\librt.a(__arm_eabi_init.o)
 .text.__destroy_global_chain
                0x00000000       0x18 C:/NXP/S32DS_ARM_v2018.R1/S32DS/arm_ewl2/lib/armv7e-m\librt.a(__arm_eabi_init.o)
 .text.__register_global_object
                0x00000000       0x14 C:/NXP/S32DS_ARM_v2018.R1/S32DS/arm_ewl2/lib/armv7e-m\librt.a(__arm_eabi_init.o)
 .text.__cxa_atexit
                0x00000000       0x38 C:/NXP/S32DS_ARM_v2018.R1/S32DS/arm_ewl2/lib/armv7e-m\librt.a(__arm_eabi_init.o)
 .text.__aeabi_atexit
                0x00000000        0xa C:/NXP/S32DS_ARM_v2018.R1/S32DS/arm_ewl2/lib/armv7e-m\librt.a(__arm_eabi_init.o)
 .text.__register_atexit
                0x00000000        0x8 C:/NXP/S32DS_ARM_v2018.R1/S32DS/arm_ewl2/lib/armv7e-m\librt.a(__arm_eabi_init.o)
 .text.__init_registers
                0x00000000       0x20 C:/NXP/S32DS_ARM_v2018.R1/S32DS/arm_ewl2/lib/armv7e-m\librt.a(__arm_eabi_init.o)
 .text.__init_hardware
                0x00000000        0x4 C:/NXP/S32DS_ARM_v2018.R1/S32DS/arm_ewl2/lib/armv7e-m\librt.a(__arm_eabi_init.o)
 .text.__init_user
                0x00000000        0x4 C:/NXP/S32DS_ARM_v2018.R1/S32DS/arm_ewl2/lib/armv7e-m\librt.a(__arm_eabi_init.o)
 .bss.atexit_curr_func
                0x00000000        0x4 C:/NXP/S32DS_ARM_v2018.R1/S32DS/arm_ewl2/lib/armv7e-m\librt.a(__arm_eabi_init.o)
 .bss.atexit_funcs
                0x00000000      0x300 C:/NXP/S32DS_ARM_v2018.R1/S32DS/arm_ewl2/lib/armv7e-m\librt.a(__arm_eabi_init.o)
 .bss.__global_destructor_chain
                0x00000000        0x4 C:/NXP/S32DS_ARM_v2018.R1/S32DS/arm_ewl2/lib/armv7e-m\librt.a(__arm_eabi_init.o)
 .debug_info    0x00000000      0x2b3 C:/NXP/S32DS_ARM_v2018.R1/S32DS/arm_ewl2/lib/armv7e-m\librt.a(__arm_eabi_init.o)
 .debug_abbrev  0x00000000      0x1d3 C:/NXP/S32DS_ARM_v2018.R1/S32DS/arm_ewl2/lib/armv7e-m\librt.a(__arm_eabi_init.o)
 .debug_loc     0x00000000      0x144 C:/NXP/S32DS_ARM_v2018.R1/S32DS/arm_ewl2/lib/armv7e-m\librt.a(__arm_eabi_init.o)
 .debug_aranges
                0x00000000       0x58 C:/NXP/S32DS_ARM_v2018.R1/S32DS/arm_ewl2/lib/armv7e-m\librt.a(__arm_eabi_init.o)
 .debug_line    0x00000000      0x107 C:/NXP/S32DS_ARM_v2018.R1/S32DS/arm_ewl2/lib/armv7e-m\librt.a(__arm_eabi_init.o)
 .debug_str     0x00000000      0x2b5 C:/NXP/S32DS_ARM_v2018.R1/S32DS/arm_ewl2/lib/armv7e-m\librt.a(__arm_eabi_init.o)
 .comment       0x00000000       0x71 C:/NXP/S32DS_ARM_v2018.R1/S32DS/arm_ewl2/lib/armv7e-m\librt.a(__arm_eabi_init.o)
 .debug_frame   0x00000000       0xac C:/NXP/S32DS_ARM_v2018.R1/S32DS/arm_ewl2/lib/armv7e-m\librt.a(__arm_eabi_init.o)
 .ARM.attributes
                0x00000000       0x33 C:/NXP/S32DS_ARM_v2018.R1/S32DS/arm_ewl2/lib/armv7e-m\librt.a(__arm_eabi_init.o)
 .text          0x00000000        0x0 C:/NXP/S32DS_ARM_v2018.R1/S32DS/arm_ewl2/lib/armv7e-m\librt.a(ROMCopy.o)
 .data          0x00000000        0x0 C:/NXP/S32DS_ARM_v2018.R1/S32DS/arm_ewl2/lib/armv7e-m\librt.a(ROMCopy.o)
 .bss           0x00000000        0x0 C:/NXP/S32DS_ARM_v2018.R1/S32DS/arm_ewl2/lib/armv7e-m\librt.a(ROMCopy.o)
 .text.__flush_cache
                0x00000000        0x2 C:/NXP/S32DS_ARM_v2018.R1/S32DS/arm_ewl2/lib/armv7e-m\librt.a(ROMCopy.o)
 .text.__copy_rom_section
                0x00000000       0x42 C:/NXP/S32DS_ARM_v2018.R1/S32DS/arm_ewl2/lib/armv7e-m\librt.a(ROMCopy.o)
 .text.__copy_rom_sections_to_ram
                0x00000000       0x28 C:/NXP/S32DS_ARM_v2018.R1/S32DS/arm_ewl2/lib/armv7e-m\librt.a(ROMCopy.o)
 .debug_info    0x00000000      0x20e C:/NXP/S32DS_ARM_v2018.R1/S32DS/arm_ewl2/lib/armv7e-m\librt.a(ROMCopy.o)
 .debug_abbrev  0x00000000      0x11f C:/NXP/S32DS_ARM_v2018.R1/S32DS/arm_ewl2/lib/armv7e-m\librt.a(ROMCopy.o)
 .debug_loc     0x00000000       0xb3 C:/NXP/S32DS_ARM_v2018.R1/S32DS/arm_ewl2/lib/armv7e-m\librt.a(ROMCopy.o)
 .debug_aranges
                0x00000000       0x30 C:/NXP/S32DS_ARM_v2018.R1/S32DS/arm_ewl2/lib/armv7e-m\librt.a(ROMCopy.o)
 .debug_line    0x00000000       0x9e C:/NXP/S32DS_ARM_v2018.R1/S32DS/arm_ewl2/lib/armv7e-m\librt.a(ROMCopy.o)
 .debug_str     0x00000000      0x233 C:/NXP/S32DS_ARM_v2018.R1/S32DS/arm_ewl2/lib/armv7e-m\librt.a(ROMCopy.o)
 .comment       0x00000000       0x71 C:/NXP/S32DS_ARM_v2018.R1/S32DS/arm_ewl2/lib/armv7e-m\librt.a(ROMCopy.o)
 .debug_frame   0x00000000       0x48 C:/NXP/S32DS_ARM_v2018.R1/S32DS/arm_ewl2/lib/armv7e-m\librt.a(ROMCopy.o)
 .ARM.attributes
                0x00000000       0x33 C:/NXP/S32DS_ARM_v2018.R1/S32DS/arm_ewl2/lib/armv7e-m\librt.a(ROMCopy.o)
 .text          0x00000000        0x0 C:/NXP/S32DS_ARM_v2018.R1/S32DS/arm_ewl2/lib/armv7e-m/__arm_end.o
 .data          0x00000000        0x0 C:/NXP/S32DS_ARM_v2018.R1/S32DS/arm_ewl2/lib/armv7e-m/__arm_end.o
 .bss           0x00000000        0x0 C:/NXP/S32DS_ARM_v2018.R1/S32DS/arm_ewl2/lib/armv7e-m/__arm_end.o
 .text._ExitProcess
                0x00000000        0x2 C:/NXP/S32DS_ARM_v2018.R1/S32DS/arm_ewl2/lib/armv7e-m/__arm_end.o
 .debug_info    0x00000000       0x4e C:/NXP/S32DS_ARM_v2018.R1/S32DS/arm_ewl2/lib/armv7e-m/__arm_end.o
 .debug_abbrev  0x00000000       0x4a C:/NXP/S32DS_ARM_v2018.R1/S32DS/arm_ewl2/lib/armv7e-m/__arm_end.o
 .debug_aranges
                0x00000000       0x20 C:/NXP/S32DS_ARM_v2018.R1/S32DS/arm_ewl2/lib/armv7e-m/__arm_end.o
 .debug_line    0x00000000       0x45 C:/NXP/S32DS_ARM_v2018.R1/S32DS/arm_ewl2/lib/armv7e-m/__arm_end.o
 .debug_str     0x00000000      0x1a7 C:/NXP/S32DS_ARM_v2018.R1/S32DS/arm_ewl2/lib/armv7e-m/__arm_end.o
 .comment       0x00000000       0x71 C:/NXP/S32DS_ARM_v2018.R1/S32DS/arm_ewl2/lib/armv7e-m/__arm_end.o
 .debug_frame   0x00000000       0x20 C:/NXP/S32DS_ARM_v2018.R1/S32DS/arm_ewl2/lib/armv7e-m/__arm_end.o
 .ARM.attributes
                0x00000000       0x33 C:/NXP/S32DS_ARM_v2018.R1/S32DS/arm_ewl2/lib/armv7e-m/__arm_end.o

Memory Configuration

Name             Origin             Length             Attributes
m_interrupts     0x00000000         0x00000400         xr
m_flash_config   0x00000400         0x00000010         xr
m_text           0x00000410         0x0007fbf0         xr
m_data           0x1fff8000         0x00008000         rw
m_data_2         0x20000000         0x00007000         rw
*default*        0x00000000         0xffffffff

Linker script and memory map

LOAD C:/NXP/S32DS_ARM_v2018.R1/S32DS/arm_ewl2/lib/armv7e-m/__arm_start.o
LOAD ./src/main.o
LOAD ./include/tasks.o
LOAD ./include/pwm.o
LOAD ./include/clocks_and_modes.o
LOAD ./include/LPUART.o
LOAD ./include/HC_SR04.o
LOAD ./include/FlexCAN.o
LOAD ./include/FTM.o
LOAD ./Project_Settings/Startup_Code/system_S32K144.o
LOAD ./Project_Settings/Startup_Code/startup_S32K144.o
LOAD ./Project_Settings/Startup_Code/startup.o
START GROUP
LOAD C:/NXP/S32DS_ARM_v2018.R1/S32DS/arm_ewl2/lib/armv7e-m\libc99.a
LOAD C:/NXP/S32DS_ARM_v2018.R1/S32DS/arm_ewl2/lib/armv7e-m\libm.a
LOAD c:/nxp/s32ds_arm_v2018.r1/cross_tools/gcc-arm-none-eabi-4_9/bin/../lib/gcc/arm-none-eabi/4.9.3/armv7e-m\libgcc.a
LOAD C:/NXP/S32DS_ARM_v2018.R1/S32DS/arm_ewl2/lib/armv7e-m\librt.a
LOAD C:/NXP/S32DS_ARM_v2018.R1/S32DS/arm_ewl2/lib/armv7e-m\libnoio.a
END GROUP
LOAD C:/NXP/S32DS_ARM_v2018.R1/S32DS/arm_ewl2/lib/armv7e-m/__arm_end.o
                0x00000400                HEAP_SIZE = DEFINED (__heap_size__)?__heap_size__:0x400
                0x00000400                STACK_SIZE = DEFINED (__stack_size__)?__stack_size__:0x400
                0x00000400                M_VECTOR_RAM_SIZE = DEFINED (__flash_vector_table__)?0x0:0x400

.interrupts     0x00000000      0x400
                0x00000000                __VECTOR_TABLE = .
                0x00000000                __interrupts_start__ = .
                0x00000000                . = ALIGN (0x4)
 *(.isr_vector)
 .isr_vector    0x00000000      0x400 ./Project_Settings/Startup_Code/startup_S32K144.o
                0x00000000                __isr_vector
                0x00000400                __interrupts_end__ = .
                0x00000400                . = ALIGN (0x4)

.flash_config   0x00000400       0x10
                0x00000400                . = ALIGN (0x4)
 *(.FlashConfig)
 .FlashConfig   0x00000400       0x10 ./Project_Settings/Startup_Code/startup_S32K144.o
                0x00000410                . = ALIGN (0x4)

.text           0x00000410      0xbf8
                0x00000410                . = ALIGN (0x4)
 *(.text)
 .text          0x00000410       0x44 ./Project_Settings/Startup_Code/startup_S32K144.o
                0x00000410                Reset_Handler
                0x00000450                DebugMon_Handler
                0x00000450                Reserved88_IRQHandler
                0x00000450                CAN0_ORed_IRQHandler
                0x00000450                HardFault_Handler
                0x00000450                Reserved86_IRQHandler
                0x00000450                Reserved103_IRQHandler
                0x00000450                SysTick_Handler
                0x00000450                FTM2_Ovf_Reload_IRQHandler
                0x00000450                Reserved50_IRQHandler
                0x00000450                FTFC_Fault_IRQHandler
                0x00000450                FTM0_Ch6_Ch7_IRQHandler
                0x00000450                Reserved114_IRQHandler
                0x00000450                PendSV_Handler
                0x00000450                NMI_Handler
                0x00000450                Reserved89_IRQHandler
                0x00000450                ERM_double_fault_IRQHandler
                0x00000450                DMA2_IRQHandler
                0x00000450                Reserved59_IRQHandler
                0x00000450                Reserved99_IRQHandler
                0x00000450                FTM3_Ch6_Ch7_IRQHandler
                0x00000450                CAN2_ORed_0_15_MB_IRQHandler
                0x00000450                LPIT0_Ch3_IRQHandler
                0x00000450                Reserved92_IRQHandler
                0x00000450                FTM0_Ch4_Ch5_IRQHandler
                0x00000450                CAN1_Error_IRQHandler
                0x00000450                FTM3_Ch0_Ch1_IRQHandler
                0x00000450                SWI_IRQHandler
                0x00000450                ADC0_IRQHandler
                0x00000450                FTM2_Ch4_Ch5_IRQHandler
                0x00000450                UsageFault_Handler
                0x00000450                FTM0_Ovf_Reload_IRQHandler
                0x00000450                DefaultISR
                0x00000450                DMA9_IRQHandler
                0x00000450                Reserved58_IRQHandler
                0x00000450                CAN1_ORed_0_15_MB_IRQHandler
                0x00000450                FTM1_Ch2_Ch3_IRQHandler
                0x00000450                DMA14_IRQHandler
                0x00000450                Reserved82_IRQHandler
                0x00000450                CAN0_ORed_16_31_MB_IRQHandler
                0x00000450                LPI2C0_Slave_IRQHandler
                0x00000450                Reserved71_IRQHandler
                0x00000450                PORTD_IRQHandler
                0x00000450                Reserved69_IRQHandler
                0x00000450                PORTB_IRQHandler
                0x00000450                Reserved70_IRQHandler
                0x00000450                ADC1_IRQHandler
                0x00000450                FTM2_Ch2_Ch3_IRQHandler
                0x00000450                Reserved53_IRQHandler
                0x00000450                DMA5_IRQHandler
                0x00000450                RTC_IRQHandler
                0x00000450                PDB0_IRQHandler
                0x00000450                Reserved54_IRQHandler
                0x00000450                FTM2_Ch6_Ch7_IRQHandler
                0x00000450                FTM3_Ch2_Ch3_IRQHandler
                0x00000450                FTM2_Ch0_Ch1_IRQHandler
                0x00000450                LPSPI1_IRQHandler
                0x00000450                LPUART1_RxTx_IRQHandler
                0x00000450                RTC_Seconds_IRQHandler
                0x00000450                CAN2_ORed_IRQHandler
                0x00000450                Reserved72_IRQHandler
                0x00000450                Reserved110_IRQHandler
                0x00000450                DMA11_IRQHandler
                0x00000450                Reserved107_IRQHandler
                0x00000450                Read_Collision_IRQHandler
                0x00000450                CAN2_Error_IRQHandler
                0x00000450                FTFC_IRQHandler
                0x00000450                DMA7_IRQHandler
                0x00000450                FTM1_Ch6_Ch7_IRQHandler
                0x00000450                Reserved105_IRQHandler
                0x00000450                LPIT0_Ch1_IRQHandler
                0x00000450                FTM1_Ch4_Ch5_IRQHandler
                0x00000450                FTM3_Ovf_Reload_IRQHandler
                0x00000450                LPUART2_RxTx_IRQHandler
                0x00000450                LPSPI0_IRQHandler
                0x00000450                WDOG_EWM_IRQHandler
                0x00000450                MemManage_Handler
                0x00000450                Reserved90_IRQHandler
                0x00000450                Reserved83_IRQHandler
                0x00000450                FTM0_Fault_IRQHandler
                0x00000450                Reserved48_IRQHandler
                0x00000450                SVC_Handler
                0x00000450                ERM_single_fault_IRQHandler
                0x00000450                FTM2_Fault_IRQHandler
                0x00000450                FTM0_Ch2_Ch3_IRQHandler
                0x00000450                DMA13_IRQHandler
                0x00000450                FTM0_Ch0_Ch1_IRQHandler
                0x00000450                FTM3_Fault_IRQHandler
                0x00000450                RCM_IRQHandler
                0x00000450                DMA3_IRQHandler
                0x00000450                Reserved100_IRQHandler
                0x00000450                DMA0_IRQHandler
                0x00000450                Reserved91_IRQHandler
                0x00000450                CAN1_ORed_IRQHandler
                0x00000450                DMA15_IRQHandler
                0x00000450                SCG_IRQHandler
                0x00000450                PDB1_IRQHandler
                0x00000450                Reserved81_IRQHandler
                0x00000450                Reserved46_IRQHandler
                0x00000450                Reserved45_IRQHandler
                0x00000450                CAN0_Error_IRQHandler
                0x00000450                Reserved112_IRQHandler
                0x00000450                LPI2C0_Master_IRQHandler
                0x00000450                DMA4_IRQHandler
                0x00000450                FTM1_Fault_IRQHandler
                0x00000450                Reserved106_IRQHandler
                0x00000450                DMA_Error_IRQHandler
                0x00000450                LVD_LVW_IRQHandler
                0x00000450                LPIT0_Ch2_IRQHandler
                0x00000450                PORTA_IRQHandler
                0x00000450                MCM_IRQHandler
                0x00000450                LPSPI2_IRQHandler
                0x00000450                DMA12_IRQHandler
                0x00000450                FTM3_Ch4_Ch5_IRQHandler
                0x00000450                CAN0_ORed_0_15_MB_IRQHandler
                0x00000450                PORTE_IRQHandler
                0x00000450                LPUART0_RxTx_IRQHandler
                0x00000450                LPTMR0_IRQHandler
                0x00000450                BusFault_Handler
                0x00000450                Reserved87_IRQHandler
                0x00000450                FTM1_Ovf_Reload_IRQHandler
                0x00000450                DMA8_IRQHandler
                0x00000450                Reserved93_IRQHandler
                0x00000450                DMA10_IRQHandler
                0x00000450                CAN0_Wake_Up_IRQHandler
                0x00000450                CMP0_IRQHandler
                0x00000450                Reserved52_IRQHandler
                0x00000450                PORTC_IRQHandler
                0x00000450                DMA6_IRQHandler
                0x00000450                FTM1_Ch0_Ch1_IRQHandler
                0x00000450                FLEXIO_IRQHandler
                0x00000450                DMA1_IRQHandler
                0x00000450                Reserved113_IRQHandler
 .text          0x00000454       0x30 c:/nxp/s32ds_arm_v2018.r1/cross_tools/gcc-arm-none-eabi-4_9/bin/../lib/gcc/arm-none-eabi/4.9.3/armv7e-m\libgcc.a(_aeabi_uldivmod.o)
                0x00000454                __aeabi_uldivmod
 .text          0x00000484       0x60 c:/nxp/s32ds_arm_v2018.r1/cross_tools/gcc-arm-none-eabi-4_9/bin/../lib/gcc/arm-none-eabi/4.9.3/armv7e-m\libgcc.a(bpabi.o)
                0x00000484                __gnu_ldivmod_helper
                0x000004b4                __gnu_uldivmod_helper
 .text          0x000004e4        0x4 c:/nxp/s32ds_arm_v2018.r1/cross_tools/gcc-arm-none-eabi-4_9/bin/../lib/gcc/arm-none-eabi/4.9.3/armv7e-m\libgcc.a(_dvmd_tls.o)
                0x000004e4                __aeabi_idiv0
                0x000004e4                __aeabi_ldiv0
 .text          0x000004e8      0x29c c:/nxp/s32ds_arm_v2018.r1/cross_tools/gcc-arm-none-eabi-4_9/bin/../lib/gcc/arm-none-eabi/4.9.3/armv7e-m\libgcc.a(_divdi3.o)
                0x000004e8                __divdi3
 .text          0x00000784      0x26c c:/nxp/s32ds_arm_v2018.r1/cross_tools/gcc-arm-none-eabi-4_9/bin/../lib/gcc/arm-none-eabi/4.9.3/armv7e-m\libgcc.a(_udivdi3.o)
                0x00000784                __udivdi3
 *(.text*)
 .text.turn_off_all_LEDs
                0x000009f0       0x20 ./src/main.o
                0x000009f0                turn_off_all_LEDs
 .text.PORT_init
                0x00000a10      0x100 ./src/main.o
                0x00000a10                PORT_init
 .text.turn_on_BLUE_LED
                0x00000b10       0x1c ./src/main.o
                0x00000b10                turn_on_BLUE_LED
 .text.turn_on_GREEN_LED
                0x00000b2c       0x1c ./src/main.o
                0x00000b2c                turn_on_GREEN_LED
 .text.turn_on_RED_LED
                0x00000b48       0x1c ./src/main.o
                0x00000b48                turn_on_RED_LED
 .text.WDOG_disable
                0x00000b64       0x2c ./src/main.o
                0x00000b64                WDOG_disable
 .text.update_lights
                0x00000b90       0x3c ./src/main.o
                0x00000b90                update_lights
 .text.NVIC_init_IRQs
                0x00000bcc       0x2c ./src/main.o
                0x00000bcc                NVIC_init_IRQs
 .text.LPIT0_init
                0x00000bf8       0x4c ./src/main.o
                0x00000bf8                LPIT0_init
 .text.main     0x00000c44       0x34 ./src/main.o
                0x00000c44                main
 .text.LPIT0_Ch0_IRQHandler
                0x00000c78       0x1c ./src/main.o
                0x00000c78                LPIT0_Ch0_IRQHandler
 .text.SOSC_init_8MHz
                0x00000c94       0x4c ./include/clocks_and_modes.o
                0x00000c94                SOSC_init_8MHz
 .text.SPLL_init_160MHz
                0x00000ce0       0x64 ./include/clocks_and_modes.o
                0x00000ce0                SPLL_init_160MHz
 .text.NormalRUNmode_80MHz
                0x00000d44       0x2c ./include/clocks_and_modes.o
                0x00000d44                NormalRUNmode_80MHz
 .text.LPUART1_init
                0x00000d70       0x48 ./include/LPUART.o
                0x00000d70                LPUART1_init
 .text.init_ultrasonic_sensor
                0x00000db8       0x28 ./include/HC_SR04.o
                0x00000db8                init_ultrasonic_sensor
 .text.read_distance
                0x00000de0      0x104 ./include/HC_SR04.o
                0x00000de0                read_distance
 .text.SystemInit
                0x00000ee4       0x30 ./Project_Settings/Startup_Code/system_S32K144.o
                0x00000ee4                SystemInit
 .text.init_data_bss
                0x00000f14       0xf4 ./Project_Settings/Startup_Code/startup.o
                0x00000f14                init_data_bss
 *(.rodata)
 *(.rodata*)
 *(.init)
 *(.fini)
 *(.eh_frame)
                0x00001008                . = ALIGN (0x4)

.glue_7         0x00001008        0x0
 .glue_7        0x00000000        0x0 linker stubs

.glue_7t        0x00001008        0x0
 .glue_7t       0x00000000        0x0 linker stubs

.vfp11_veneer   0x00001008        0x0
 .vfp11_veneer  0x00000000        0x0 linker stubs

.v4_bx          0x00001008        0x0
 .v4_bx         0x00000000        0x0 linker stubs

.iplt           0x00001008        0x0
 .iplt          0x00000000        0x0 C:/NXP/S32DS_ARM_v2018.R1/S32DS/arm_ewl2/lib/armv7e-m/__arm_start.o

.ARM            0x00001008        0x8
                0x00001008                __exidx_start = .
 *(.ARM.exidx*)
 .ARM.exidx     0x00001008        0x8 c:/nxp/s32ds_arm_v2018.r1/cross_tools/gcc-arm-none-eabi-4_9/bin/../lib/gcc/arm-none-eabi/4.9.3/armv7e-m\libgcc.a(_divdi3.o)
 .ARM.exidx     0x00001010        0x0 c:/nxp/s32ds_arm_v2018.r1/cross_tools/gcc-arm-none-eabi-4_9/bin/../lib/gcc/arm-none-eabi/4.9.3/armv7e-m\libgcc.a(_udivdi3.o)
                                  0x8 (size before relaxing)
                0x00001010                __exidx_end = .
                0x00001010                __etext = .
                0x00001010                __DATA_ROM = .

.rel.dyn        0x00001010        0x0
 .rel.iplt      0x00000000        0x0 C:/NXP/S32DS_ARM_v2018.R1/S32DS/arm_ewl2/lib/armv7e-m/__arm_start.o

.interrupts_ram
                0x1fff8000      0x400
                0x1fff8000                . = ALIGN (0x4)
                0x1fff8000                __VECTOR_RAM__ = .
                0x1fff8000                __RAM_START = .
                0x1fff8000                __interrupts_ram_start__ = .
 *(.m_interrupts_ram)
                0x1fff8400                . = (. + M_VECTOR_RAM_SIZE)
 *fill*         0x1fff8000      0x400 
                0x1fff8400                . = ALIGN (0x4)
                0x1fff8400                __interrupts_ram_end__ = .
                0x1fff8000                __VECTOR_RAM = DEFINED (__flash_vector_table__)?ORIGIN (m_interrupts):__VECTOR_RAM__
                0x00000400                __RAM_VECTOR_TABLE_SIZE = DEFINED (__flash_vector_table__)?0x0:(__interrupts_ram_end__ - __interrupts_ram_start__)

.data           0x1fff8400        0x0 load address 0x00001010
                0x1fff8400                . = ALIGN (0x4)
                0x1fff8400                __DATA_RAM = .
                0x1fff8400                __data_start__ = .
 *(.data)
 *(.data*)
                0x1fff8400                . = ALIGN (0x4)
                0x1fff8400                __data_end__ = .
                0x00001010                __DATA_END = (__DATA_ROM + (__data_end__ - __data_start__))
                0x00001010                __CODE_ROM = __DATA_END

.igot.plt       0x1fff8400        0x0
 .igot.plt      0x00000000        0x0 C:/NXP/S32DS_ARM_v2018.R1/S32DS/arm_ewl2/lib/armv7e-m/__arm_start.o

.code           0x1fff8400        0x0 load address 0x00001010
                0x1fff8400                . = ALIGN (0x4)
                0x1fff8400                __CODE_RAM = .
                0x1fff8400                __code_start__ = .
                0x1fff8400                __code_ram_start__ = .
 *(.code_ram)
                0x1fff8400                . = ALIGN (0x4)
                0x1fff8400                __code_end__ = .
                0x1fff8400                __code_ram_end__ = .
                0x00001010                __CODE_END = (__CODE_ROM + (__code_end__ - __code_start__))
                0x00001010                __CUSTOM_ROM = __CODE_END

.customSectionBlock
                0x20000000        0x0 load address 0x00001010
                0x20000000                __customSection_start__ = .
 *(.customSection)
                0x20000000                __customSection_end__ = .
                0x00001010                __CUSTOM_END = (__CUSTOM_ROM + (__customSection_end__ - __customSection_start__))

.bss            0x20000000       0x3c
                0x20000000                . = ALIGN (0x4)
                0x20000000                __BSS_START = .
                0x20000000                __bss_start__ = .
 *(.bss)
 *(.bss*)
 *(COMMON)
 COMMON         0x20000000       0x3c ./src/main.o
                0x20000000                turn_right
                0x20000004                last_distance_in_CMs
                0x20000008                timer
                0x20000010                center_stay
                0x20000014                forward_backward_stay
                0x20000018                turn_left
                0x2000001c                ECHO_PORT
                0x20000020                go_forward
                0x20000024                LEFT_RIGHT_PORT
                0x20000028                iterator
                0x2000002c                go_backward
                0x20000030                FORWARD_BACKWARD_PORT
                0x20000034                TRIG_PORT
                0x20000038                task_head
                0x2000003c                . = ALIGN (0x4)
                0x2000003c                __bss_end__ = .
                0x2000003c                __BSS_END = .

.heap           0x2000003c      0x404
                0x20000040                . = ALIGN (0x8)
 *fill*         0x2000003c        0x4 
                0x20000040                __end__ = .
                0x20000040                __heap_start__ = .
                0x20000040                PROVIDE (end, .)
                0x20000040                PROVIDE (_end, .)
                0x20000040                PROVIDE (__end, .)
                0x20000040                __HeapBase = .
                0x20000440                . = (. + HEAP_SIZE)
 *fill*         0x20000040      0x400 
                0x20000440                __HeapLimit = .
                0x20000440                __heap_limit = .
                0x20000440                __heap_end__ = .
                0x20007000                __StackTop = (ORIGIN (m_data_2) + 0x7000)
                0x20006c00                __StackLimit = (__StackTop - STACK_SIZE)
                0x20007000                PROVIDE (__stack, __StackTop)
                0x20007000                __RAM_END = __StackTop

.stack          0x20006c00      0x400
                0x20006c00                . = ALIGN (0x8)
                0x20006c00                __stack_start__ = .
                0x20007000                . = (. + STACK_SIZE)
 *fill*         0x20006c00      0x400 
                0x20007000                __stack_end__ = .

.ARM.attributes
                0x00000000       0x31
 *(.ARM.attributes)
 .ARM.attributes
                0x00000000       0x33 ./src/main.o
 .ARM.attributes
                0x00000033       0x33 ./include/clocks_and_modes.o
 .ARM.attributes
                0x00000066       0x33 ./include/LPUART.o
 .ARM.attributes
                0x00000099       0x33 ./include/HC_SR04.o
 .ARM.attributes
                0x000000cc       0x33 ./Project_Settings/Startup_Code/system_S32K144.o
 .ARM.attributes
                0x000000ff       0x1b ./Project_Settings/Startup_Code/startup_S32K144.o
 .ARM.attributes
                0x0000011a       0x33 ./Project_Settings/Startup_Code/startup.o
 .ARM.attributes
                0x0000014d       0x1e c:/nxp/s32ds_arm_v2018.r1/cross_tools/gcc-arm-none-eabi-4_9/bin/../lib/gcc/arm-none-eabi/4.9.3/armv7e-m\libgcc.a(_aeabi_uldivmod.o)
 .ARM.attributes
                0x0000016b       0x2e c:/nxp/s32ds_arm_v2018.r1/cross_tools/gcc-arm-none-eabi-4_9/bin/../lib/gcc/arm-none-eabi/4.9.3/armv7e-m\libgcc.a(bpabi.o)
 .ARM.attributes
                0x00000199       0x1e c:/nxp/s32ds_arm_v2018.r1/cross_tools/gcc-arm-none-eabi-4_9/bin/../lib/gcc/arm-none-eabi/4.9.3/armv7e-m\libgcc.a(_dvmd_tls.o)
 .ARM.attributes
                0x000001b7       0x2e c:/nxp/s32ds_arm_v2018.r1/cross_tools/gcc-arm-none-eabi-4_9/bin/../lib/gcc/arm-none-eabi/4.9.3/armv7e-m\libgcc.a(_divdi3.o)
 .ARM.attributes
                0x000001e5       0x2e c:/nxp/s32ds_arm_v2018.r1/cross_tools/gcc-arm-none-eabi-4_9/bin/../lib/gcc/arm-none-eabi/4.9.3/armv7e-m\libgcc.a(_udivdi3.o)
                0x00000001                ASSERT ((__StackLimit >= __HeapLimit), region m_data_2 overflowed with stack and heap)
OUTPUT(cruise_control_tasks.elf elf32-littlearm)

.debug_info     0x00000000     0x177f
 .debug_info    0x00000000      0x6a4 ./src/main.o
 .debug_info    0x000006a4      0x269 ./include/clocks_and_modes.o
 .debug_info    0x0000090d      0x231 ./include/LPUART.o
 .debug_info    0x00000b3e      0x2a7 ./include/HC_SR04.o
 .debug_info    0x00000de5      0x500 ./Project_Settings/Startup_Code/system_S32K144.o
 .debug_info    0x000012e5       0xaf ./Project_Settings/Startup_Code/startup_S32K144.o
 .debug_info    0x00001394      0x3eb ./Project_Settings/Startup_Code/startup.o

.debug_abbrev   0x00000000      0x68d
 .debug_abbrev  0x00000000      0x165 ./src/main.o
 .debug_abbrev  0x00000165       0xc2 ./include/clocks_and_modes.o
 .debug_abbrev  0x00000227      0x146 ./include/LPUART.o
 .debug_abbrev  0x0000036d       0xf3 ./include/HC_SR04.o
 .debug_abbrev  0x00000460      0x118 ./Project_Settings/Startup_Code/system_S32K144.o
 .debug_abbrev  0x00000578       0x14 ./Project_Settings/Startup_Code/startup_S32K144.o
 .debug_abbrev  0x0000058c      0x101 ./Project_Settings/Startup_Code/startup.o

.debug_aranges  0x00000000      0x180
 .debug_aranges
                0x00000000       0x78 ./src/main.o
 .debug_aranges
                0x00000078       0x30 ./include/clocks_and_modes.o
 .debug_aranges
                0x000000a8       0x40 ./include/LPUART.o
 .debug_aranges
                0x000000e8       0x28 ./include/HC_SR04.o
 .debug_aranges
                0x00000110       0x30 ./Project_Settings/Startup_Code/system_S32K144.o
 .debug_aranges
                0x00000140       0x20 ./Project_Settings/Startup_Code/startup_S32K144.o
 .debug_aranges
                0x00000160       0x20 ./Project_Settings/Startup_Code/startup.o

.debug_ranges   0x00000000      0x100
 .debug_ranges  0x00000000       0x68 ./src/main.o
 .debug_ranges  0x00000068       0x20 ./include/clocks_and_modes.o
 .debug_ranges  0x00000088       0x30 ./include/LPUART.o
 .debug_ranges  0x000000b8       0x18 ./include/HC_SR04.o
 .debug_ranges  0x000000d0       0x20 ./Project_Settings/Startup_Code/system_S32K144.o
 .debug_ranges  0x000000f0       0x10 ./Project_Settings/Startup_Code/startup.o

.debug_macro    0x00000000    0x1fbf4
 .debug_macro   0x00000000      0x15e ./src/main.o
 .debug_macro   0x0000015e      0x868 ./src/main.o
 .debug_macro   0x000009c6       0x52 ./src/main.o
 .debug_macro   0x00000a18       0xa0 ./src/main.o
 .debug_macro   0x00000ab8       0x16 ./src/main.o
 .debug_macro   0x00000ace       0x19 ./src/main.o
 .debug_macro   0x00000ae7       0x64 ./src/main.o
 .debug_macro   0x00000b4b      0x185 ./src/main.o
 .debug_macro   0x00000cd0      0x140 ./src/main.o
 .debug_macro   0x00000e10       0x9d ./src/main.o
 .debug_macro   0x00000ead       0x10 ./src/main.o
 .debug_macro   0x00000ebd      0x15b ./src/main.o
 .debug_macro   0x00001018       0x28 ./src/main.o
 .debug_macro   0x00001040       0x58 ./src/main.o
 .debug_macro   0x00001098     0xed1d ./src/main.o
 .debug_macro   0x0000fdb5       0x22 ./src/main.o
 .debug_macro   0x0000fdd7       0x16 ./src/main.o
 .debug_macro   0x0000fded       0x16 ./src/main.o
 .debug_macro   0x0000fe03       0x2e ./src/main.o
 .debug_macro   0x0000fe31       0xb0 ./include/clocks_and_modes.o
 .debug_macro   0x0000fee1       0xb0 ./include/LPUART.o
 .debug_macro   0x0000ff91       0xb9 ./include/HC_SR04.o
 .debug_macro   0x0001004a       0xe9 ./Project_Settings/Startup_Code/system_S32K144.o
 .debug_macro   0x00010133       0x10 ./Project_Settings/Startup_Code/system_S32K144.o
 .debug_macro   0x00010143       0x73 ./Project_Settings/Startup_Code/system_S32K144.o
 .debug_macro   0x000101b6      0xb9b ./Project_Settings/Startup_Code/system_S32K144.o
 .debug_macro   0x00010d51       0x22 ./Project_Settings/Startup_Code/system_S32K144.o
 .debug_macro   0x00010d73       0x22 ./Project_Settings/Startup_Code/system_S32K144.o
 .debug_macro   0x00010d95       0xed ./Project_Settings/Startup_Code/startup.o
 .debug_macro   0x00010e82     0xed32 ./Project_Settings/Startup_Code/startup.o
 .debug_macro   0x0001fbb4       0x40 ./Project_Settings/Startup_Code/startup.o

.debug_line     0x00000000      0xeea
 .debug_line    0x00000000      0x372 ./src/main.o
 .debug_line    0x00000372      0x1f9 ./include/clocks_and_modes.o
 .debug_line    0x0000056b      0x1f2 ./include/LPUART.o
 .debug_line    0x0000075d      0x1db ./include/HC_SR04.o
 .debug_line    0x00000938      0x2aa ./Project_Settings/Startup_Code/system_S32K144.o
 .debug_line    0x00000be2       0x85 ./Project_Settings/Startup_Code/startup_S32K144.o
 .debug_line    0x00000c67      0x283 ./Project_Settings/Startup_Code/startup.o

.debug_str      0x00000000    0x69cee
 .debug_str     0x00000000    0x63cae ./src/main.o
                              0x63d43 (size before relaxing)
 .debug_str     0x00063cae       0xd5 ./include/clocks_and_modes.o
                              0x63880 (size before relaxing)
 .debug_str     0x00063d83       0xdb ./include/LPUART.o
                              0x63855 (size before relaxing)
 .debug_str     0x00063e5e       0x56 ./include/HC_SR04.o
                              0x6398a (size before relaxing)
 .debug_str     0x00063eb4     0x5b1a ./Project_Settings/Startup_Code/system_S32K144.o
                              0x6934e (size before relaxing)
 .debug_str     0x000699ce      0x320 ./Project_Settings/Startup_Code/startup.o
                              0x69485 (size before relaxing)

.comment        0x00000000       0x70
 .comment       0x00000000       0x70 ./src/main.o
                                 0x71 (size before relaxing)
 .comment       0x00000000       0x71 ./include/clocks_and_modes.o
 .comment       0x00000000       0x71 ./include/LPUART.o
 .comment       0x00000000       0x71 ./include/HC_SR04.o
 .comment       0x00000000       0x71 ./Project_Settings/Startup_Code/system_S32K144.o
 .comment       0x00000000       0x71 ./Project_Settings/Startup_Code/startup.o

.debug_frame    0x00000000      0x4a4
 .debug_frame   0x00000000      0x17c ./src/main.o
 .debug_frame   0x0000017c       0x70 ./include/clocks_and_modes.o
 .debug_frame   0x000001ec       0xc8 ./include/LPUART.o
 .debug_frame   0x000002b4       0x5c ./include/HC_SR04.o
 .debug_frame   0x00000310       0x80 ./Project_Settings/Startup_Code/system_S32K144.o
 .debug_frame   0x00000390       0x38 ./Project_Settings/Startup_Code/startup.o
 .debug_frame   0x000003c8       0x28 c:/nxp/s32ds_arm_v2018.r1/cross_tools/gcc-arm-none-eabi-4_9/bin/../lib/gcc/arm-none-eabi/4.9.3/armv7e-m\libgcc.a(_aeabi_uldivmod.o)
 .debug_frame   0x000003f0       0x50 c:/nxp/s32ds_arm_v2018.r1/cross_tools/gcc-arm-none-eabi-4_9/bin/../lib/gcc/arm-none-eabi/4.9.3/armv7e-m\libgcc.a(bpabi.o)
 .debug_frame   0x00000440       0x34 c:/nxp/s32ds_arm_v2018.r1/cross_tools/gcc-arm-none-eabi-4_9/bin/../lib/gcc/arm-none-eabi/4.9.3/armv7e-m\libgcc.a(_divdi3.o)
 .debug_frame   0x00000474       0x30 c:/nxp/s32ds_arm_v2018.r1/cross_tools/gcc-arm-none-eabi-4_9/bin/../lib/gcc/arm-none-eabi/4.9.3/armv7e-m\libgcc.a(_udivdi3.o)
