Archive member included because of file (symbol)

C:/NXP/S32DS_ARM_v2018.R1/S32DS/arm_ewl2/lib/armv7e-m\libc99.a(alloc.o)
                              ./src/main.o (malloc)
C:/NXP/S32DS_ARM_v2018.R1/S32DS/arm_ewl2/lib/armv7e-m\libc99.a(exit.o)
                              C:/NXP/S32DS_ARM_v2018.R1/S32DS/arm_ewl2/lib/armv7e-m/__arm_start.o (exit)
C:/NXP/S32DS_ARM_v2018.R1/S32DS/arm_ewl2/lib/armv7e-m\libc99.a(memcpy.o)
                              ./Project_Settings/Startup_Code/startup.o (memcpy)
C:/NXP/S32DS_ARM_v2018.R1/S32DS/arm_ewl2/lib/armv7e-m\libc99.a(memset.o)
                              C:/NXP/S32DS_ARM_v2018.R1/S32DS/arm_ewl2/lib/armv7e-m/__arm_start.o (memset)
C:/NXP/S32DS_ARM_v2018.R1/S32DS/arm_ewl2/lib/armv7e-m\libc99.a(__filll_mem.o)
                              C:/NXP/S32DS_ARM_v2018.R1/S32DS/arm_ewl2/lib/armv7e-m\libc99.a(memset.o) (__fill_mem)
C:/NXP/S32DS_ARM_v2018.R1/S32DS/arm_ewl2/lib/armv7e-m\librt.a(gcc_ctor_dtor.o)
                              C:/NXP/S32DS_ARM_v2018.R1/S32DS/arm_ewl2/lib/armv7e-m/__arm_start.o (__init_cpp)
C:/NXP/S32DS_ARM_v2018.R1/S32DS/arm_ewl2/lib/armv7e-m\librt.a(__arm_eabi_init.o)
                              C:/NXP/S32DS_ARM_v2018.R1/S32DS/arm_ewl2/lib/armv7e-m\libc99.a(exit.o) (__destroy_global_chain)
C:/NXP/S32DS_ARM_v2018.R1/S32DS/arm_ewl2/lib/armv7e-m\librt.a(ROMCopy.o)
                              C:/NXP/S32DS_ARM_v2018.R1/S32DS/arm_ewl2/lib/armv7e-m/__arm_start.o (__copy_rom_sections_to_ram)

Allocating common symbols
Common symbol       size              file

turn_right          0x4               ./src/main.o
RxDATA              0x8               ./include/FlexCAN.o
last_distance_in_CMs
                    0x2               ./src/main.o
RxID                0x4               ./include/FlexCAN.o
center_stay         0x4               ./src/main.o
forward_backward_stay
                    0x4               ./src/main.o
RxLENGTH            0x4               ./include/FlexCAN.o
turn_left           0x4               ./src/main.o
ECHO_PORT           0x4               ./src/main.o
go_forward          0x4               ./src/main.o
LEFT_RIGHT_PORT     0x4               ./src/main.o
iterator            0x4               ./src/main.o
go_backward         0x4               ./src/main.o
FORWARD_BACKWARD_PORT
                    0x4               ./src/main.o
TRIG_PORT           0x4               ./src/main.o
RxCODE              0x4               ./include/FlexCAN.o
task_head           0x4               ./src/main.o
RxTIMESTAMP         0x4               ./include/FlexCAN.o

Discarded input sections

 .text          0x00000000        0x0 C:/NXP/S32DS_ARM_v2018.R1/S32DS/arm_ewl2/lib/armv7e-m/__arm_start.o
 .data          0x00000000        0x0 C:/NXP/S32DS_ARM_v2018.R1/S32DS/arm_ewl2/lib/armv7e-m/__arm_start.o
 .bss           0x00000000        0x0 C:/NXP/S32DS_ARM_v2018.R1/S32DS/arm_ewl2/lib/armv7e-m/__arm_start.o
 .text.__thumb_startup
                0x00000000       0x3c C:/NXP/S32DS_ARM_v2018.R1/S32DS/arm_ewl2/lib/armv7e-m/__arm_start.o
 .text.__iar_program_start
                0x00000000        0x4 C:/NXP/S32DS_ARM_v2018.R1/S32DS/arm_ewl2/lib/armv7e-m/__arm_start.o
 .bss.argv      0x00000000        0x4 C:/NXP/S32DS_ARM_v2018.R1/S32DS/arm_ewl2/lib/armv7e-m/__arm_start.o
 .debug_info    0x00000000      0x144 C:/NXP/S32DS_ARM_v2018.R1/S32DS/arm_ewl2/lib/armv7e-m/__arm_start.o
 .debug_abbrev  0x00000000       0xc0 C:/NXP/S32DS_ARM_v2018.R1/S32DS/arm_ewl2/lib/armv7e-m/__arm_start.o
 .debug_aranges
                0x00000000       0x28 C:/NXP/S32DS_ARM_v2018.R1/S32DS/arm_ewl2/lib/armv7e-m/__arm_start.o
 .debug_line    0x00000000       0x68 C:/NXP/S32DS_ARM_v2018.R1/S32DS/arm_ewl2/lib/armv7e-m/__arm_start.o
 .debug_str     0x00000000      0x270 C:/NXP/S32DS_ARM_v2018.R1/S32DS/arm_ewl2/lib/armv7e-m/__arm_start.o
 .comment       0x00000000       0x71 C:/NXP/S32DS_ARM_v2018.R1/S32DS/arm_ewl2/lib/armv7e-m/__arm_start.o
 .debug_frame   0x00000000       0x30 C:/NXP/S32DS_ARM_v2018.R1/S32DS/arm_ewl2/lib/armv7e-m/__arm_start.o
 .ARM.attributes
                0x00000000       0x33 C:/NXP/S32DS_ARM_v2018.R1/S32DS/arm_ewl2/lib/armv7e-m/__arm_start.o
 .text          0x00000000        0x0 ./src/main.o
 .data          0x00000000        0x0 ./src/main.o
 .bss           0x00000000        0x0 ./src/main.o
 .text.turn_off_all_LEDs
                0x00000000       0x14 ./src/main.o
 .text.send_distance
                0x00000000        0xc ./src/main.o
 .text.turn_on_BLUE_LED
                0x00000000       0x10 ./src/main.o
 .text.turn_on_GREEN_LED
                0x00000000       0x10 ./src/main.o
 .text.turn_on_RED_LED
                0x00000000       0x10 ./src/main.o
 .text.WDOG_disable
                0x00000000       0x1c ./src/main.o
 .text.NVIC_init_IRQs
                0x00000000       0x18 ./src/main.o
 .text.LPIT0_init
                0x00000000       0x38 ./src/main.o
 .text          0x00000000        0x0 ./include/tasks.o
 .data          0x00000000        0x0 ./include/tasks.o
 .bss           0x00000000        0x0 ./include/tasks.o
 .text.set_task_start_clock
                0x00000000        0x8 ./include/tasks.o
 .text.set_task_timeout
                0x00000000        0x8 ./include/tasks.o
 .text.set_task_function_pointer
                0x00000000        0x4 ./include/tasks.o
 .text.set_next
                0x00000000        0x4 ./include/tasks.o
 .text          0x00000000        0x0 ./include/pwm.o
 .data          0x00000000        0x0 ./include/pwm.o
 .bss           0x00000000        0x0 ./include/pwm.o
 .text.forward_backward_stay_PWM
                0x00000000       0x58 ./include/pwm.o
 .bss.counter.4913
                0x00000000        0x4 ./include/pwm.o
 .text          0x00000000        0x0 ./include/clocks_and_modes.o
 .data          0x00000000        0x0 ./include/clocks_and_modes.o
 .bss           0x00000000        0x0 ./include/clocks_and_modes.o
 .text          0x00000000        0x0 ./include/LPUART.o
 .data          0x00000000        0x0 ./include/LPUART.o
 .bss           0x00000000        0x0 ./include/LPUART.o
 .text.LPUART1_init
                0x00000000       0x3c ./include/LPUART.o
 .text.LPUART1_transmit_char
                0x00000000       0x14 ./include/LPUART.o
 .text.LPUART1_transmit_string
                0x00000000       0x24 ./include/LPUART.o
 .text.LPUART1_receive_char
                0x00000000       0x14 ./include/LPUART.o
 .text.LPUART1_receive_and_echo_char
                0x00000000       0x3c ./include/LPUART.o
 .comment       0x00000000       0x71 ./include/LPUART.o
 .ARM.attributes
                0x00000000       0x33 ./include/LPUART.o
 .text          0x00000000        0x0 ./include/HC_SR04.o
 .data          0x00000000        0x0 ./include/HC_SR04.o
 .bss           0x00000000        0x0 ./include/HC_SR04.o
 .text.positive
                0x00000000        0xc ./include/HC_SR04.o
 .text          0x00000000        0x0 ./include/FlexCAN.o
 .data          0x00000000        0x0 ./include/FlexCAN.o
 .bss           0x00000000        0x0 ./include/FlexCAN.o
 .text.FLEXCAN0_init
                0x00000000       0xc0 ./include/FlexCAN.o
 .text.FLEXCAN0_transmit_msg
                0x00000000       0x38 ./include/FlexCAN.o
 .text.FLEXCAN0_transmit_msg_ushort
                0x00000000       0x30 ./include/FlexCAN.o
 .text.FLEXCAN0_receive_msg
                0x00000000       0x64 ./include/FlexCAN.o
 .comment       0x00000000       0x71 ./include/FlexCAN.o
 .ARM.attributes
                0x00000000       0x33 ./include/FlexCAN.o
 COMMON         0x00000000       0x18 ./include/FlexCAN.o
 .text          0x00000000        0x0 ./include/FTM.o
 .data          0x00000000        0x0 ./include/FTM.o
 .bss           0x00000000        0x0 ./include/FTM.o
 .text.FTM0_CH0_output_compare
                0x00000000       0x34 ./include/FTM.o
 .text.FTM0_CH6_input_capture
                0x00000000       0x3c ./include/FTM.o
 .bss.CurrentCaptureVal
                0x00000000        0x2 ./include/FTM.o
 .bss.DeltaCapture
                0x00000000        0x2 ./include/FTM.o
 .bss.PriorCaptureVal
                0x00000000        0x2 ./include/FTM.o
 .text          0x00000000        0x0 ./Project_Settings/Startup_Code/system_S32K144.o
 .data          0x00000000        0x0 ./Project_Settings/Startup_Code/system_S32K144.o
 .bss           0x00000000        0x0 ./Project_Settings/Startup_Code/system_S32K144.o
 .text.SystemCoreClockUpdate
                0x00000000       0x8c ./Project_Settings/Startup_Code/system_S32K144.o
 .text.SystemSoftwareReset
                0x00000000       0x18 ./Project_Settings/Startup_Code/system_S32K144.o
 .data.SystemCoreClock
                0x00000000        0x4 ./Project_Settings/Startup_Code/system_S32K144.o
 .data          0x00000000        0x0 ./Project_Settings/Startup_Code/startup_S32K144.o
 .bss           0x00000000        0x0 ./Project_Settings/Startup_Code/startup_S32K144.o
 .text          0x00000000        0x0 ./Project_Settings/Startup_Code/startup.o
 .data          0x00000000        0x0 ./Project_Settings/Startup_Code/startup.o
 .bss           0x00000000        0x0 ./Project_Settings/Startup_Code/startup.o
 .text          0x00000000        0x0 C:/NXP/S32DS_ARM_v2018.R1/S32DS/arm_ewl2/lib/armv7e-m\libc99.a(alloc.o)
 .data          0x00000000        0x0 C:/NXP/S32DS_ARM_v2018.R1/S32DS/arm_ewl2/lib/armv7e-m\libc99.a(alloc.o)
 .bss           0x00000000        0x0 C:/NXP/S32DS_ARM_v2018.R1/S32DS/arm_ewl2/lib/armv7e-m\libc99.a(alloc.o)
 .text.realloc  0x00000000       0x44 C:/NXP/S32DS_ARM_v2018.R1/S32DS/arm_ewl2/lib/armv7e-m\libc99.a(alloc.o)
 .text.free     0x00000000       0x10 C:/NXP/S32DS_ARM_v2018.R1/S32DS/arm_ewl2/lib/armv7e-m\libc99.a(alloc.o)
 .text.calloc   0x00000000       0x3a C:/NXP/S32DS_ARM_v2018.R1/S32DS/arm_ewl2/lib/armv7e-m\libc99.a(alloc.o)
 .text          0x00000000        0x0 C:/NXP/S32DS_ARM_v2018.R1/S32DS/arm_ewl2/lib/armv7e-m\libc99.a(exit.o)
 .data          0x00000000        0x0 C:/NXP/S32DS_ARM_v2018.R1/S32DS/arm_ewl2/lib/armv7e-m\libc99.a(exit.o)
 .bss           0x00000000        0x0 C:/NXP/S32DS_ARM_v2018.R1/S32DS/arm_ewl2/lib/armv7e-m\libc99.a(exit.o)
 .text.exit     0x00000000       0x38 C:/NXP/S32DS_ARM_v2018.R1/S32DS/arm_ewl2/lib/armv7e-m\libc99.a(exit.o)
 .text._Exit    0x00000000        0x4 C:/NXP/S32DS_ARM_v2018.R1/S32DS/arm_ewl2/lib/armv7e-m\libc99.a(exit.o)
 .bss.__stdio_exit
                0x00000000        0x4 C:/NXP/S32DS_ARM_v2018.R1/S32DS/arm_ewl2/lib/armv7e-m\libc99.a(exit.o)
 .bss.__console_exit
                0x00000000        0x4 C:/NXP/S32DS_ARM_v2018.R1/S32DS/arm_ewl2/lib/armv7e-m\libc99.a(exit.o)
 .debug_info    0x00000000      0x111 C:/NXP/S32DS_ARM_v2018.R1/S32DS/arm_ewl2/lib/armv7e-m\libc99.a(exit.o)
 .debug_abbrev  0x00000000       0x91 C:/NXP/S32DS_ARM_v2018.R1/S32DS/arm_ewl2/lib/armv7e-m\libc99.a(exit.o)
 .debug_loc     0x00000000       0x5d C:/NXP/S32DS_ARM_v2018.R1/S32DS/arm_ewl2/lib/armv7e-m\libc99.a(exit.o)
 .debug_aranges
                0x00000000       0x28 C:/NXP/S32DS_ARM_v2018.R1/S32DS/arm_ewl2/lib/armv7e-m\libc99.a(exit.o)
 .debug_line    0x00000000       0xa4 C:/NXP/S32DS_ARM_v2018.R1/S32DS/arm_ewl2/lib/armv7e-m\libc99.a(exit.o)
 .debug_str     0x00000000      0x23c C:/NXP/S32DS_ARM_v2018.R1/S32DS/arm_ewl2/lib/armv7e-m\libc99.a(exit.o)
 .comment       0x00000000       0x71 C:/NXP/S32DS_ARM_v2018.R1/S32DS/arm_ewl2/lib/armv7e-m\libc99.a(exit.o)
 .debug_frame   0x00000000       0x3c C:/NXP/S32DS_ARM_v2018.R1/S32DS/arm_ewl2/lib/armv7e-m\libc99.a(exit.o)
 .ARM.attributes
                0x00000000       0x33 C:/NXP/S32DS_ARM_v2018.R1/S32DS/arm_ewl2/lib/armv7e-m\libc99.a(exit.o)
 .text          0x00000000        0x0 C:/NXP/S32DS_ARM_v2018.R1/S32DS/arm_ewl2/lib/armv7e-m\libc99.a(memcpy.o)
 .data          0x00000000        0x0 C:/NXP/S32DS_ARM_v2018.R1/S32DS/arm_ewl2/lib/armv7e-m\libc99.a(memcpy.o)
 .bss           0x00000000        0x0 C:/NXP/S32DS_ARM_v2018.R1/S32DS/arm_ewl2/lib/armv7e-m\libc99.a(memcpy.o)
 .text          0x00000000        0x0 C:/NXP/S32DS_ARM_v2018.R1/S32DS/arm_ewl2/lib/armv7e-m\libc99.a(memset.o)
 .data          0x00000000        0x0 C:/NXP/S32DS_ARM_v2018.R1/S32DS/arm_ewl2/lib/armv7e-m\libc99.a(memset.o)
 .bss           0x00000000        0x0 C:/NXP/S32DS_ARM_v2018.R1/S32DS/arm_ewl2/lib/armv7e-m\libc99.a(memset.o)
 .text          0x00000000        0x0 C:/NXP/S32DS_ARM_v2018.R1/S32DS/arm_ewl2/lib/armv7e-m\libc99.a(__filll_mem.o)
 .data          0x00000000        0x0 C:/NXP/S32DS_ARM_v2018.R1/S32DS/arm_ewl2/lib/armv7e-m\libc99.a(__filll_mem.o)
 .bss           0x00000000        0x0 C:/NXP/S32DS_ARM_v2018.R1/S32DS/arm_ewl2/lib/armv7e-m\libc99.a(__filll_mem.o)
 .text          0x00000000        0x0 C:/NXP/S32DS_ARM_v2018.R1/S32DS/arm_ewl2/lib/armv7e-m\librt.a(gcc_ctor_dtor.o)
 .data          0x00000000        0x0 C:/NXP/S32DS_ARM_v2018.R1/S32DS/arm_ewl2/lib/armv7e-m\librt.a(gcc_ctor_dtor.o)
 .bss           0x00000000        0x0 C:/NXP/S32DS_ARM_v2018.R1/S32DS/arm_ewl2/lib/armv7e-m\librt.a(gcc_ctor_dtor.o)
 .text.__init_cpp
                0x00000000       0x4c C:/NXP/S32DS_ARM_v2018.R1/S32DS/arm_ewl2/lib/armv7e-m\librt.a(gcc_ctor_dtor.o)
 .text.__fini_cpp
                0x00000000       0x34 C:/NXP/S32DS_ARM_v2018.R1/S32DS/arm_ewl2/lib/armv7e-m\librt.a(gcc_ctor_dtor.o)
 .text._ExitProcess
                0x00000000        0x2 C:/NXP/S32DS_ARM_v2018.R1/S32DS/arm_ewl2/lib/armv7e-m\librt.a(gcc_ctor_dtor.o)
 .bss.__dso_handle
                0x00000000        0x4 C:/NXP/S32DS_ARM_v2018.R1/S32DS/arm_ewl2/lib/armv7e-m\librt.a(gcc_ctor_dtor.o)
 .debug_info    0x00000000      0x14a C:/NXP/S32DS_ARM_v2018.R1/S32DS/arm_ewl2/lib/armv7e-m\librt.a(gcc_ctor_dtor.o)
 .debug_abbrev  0x00000000       0xae C:/NXP/S32DS_ARM_v2018.R1/S32DS/arm_ewl2/lib/armv7e-m\librt.a(gcc_ctor_dtor.o)
 .debug_loc     0x00000000       0x9d C:/NXP/S32DS_ARM_v2018.R1/S32DS/arm_ewl2/lib/armv7e-m\librt.a(gcc_ctor_dtor.o)
 .debug_aranges
                0x00000000       0x30 C:/NXP/S32DS_ARM_v2018.R1/S32DS/arm_ewl2/lib/armv7e-m\librt.a(gcc_ctor_dtor.o)
 .debug_line    0x00000000       0x74 C:/NXP/S32DS_ARM_v2018.R1/S32DS/arm_ewl2/lib/armv7e-m\librt.a(gcc_ctor_dtor.o)
 .debug_str     0x00000000      0x28e C:/NXP/S32DS_ARM_v2018.R1/S32DS/arm_ewl2/lib/armv7e-m\librt.a(gcc_ctor_dtor.o)
 .comment       0x00000000       0x71 C:/NXP/S32DS_ARM_v2018.R1/S32DS/arm_ewl2/lib/armv7e-m\librt.a(gcc_ctor_dtor.o)
 .debug_frame   0x00000000       0x50 C:/NXP/S32DS_ARM_v2018.R1/S32DS/arm_ewl2/lib/armv7e-m\librt.a(gcc_ctor_dtor.o)
 .ARM.attributes
                0x00000000       0x33 C:/NXP/S32DS_ARM_v2018.R1/S32DS/arm_ewl2/lib/armv7e-m\librt.a(gcc_ctor_dtor.o)
 .text          0x00000000        0x0 C:/NXP/S32DS_ARM_v2018.R1/S32DS/arm_ewl2/lib/armv7e-m\librt.a(__arm_eabi_init.o)
 .data          0x00000000        0x0 C:/NXP/S32DS_ARM_v2018.R1/S32DS/arm_ewl2/lib/armv7e-m\librt.a(__arm_eabi_init.o)
 .bss           0x00000000        0x0 C:/NXP/S32DS_ARM_v2018.R1/S32DS/arm_ewl2/lib/armv7e-m\librt.a(__arm_eabi_init.o)
 .text.__destroy_global_chain
                0x00000000       0x18 C:/NXP/S32DS_ARM_v2018.R1/S32DS/arm_ewl2/lib/armv7e-m\librt.a(__arm_eabi_init.o)
 .text.__register_global_object
                0x00000000       0x14 C:/NXP/S32DS_ARM_v2018.R1/S32DS/arm_ewl2/lib/armv7e-m\librt.a(__arm_eabi_init.o)
 .text.__cxa_atexit
                0x00000000       0x38 C:/NXP/S32DS_ARM_v2018.R1/S32DS/arm_ewl2/lib/armv7e-m\librt.a(__arm_eabi_init.o)
 .text.__aeabi_atexit
                0x00000000        0xa C:/NXP/S32DS_ARM_v2018.R1/S32DS/arm_ewl2/lib/armv7e-m\librt.a(__arm_eabi_init.o)
 .text.__register_atexit
                0x00000000        0x8 C:/NXP/S32DS_ARM_v2018.R1/S32DS/arm_ewl2/lib/armv7e-m\librt.a(__arm_eabi_init.o)
 .text.__init_registers
                0x00000000       0x20 C:/NXP/S32DS_ARM_v2018.R1/S32DS/arm_ewl2/lib/armv7e-m\librt.a(__arm_eabi_init.o)
 .text.__init_hardware
                0x00000000        0x4 C:/NXP/S32DS_ARM_v2018.R1/S32DS/arm_ewl2/lib/armv7e-m\librt.a(__arm_eabi_init.o)
 .text.__init_user
                0x00000000        0x4 C:/NXP/S32DS_ARM_v2018.R1/S32DS/arm_ewl2/lib/armv7e-m\librt.a(__arm_eabi_init.o)
 .bss.atexit_curr_func
                0x00000000        0x4 C:/NXP/S32DS_ARM_v2018.R1/S32DS/arm_ewl2/lib/armv7e-m\librt.a(__arm_eabi_init.o)
 .bss.atexit_funcs
                0x00000000      0x300 C:/NXP/S32DS_ARM_v2018.R1/S32DS/arm_ewl2/lib/armv7e-m\librt.a(__arm_eabi_init.o)
 .bss.__global_destructor_chain
                0x00000000        0x4 C:/NXP/S32DS_ARM_v2018.R1/S32DS/arm_ewl2/lib/armv7e-m\librt.a(__arm_eabi_init.o)
 .debug_info    0x00000000      0x2b3 C:/NXP/S32DS_ARM_v2018.R1/S32DS/arm_ewl2/lib/armv7e-m\librt.a(__arm_eabi_init.o)
 .debug_abbrev  0x00000000      0x1d3 C:/NXP/S32DS_ARM_v2018.R1/S32DS/arm_ewl2/lib/armv7e-m\librt.a(__arm_eabi_init.o)
 .debug_loc     0x00000000      0x144 C:/NXP/S32DS_ARM_v2018.R1/S32DS/arm_ewl2/lib/armv7e-m\librt.a(__arm_eabi_init.o)
 .debug_aranges
                0x00000000       0x58 C:/NXP/S32DS_ARM_v2018.R1/S32DS/arm_ewl2/lib/armv7e-m\librt.a(__arm_eabi_init.o)
 .debug_line    0x00000000      0x107 C:/NXP/S32DS_ARM_v2018.R1/S32DS/arm_ewl2/lib/armv7e-m\librt.a(__arm_eabi_init.o)
 .debug_str     0x00000000      0x2b5 C:/NXP/S32DS_ARM_v2018.R1/S32DS/arm_ewl2/lib/armv7e-m\librt.a(__arm_eabi_init.o)
 .comment       0x00000000       0x71 C:/NXP/S32DS_ARM_v2018.R1/S32DS/arm_ewl2/lib/armv7e-m\librt.a(__arm_eabi_init.o)
 .debug_frame   0x00000000       0xac C:/NXP/S32DS_ARM_v2018.R1/S32DS/arm_ewl2/lib/armv7e-m\librt.a(__arm_eabi_init.o)
 .ARM.attributes
                0x00000000       0x33 C:/NXP/S32DS_ARM_v2018.R1/S32DS/arm_ewl2/lib/armv7e-m\librt.a(__arm_eabi_init.o)
 .text          0x00000000        0x0 C:/NXP/S32DS_ARM_v2018.R1/S32DS/arm_ewl2/lib/armv7e-m\librt.a(ROMCopy.o)
 .data          0x00000000        0x0 C:/NXP/S32DS_ARM_v2018.R1/S32DS/arm_ewl2/lib/armv7e-m\librt.a(ROMCopy.o)
 .bss           0x00000000        0x0 C:/NXP/S32DS_ARM_v2018.R1/S32DS/arm_ewl2/lib/armv7e-m\librt.a(ROMCopy.o)
 .text.__flush_cache
                0x00000000        0x2 C:/NXP/S32DS_ARM_v2018.R1/S32DS/arm_ewl2/lib/armv7e-m\librt.a(ROMCopy.o)
 .text.__copy_rom_section
                0x00000000       0x42 C:/NXP/S32DS_ARM_v2018.R1/S32DS/arm_ewl2/lib/armv7e-m\librt.a(ROMCopy.o)
 .text.__copy_rom_sections_to_ram
                0x00000000       0x28 C:/NXP/S32DS_ARM_v2018.R1/S32DS/arm_ewl2/lib/armv7e-m\librt.a(ROMCopy.o)
 .debug_info    0x00000000      0x20e C:/NXP/S32DS_ARM_v2018.R1/S32DS/arm_ewl2/lib/armv7e-m\librt.a(ROMCopy.o)
 .debug_abbrev  0x00000000      0x11f C:/NXP/S32DS_ARM_v2018.R1/S32DS/arm_ewl2/lib/armv7e-m\librt.a(ROMCopy.o)
 .debug_loc     0x00000000       0xb3 C:/NXP/S32DS_ARM_v2018.R1/S32DS/arm_ewl2/lib/armv7e-m\librt.a(ROMCopy.o)
 .debug_aranges
                0x00000000       0x30 C:/NXP/S32DS_ARM_v2018.R1/S32DS/arm_ewl2/lib/armv7e-m\librt.a(ROMCopy.o)
 .debug_line    0x00000000       0x9e C:/NXP/S32DS_ARM_v2018.R1/S32DS/arm_ewl2/lib/armv7e-m\librt.a(ROMCopy.o)
 .debug_str     0x00000000      0x233 C:/NXP/S32DS_ARM_v2018.R1/S32DS/arm_ewl2/lib/armv7e-m\librt.a(ROMCopy.o)
 .comment       0x00000000       0x71 C:/NXP/S32DS_ARM_v2018.R1/S32DS/arm_ewl2/lib/armv7e-m\librt.a(ROMCopy.o)
 .debug_frame   0x00000000       0x48 C:/NXP/S32DS_ARM_v2018.R1/S32DS/arm_ewl2/lib/armv7e-m\librt.a(ROMCopy.o)
 .ARM.attributes
                0x00000000       0x33 C:/NXP/S32DS_ARM_v2018.R1/S32DS/arm_ewl2/lib/armv7e-m\librt.a(ROMCopy.o)
 .text          0x00000000        0x0 C:/NXP/S32DS_ARM_v2018.R1/S32DS/arm_ewl2/lib/armv7e-m/__arm_end.o
 .data          0x00000000        0x0 C:/NXP/S32DS_ARM_v2018.R1/S32DS/arm_ewl2/lib/armv7e-m/__arm_end.o
 .bss           0x00000000        0x0 C:/NXP/S32DS_ARM_v2018.R1/S32DS/arm_ewl2/lib/armv7e-m/__arm_end.o
 .text._ExitProcess
                0x00000000        0x2 C:/NXP/S32DS_ARM_v2018.R1/S32DS/arm_ewl2/lib/armv7e-m/__arm_end.o
 .debug_info    0x00000000       0x4e C:/NXP/S32DS_ARM_v2018.R1/S32DS/arm_ewl2/lib/armv7e-m/__arm_end.o
 .debug_abbrev  0x00000000       0x4a C:/NXP/S32DS_ARM_v2018.R1/S32DS/arm_ewl2/lib/armv7e-m/__arm_end.o
 .debug_aranges
                0x00000000       0x20 C:/NXP/S32DS_ARM_v2018.R1/S32DS/arm_ewl2/lib/armv7e-m/__arm_end.o
 .debug_line    0x00000000       0x45 C:/NXP/S32DS_ARM_v2018.R1/S32DS/arm_ewl2/lib/armv7e-m/__arm_end.o
 .debug_str     0x00000000      0x1a7 C:/NXP/S32DS_ARM_v2018.R1/S32DS/arm_ewl2/lib/armv7e-m/__arm_end.o
 .comment       0x00000000       0x71 C:/NXP/S32DS_ARM_v2018.R1/S32DS/arm_ewl2/lib/armv7e-m/__arm_end.o
 .debug_frame   0x00000000       0x20 C:/NXP/S32DS_ARM_v2018.R1/S32DS/arm_ewl2/lib/armv7e-m/__arm_end.o
 .ARM.attributes
                0x00000000       0x33 C:/NXP/S32DS_ARM_v2018.R1/S32DS/arm_ewl2/lib/armv7e-m/__arm_end.o

Memory Configuration

Name             Origin             Length             Attributes
m_interrupts     0x00000000         0x00000400         xr
m_flash_config   0x00000400         0x00000010         xr
m_text           0x00000410         0x0007fbf0         xr
m_data           0x1fff8000         0x00008000         rw
m_data_2         0x20000000         0x00007000         rw
*default*        0x00000000         0xffffffff

Linker script and memory map

LOAD C:/NXP/S32DS_ARM_v2018.R1/S32DS/arm_ewl2/lib/armv7e-m/__arm_start.o
LOAD ./src/main.o
LOAD ./include/tasks.o
LOAD ./include/pwm.o
LOAD ./include/clocks_and_modes.o
LOAD ./include/LPUART.o
LOAD ./include/HC_SR04.o
LOAD ./include/FlexCAN.o
LOAD ./include/FTM.o
LOAD ./Project_Settings/Startup_Code/system_S32K144.o
LOAD ./Project_Settings/Startup_Code/startup_S32K144.o
LOAD ./Project_Settings/Startup_Code/startup.o
START GROUP
LOAD C:/NXP/S32DS_ARM_v2018.R1/S32DS/arm_ewl2/lib/armv7e-m\libc99.a
LOAD C:/NXP/S32DS_ARM_v2018.R1/S32DS/arm_ewl2/lib/armv7e-m\libm.a
LOAD c:/nxp/s32ds_arm_v2018.r1/cross_tools/gcc-arm-none-eabi-4_9/bin/../lib/gcc/arm-none-eabi/4.9.3/armv7e-m\libgcc.a
LOAD C:/NXP/S32DS_ARM_v2018.R1/S32DS/arm_ewl2/lib/armv7e-m\librt.a
LOAD C:/NXP/S32DS_ARM_v2018.R1/S32DS/arm_ewl2/lib/armv7e-m\libnoio.a
END GROUP
LOAD C:/NXP/S32DS_ARM_v2018.R1/S32DS/arm_ewl2/lib/armv7e-m/__arm_end.o
                0x00000400                HEAP_SIZE = DEFINED (__heap_size__)?__heap_size__:0x400
                0x00000400                STACK_SIZE = DEFINED (__stack_size__)?__stack_size__:0x400
                0x00000400                M_VECTOR_RAM_SIZE = DEFINED (__flash_vector_table__)?0x0:0x400

.interrupts     0x00000000      0x400
                0x00000000                __VECTOR_TABLE = .
                0x00000000                __interrupts_start__ = .
                0x00000000                . = ALIGN (0x4)
 *(.isr_vector)
 .isr_vector    0x00000000      0x400 ./Project_Settings/Startup_Code/startup_S32K144.o
                0x00000000                __isr_vector
                0x00000400                __interrupts_end__ = .
                0x00000400                . = ALIGN (0x4)

.flash_config   0x00000400       0x10
                0x00000400                . = ALIGN (0x4)
 *(.FlashConfig)
 .FlashConfig   0x00000400       0x10 ./Project_Settings/Startup_Code/startup_S32K144.o
                0x00000410                . = ALIGN (0x4)

.text           0x00000410      0xac8
                0x00000410                . = ALIGN (0x4)
 *(.text)
 .text          0x00000410       0x44 ./Project_Settings/Startup_Code/startup_S32K144.o
                0x00000410                Reset_Handler
                0x00000450                DebugMon_Handler
                0x00000450                Reserved88_IRQHandler
                0x00000450                CAN0_ORed_IRQHandler
                0x00000450                HardFault_Handler
                0x00000450                Reserved86_IRQHandler
                0x00000450                Reserved103_IRQHandler
                0x00000450                SysTick_Handler
                0x00000450                FTM2_Ovf_Reload_IRQHandler
                0x00000450                Reserved50_IRQHandler
                0x00000450                FTFC_Fault_IRQHandler
                0x00000450                FTM0_Ch6_Ch7_IRQHandler
                0x00000450                Reserved114_IRQHandler
                0x00000450                PendSV_Handler
                0x00000450                NMI_Handler
                0x00000450                Reserved89_IRQHandler
                0x00000450                ERM_double_fault_IRQHandler
                0x00000450                DMA2_IRQHandler
                0x00000450                Reserved59_IRQHandler
                0x00000450                Reserved99_IRQHandler
                0x00000450                FTM3_Ch6_Ch7_IRQHandler
                0x00000450                CAN2_ORed_0_15_MB_IRQHandler
                0x00000450                LPIT0_Ch3_IRQHandler
                0x00000450                Reserved92_IRQHandler
                0x00000450                FTM0_Ch4_Ch5_IRQHandler
                0x00000450                CAN1_Error_IRQHandler
                0x00000450                FTM3_Ch0_Ch1_IRQHandler
                0x00000450                SWI_IRQHandler
                0x00000450                ADC0_IRQHandler
                0x00000450                FTM2_Ch4_Ch5_IRQHandler
                0x00000450                UsageFault_Handler
                0x00000450                FTM0_Ovf_Reload_IRQHandler
                0x00000450                DefaultISR
                0x00000450                DMA9_IRQHandler
                0x00000450                Reserved58_IRQHandler
                0x00000450                CAN1_ORed_0_15_MB_IRQHandler
                0x00000450                FTM1_Ch2_Ch3_IRQHandler
                0x00000450                DMA14_IRQHandler
                0x00000450                Reserved82_IRQHandler
                0x00000450                CAN0_ORed_16_31_MB_IRQHandler
                0x00000450                LPI2C0_Slave_IRQHandler
                0x00000450                Reserved71_IRQHandler
                0x00000450                PORTD_IRQHandler
                0x00000450                Reserved69_IRQHandler
                0x00000450                PORTB_IRQHandler
                0x00000450                Reserved70_IRQHandler
                0x00000450                ADC1_IRQHandler
                0x00000450                FTM2_Ch2_Ch3_IRQHandler
                0x00000450                Reserved53_IRQHandler
                0x00000450                DMA5_IRQHandler
                0x00000450                RTC_IRQHandler
                0x00000450                PDB0_IRQHandler
                0x00000450                Reserved54_IRQHandler
                0x00000450                FTM2_Ch6_Ch7_IRQHandler
                0x00000450                FTM3_Ch2_Ch3_IRQHandler
                0x00000450                FTM2_Ch0_Ch1_IRQHandler
                0x00000450                LPSPI1_IRQHandler
                0x00000450                LPUART1_RxTx_IRQHandler
                0x00000450                RTC_Seconds_IRQHandler
                0x00000450                CAN2_ORed_IRQHandler
                0x00000450                Reserved72_IRQHandler
                0x00000450                Reserved110_IRQHandler
                0x00000450                DMA11_IRQHandler
                0x00000450                Reserved107_IRQHandler
                0x00000450                Read_Collision_IRQHandler
                0x00000450                CAN2_Error_IRQHandler
                0x00000450                FTFC_IRQHandler
                0x00000450                DMA7_IRQHandler
                0x00000450                FTM1_Ch6_Ch7_IRQHandler
                0x00000450                Reserved105_IRQHandler
                0x00000450                LPIT0_Ch1_IRQHandler
                0x00000450                FTM1_Ch4_Ch5_IRQHandler
                0x00000450                FTM3_Ovf_Reload_IRQHandler
                0x00000450                LPUART2_RxTx_IRQHandler
                0x00000450                LPSPI0_IRQHandler
                0x00000450                WDOG_EWM_IRQHandler
                0x00000450                MemManage_Handler
                0x00000450                Reserved90_IRQHandler
                0x00000450                Reserved83_IRQHandler
                0x00000450                FTM0_Fault_IRQHandler
                0x00000450                Reserved48_IRQHandler
                0x00000450                SVC_Handler
                0x00000450                ERM_single_fault_IRQHandler
                0x00000450                FTM2_Fault_IRQHandler
                0x00000450                FTM0_Ch2_Ch3_IRQHandler
                0x00000450                DMA13_IRQHandler
                0x00000450                FTM0_Ch0_Ch1_IRQHandler
                0x00000450                FTM3_Fault_IRQHandler
                0x00000450                RCM_IRQHandler
                0x00000450                DMA3_IRQHandler
                0x00000450                Reserved100_IRQHandler
                0x00000450                DMA0_IRQHandler
                0x00000450                Reserved91_IRQHandler
                0x00000450                CAN1_ORed_IRQHandler
                0x00000450                DMA15_IRQHandler
                0x00000450                SCG_IRQHandler
                0x00000450                PDB1_IRQHandler
                0x00000450                Reserved81_IRQHandler
                0x00000450                Reserved46_IRQHandler
                0x00000450                Reserved45_IRQHandler
                0x00000450                CAN0_Error_IRQHandler
                0x00000450                Reserved112_IRQHandler
                0x00000450                LPI2C0_Master_IRQHandler
                0x00000450                DMA4_IRQHandler
                0x00000450                FTM1_Fault_IRQHandler
                0x00000450                Reserved106_IRQHandler
                0x00000450                DMA_Error_IRQHandler
                0x00000450                LVD_LVW_IRQHandler
                0x00000450                LPIT0_Ch2_IRQHandler
                0x00000450                PORTA_IRQHandler
                0x00000450                MCM_IRQHandler
                0x00000450                LPSPI2_IRQHandler
                0x00000450                DMA12_IRQHandler
                0x00000450                FTM3_Ch4_Ch5_IRQHandler
                0x00000450                CAN0_ORed_0_15_MB_IRQHandler
                0x00000450                PORTE_IRQHandler
                0x00000450                LPUART0_RxTx_IRQHandler
                0x00000450                LPTMR0_IRQHandler
                0x00000450                BusFault_Handler
                0x00000450                Reserved87_IRQHandler
                0x00000450                FTM1_Ovf_Reload_IRQHandler
                0x00000450                DMA8_IRQHandler
                0x00000450                Reserved93_IRQHandler
                0x00000450                DMA10_IRQHandler
                0x00000450                CAN0_Wake_Up_IRQHandler
                0x00000450                CMP0_IRQHandler
                0x00000450                Reserved52_IRQHandler
                0x00000450                PORTC_IRQHandler
                0x00000450                DMA6_IRQHandler
                0x00000450                FTM1_Ch0_Ch1_IRQHandler
                0x00000450                FLEXIO_IRQHandler
                0x00000450                DMA1_IRQHandler
                0x00000450                Reserved113_IRQHandler
 *(.text*)
 .text.update_lights
                0x00000454       0xd4 ./src/main.o
                0x00000454                update_lights
 .text.PORT_init
                0x00000528       0xbc ./src/main.o
                0x00000528                PORT_init
 .text.init_tasks
                0x000005e4      0x10c ./src/main.o
                0x000005e4                init_tasks
 .text.startup.main
                0x000006f0       0xa0 ./src/main.o
                0x000006f0                main
 .text.LPIT0_Ch0_IRQHandler
                0x00000790       0xa0 ./src/main.o
                0x00000790                LPIT0_Ch0_IRQHandler
 .text.init_task
                0x00000830       0x1c ./include/tasks.o
                0x00000830                init_task
 .text.is_task_ready
                0x0000084c       0x20 ./include/tasks.o
                0x0000084c                is_task_ready
 .text.execute_task
                0x0000086c       0x1c ./include/tasks.o
                0x0000086c                execute_task
 .text.add_task
                0x00000888       0x1c ./include/tasks.o
                0x00000888                add_task
 .text.remove_task
                0x000008a4       0x1c ./include/tasks.o
                0x000008a4                remove_task
 .text.pwm_forward_backward_init
                0x000008c0        0xc ./include/pwm.o
                0x000008c0                pwm_forward_backward_init
 .text.pwm_left_right_init
                0x000008cc        0xc ./include/pwm.o
                0x000008cc                pwm_left_right_init
 .text.motor_forward_PWM
                0x000008d8       0x54 ./include/pwm.o
                0x000008d8                motor_forward_PWM
 .text.motor_backward_PWM
                0x0000092c       0x54 ./include/pwm.o
                0x0000092c                motor_backward_PWM
 .text.left_right_stay_PWM
                0x00000980       0x58 ./include/pwm.o
                0x00000980                left_right_stay_PWM
 .text.motor_left_PWM
                0x000009d8       0x54 ./include/pwm.o
                0x000009d8                motor_left_PWM
 .text.motor_right_PWM
                0x00000a2c       0x54 ./include/pwm.o
                0x00000a2c                motor_right_PWM
 .text.SOSC_init_8MHz
                0x00000a80       0x30 ./include/clocks_and_modes.o
                0x00000a80                SOSC_init_8MHz
 .text.SPLL_init_160MHz
                0x00000ab0       0x48 ./include/clocks_and_modes.o
                0x00000ab0                SPLL_init_160MHz
 .text.NormalRUNmode_80MHz
                0x00000af8       0x1c ./include/clocks_and_modes.o
                0x00000af8                NormalRUNmode_80MHz
 .text.init_ultrasonic_sensor
                0x00000b14       0x14 ./include/HC_SR04.o
                0x00000b14                init_ultrasonic_sensor
 .text.read_distance
                0x00000b28       0xac ./include/HC_SR04.o
                0x00000b28                read_distance
 .text.FTM0_init
                0x00000bd4       0x48 ./include/FTM.o
                0x00000bd4                FTM0_init
 .text.FTM0_CH0_OC_init
                0x00000c1c       0x1c ./include/FTM.o
                0x00000c1c                FTM0_CH0_OC_init
 .text.FTM0_CH1_PWM_init
                0x00000c38       0x14 ./include/FTM.o
                0x00000c38                FTM0_CH1_PWM_init
 .text.FTM0_CH6_IC_init
                0x00000c4c        0xc ./include/FTM.o
                0x00000c4c                FTM0_CH6_IC_init
 .text.start_FTM0_counter
                0x00000c58       0x10 ./include/FTM.o
                0x00000c58                start_FTM0_counter
 .text.SystemInit
                0x00000c68       0x20 ./Project_Settings/Startup_Code/system_S32K144.o
                0x00000c68                SystemInit
 .text.init_data_bss
                0x00000c88       0x84 ./Project_Settings/Startup_Code/startup.o
                0x00000c88                init_data_bss
 .text.sbrk     0x00000d0c       0x28 C:/NXP/S32DS_ARM_v2018.R1/S32DS/arm_ewl2/lib/armv7e-m\libc99.a(alloc.o)
                0x00000d0c                sbrk
 .text.malloc   0x00000d34      0x108 C:/NXP/S32DS_ARM_v2018.R1/S32DS/arm_ewl2/lib/armv7e-m\libc99.a(alloc.o)
                0x00000d34                malloc
 .text.memcpy   0x00000e3c       0x16 C:/NXP/S32DS_ARM_v2018.R1/S32DS/arm_ewl2/lib/armv7e-m\libc99.a(memcpy.o)
                0x00000e3c                memcpy
 .text.memset   0x00000e52        0xc C:/NXP/S32DS_ARM_v2018.R1/S32DS/arm_ewl2/lib/armv7e-m\libc99.a(memset.o)
                0x00000e52                memset
 .text.__fill_mem
                0x00000e5e       0x7a C:/NXP/S32DS_ARM_v2018.R1/S32DS/arm_ewl2/lib/armv7e-m\libc99.a(__filll_mem.o)
                0x00000e5e                __fill_mem
 *(.rodata)
 *(.rodata*)
 *(.init)
 *(.fini)
 *(.eh_frame)
                0x00000ed8                . = ALIGN (0x4)

.glue_7         0x00000ed8        0x0
 .glue_7        0x00000000        0x0 linker stubs

.glue_7t        0x00000ed8        0x0
 .glue_7t       0x00000000        0x0 linker stubs

.vfp11_veneer   0x00000ed8        0x0
 .vfp11_veneer  0x00000000        0x0 linker stubs

.v4_bx          0x00000ed8        0x0
 .v4_bx         0x00000000        0x0 linker stubs

.iplt           0x00000ed8        0x0
 .iplt          0x00000000        0x0 C:/NXP/S32DS_ARM_v2018.R1/S32DS/arm_ewl2/lib/armv7e-m/__arm_start.o

.rel.dyn        0x00000ed8        0x0
 .rel.iplt      0x00000000        0x0 C:/NXP/S32DS_ARM_v2018.R1/S32DS/arm_ewl2/lib/armv7e-m/__arm_start.o

.ARM            0x00000ed8        0x0
                0x00000ed8                __exidx_start = .
 *(.ARM.exidx*)
                0x00000ed8                __exidx_end = .
                0x00000ed8                __etext = .
                0x00000ed8                __DATA_ROM = .

.interrupts_ram
                0x1fff8000      0x400
                0x1fff8000                . = ALIGN (0x4)
                0x1fff8000                __VECTOR_RAM__ = .
                0x1fff8000                __RAM_START = .
                0x1fff8000                __interrupts_ram_start__ = .
 *(.m_interrupts_ram)
                0x1fff8400                . = (. + M_VECTOR_RAM_SIZE)
 *fill*         0x1fff8000      0x400 
                0x1fff8400                . = ALIGN (0x4)
                0x1fff8400                __interrupts_ram_end__ = .
                0x1fff8000                __VECTOR_RAM = DEFINED (__flash_vector_table__)?ORIGIN (m_interrupts):__VECTOR_RAM__
                0x00000400                __RAM_VECTOR_TABLE_SIZE = DEFINED (__flash_vector_table__)?0x0:(__interrupts_ram_end__ - __interrupts_ram_start__)

.data           0x1fff8400        0x4 load address 0x00000ed8
                0x1fff8400                . = ALIGN (0x4)
                0x1fff8400                __DATA_RAM = .
                0x1fff8400                __data_start__ = .
 *(.data)
 *(.data*)
 .data.tail     0x1fff8400        0x4 C:/NXP/S32DS_ARM_v2018.R1/S32DS/arm_ewl2/lib/armv7e-m\libc99.a(alloc.o)
                0x1fff8404                . = ALIGN (0x4)
                0x1fff8404                __data_end__ = .
                0x00000edc                __DATA_END = (__DATA_ROM + (__data_end__ - __data_start__))
                0x00000edc                __CODE_ROM = __DATA_END

.igot.plt       0x1fff8404        0x0 load address 0x00000edc
 .igot.plt      0x00000000        0x0 C:/NXP/S32DS_ARM_v2018.R1/S32DS/arm_ewl2/lib/armv7e-m/__arm_start.o

.code           0x1fff8404        0x0 load address 0x00000edc
                0x1fff8404                . = ALIGN (0x4)
                0x1fff8404                __CODE_RAM = .
                0x1fff8404                __code_start__ = .
                0x1fff8404                __code_ram_start__ = .
 *(.code_ram)
                0x1fff8404                . = ALIGN (0x4)
                0x1fff8404                __code_end__ = .
                0x1fff8404                __code_ram_end__ = .
                0x00000edc                __CODE_END = (__CODE_ROM + (__code_end__ - __code_start__))
                0x00000edc                __CUSTOM_ROM = __CODE_END

.customSectionBlock
                0x20000000        0x0 load address 0x00000edc
                0x20000000                __customSection_start__ = .
 *(.customSection)
                0x20000000                __customSection_end__ = .
                0x00000edc                __CUSTOM_END = (__CUSTOM_ROM + (__customSection_end__ - __customSection_start__))

.bss            0x20000000       0x60
                0x20000000                . = ALIGN (0x4)
                0x20000000                __BSS_START = .
                0x20000000                __bss_start__ = .
 *(.bss)
 *(.bss*)
 .bss.task_counter
                0x20000000        0x8 ./src/main.o
                0x20000000                task_counter
 .bss.timer     0x20000008        0x8 ./src/main.o
                0x20000008                timer
 .bss.counter.4919
                0x20000010        0x4 ./include/pwm.o
 .bss.counter.4925
                0x20000014        0x4 ./include/pwm.o
 .bss.counter.4910
                0x20000018        0x4 ./include/pwm.o
 .bss.counter.4916
                0x2000001c        0x4 ./include/pwm.o
 .bss.counter.4922
                0x20000020        0x4 ./include/pwm.o
 .bss.head      0x20000024        0x4 C:/NXP/S32DS_ARM_v2018.R1/S32DS/arm_ewl2/lib/armv7e-m\libc99.a(alloc.o)
 .bss.heap_end.4311
                0x20000028        0x4 C:/NXP/S32DS_ARM_v2018.R1/S32DS/arm_ewl2/lib/armv7e-m\libc99.a(alloc.o)
 *(COMMON)
 COMMON         0x2000002c       0x34 ./src/main.o
                0x2000002c                turn_right
                0x20000030                last_distance_in_CMs
                0x20000034                center_stay
                0x20000038                forward_backward_stay
                0x2000003c                turn_left
                0x20000040                ECHO_PORT
                0x20000044                go_forward
                0x20000048                LEFT_RIGHT_PORT
                0x2000004c                iterator
                0x20000050                go_backward
                0x20000054                FORWARD_BACKWARD_PORT
                0x20000058                TRIG_PORT
                0x2000005c                task_head
                0x20000060                . = ALIGN (0x4)
                0x20000060                __bss_end__ = .
                0x20000060                __BSS_END = .

.heap           0x20000060      0x400
                0x20000060                . = ALIGN (0x8)
                0x20000060                __end__ = .
                0x20000060                __heap_start__ = .
                0x20000060                PROVIDE (end, .)
                0x20000060                PROVIDE (_end, .)
                0x20000060                PROVIDE (__end, .)
                0x20000060                __HeapBase = .
                0x20000460                . = (. + HEAP_SIZE)
 *fill*         0x20000060      0x400 
                0x20000460                __HeapLimit = .
                0x20000460                __heap_limit = .
                0x20000460                __heap_end__ = .
                0x20007000                __StackTop = (ORIGIN (m_data_2) + 0x7000)
                0x20006c00                __StackLimit = (__StackTop - STACK_SIZE)
                0x20007000                PROVIDE (__stack, __StackTop)
                0x20007000                __RAM_END = __StackTop

.stack          0x20006c00      0x400
                0x20006c00                . = ALIGN (0x8)
                0x20006c00                __stack_start__ = .
                0x20007000                . = (. + STACK_SIZE)
 *fill*         0x20006c00      0x400 
                0x20007000                __stack_end__ = .

.ARM.attributes
                0x00000000       0x31
 *(.ARM.attributes)
 .ARM.attributes
                0x00000000       0x33 ./src/main.o
 .ARM.attributes
                0x00000033       0x33 ./include/tasks.o
 .ARM.attributes
                0x00000066       0x33 ./include/pwm.o
 .ARM.attributes
                0x00000099       0x33 ./include/clocks_and_modes.o
 .ARM.attributes
                0x000000cc       0x33 ./include/HC_SR04.o
 .ARM.attributes
                0x000000ff       0x33 ./include/FTM.o
 .ARM.attributes
                0x00000132       0x33 ./Project_Settings/Startup_Code/system_S32K144.o
 .ARM.attributes
                0x00000165       0x1b ./Project_Settings/Startup_Code/startup_S32K144.o
 .ARM.attributes
                0x00000180       0x33 ./Project_Settings/Startup_Code/startup.o
 .ARM.attributes
                0x000001b3       0x33 C:/NXP/S32DS_ARM_v2018.R1/S32DS/arm_ewl2/lib/armv7e-m\libc99.a(alloc.o)
 .ARM.attributes
                0x000001e6       0x33 C:/NXP/S32DS_ARM_v2018.R1/S32DS/arm_ewl2/lib/armv7e-m\libc99.a(memcpy.o)
 .ARM.attributes
                0x00000219       0x33 C:/NXP/S32DS_ARM_v2018.R1/S32DS/arm_ewl2/lib/armv7e-m\libc99.a(memset.o)
 .ARM.attributes
                0x0000024c       0x33 C:/NXP/S32DS_ARM_v2018.R1/S32DS/arm_ewl2/lib/armv7e-m\libc99.a(__filll_mem.o)
                0x00000001                ASSERT ((__StackLimit >= __HeapLimit), region m_data_2 overflowed with stack and heap)
OUTPUT(cruise_control_tasks.elf elf32-littlearm)

.comment        0x00000000       0x70
 .comment       0x00000000       0x70 ./src/main.o
                                 0x71 (size before relaxing)
 .comment       0x00000000       0x71 ./include/tasks.o
 .comment       0x00000000       0x71 ./include/pwm.o
 .comment       0x00000000       0x71 ./include/clocks_and_modes.o
 .comment       0x00000000       0x71 ./include/HC_SR04.o
 .comment       0x00000000       0x71 ./include/FTM.o
 .comment       0x00000000       0x71 ./Project_Settings/Startup_Code/system_S32K144.o
 .comment       0x00000000       0x71 ./Project_Settings/Startup_Code/startup.o
 .comment       0x00000000       0x71 C:/NXP/S32DS_ARM_v2018.R1/S32DS/arm_ewl2/lib/armv7e-m\libc99.a(alloc.o)
 .comment       0x00000000       0x71 C:/NXP/S32DS_ARM_v2018.R1/S32DS/arm_ewl2/lib/armv7e-m\libc99.a(memcpy.o)
 .comment       0x00000000       0x71 C:/NXP/S32DS_ARM_v2018.R1/S32DS/arm_ewl2/lib/armv7e-m\libc99.a(memset.o)
 .comment       0x00000000       0x71 C:/NXP/S32DS_ARM_v2018.R1/S32DS/arm_ewl2/lib/armv7e-m\libc99.a(__filll_mem.o)

.debug_info     0x00000000      0x672
 .debug_info    0x00000000      0x33e C:/NXP/S32DS_ARM_v2018.R1/S32DS/arm_ewl2/lib/armv7e-m\libc99.a(alloc.o)
 .debug_info    0x0000033e      0x111 C:/NXP/S32DS_ARM_v2018.R1/S32DS/arm_ewl2/lib/armv7e-m\libc99.a(memcpy.o)
 .debug_info    0x0000044f       0xec C:/NXP/S32DS_ARM_v2018.R1/S32DS/arm_ewl2/lib/armv7e-m\libc99.a(memset.o)
 .debug_info    0x0000053b      0x137 C:/NXP/S32DS_ARM_v2018.R1/S32DS/arm_ewl2/lib/armv7e-m\libc99.a(__filll_mem.o)

.debug_abbrev   0x00000000      0x2fc
 .debug_abbrev  0x00000000      0x18d C:/NXP/S32DS_ARM_v2018.R1/S32DS/arm_ewl2/lib/armv7e-m\libc99.a(alloc.o)
 .debug_abbrev  0x0000018d       0x95 C:/NXP/S32DS_ARM_v2018.R1/S32DS/arm_ewl2/lib/armv7e-m\libc99.a(memcpy.o)
 .debug_abbrev  0x00000222       0x62 C:/NXP/S32DS_ARM_v2018.R1/S32DS/arm_ewl2/lib/armv7e-m\libc99.a(memset.o)
 .debug_abbrev  0x00000284       0x78 C:/NXP/S32DS_ARM_v2018.R1/S32DS/arm_ewl2/lib/armv7e-m\libc99.a(__filll_mem.o)

.debug_loc      0x00000000      0x509
 .debug_loc     0x00000000      0x2c3 C:/NXP/S32DS_ARM_v2018.R1/S32DS/arm_ewl2/lib/armv7e-m\libc99.a(alloc.o)
 .debug_loc     0x000002c3       0x77 C:/NXP/S32DS_ARM_v2018.R1/S32DS/arm_ewl2/lib/armv7e-m\libc99.a(memcpy.o)
 .debug_loc     0x0000033a       0x64 C:/NXP/S32DS_ARM_v2018.R1/S32DS/arm_ewl2/lib/armv7e-m\libc99.a(memset.o)
 .debug_loc     0x0000039e      0x16b C:/NXP/S32DS_ARM_v2018.R1/S32DS/arm_ewl2/lib/armv7e-m\libc99.a(__filll_mem.o)

.debug_aranges  0x00000000       0xa0
 .debug_aranges
                0x00000000       0x40 C:/NXP/S32DS_ARM_v2018.R1/S32DS/arm_ewl2/lib/armv7e-m\libc99.a(alloc.o)
 .debug_aranges
                0x00000040       0x20 C:/NXP/S32DS_ARM_v2018.R1/S32DS/arm_ewl2/lib/armv7e-m\libc99.a(memcpy.o)
 .debug_aranges
                0x00000060       0x20 C:/NXP/S32DS_ARM_v2018.R1/S32DS/arm_ewl2/lib/armv7e-m\libc99.a(memset.o)
 .debug_aranges
                0x00000080       0x20 C:/NXP/S32DS_ARM_v2018.R1/S32DS/arm_ewl2/lib/armv7e-m\libc99.a(__filll_mem.o)

.debug_line     0x00000000      0x326
 .debug_line    0x00000000      0x15d C:/NXP/S32DS_ARM_v2018.R1/S32DS/arm_ewl2/lib/armv7e-m\libc99.a(alloc.o)
 .debug_line    0x0000015d       0x88 C:/NXP/S32DS_ARM_v2018.R1/S32DS/arm_ewl2/lib/armv7e-m\libc99.a(memcpy.o)
 .debug_line    0x000001e5       0x8f C:/NXP/S32DS_ARM_v2018.R1/S32DS/arm_ewl2/lib/armv7e-m\libc99.a(memset.o)
 .debug_line    0x00000274       0xb2 C:/NXP/S32DS_ARM_v2018.R1/S32DS/arm_ewl2/lib/armv7e-m\libc99.a(__filll_mem.o)

.debug_str      0x00000000      0x2ef
 .debug_str     0x00000000      0x28a C:/NXP/S32DS_ARM_v2018.R1/S32DS/arm_ewl2/lib/armv7e-m\libc99.a(alloc.o)
                                0x2df (size before relaxing)
 .debug_str     0x0000028a       0x1c C:/NXP/S32DS_ARM_v2018.R1/S32DS/arm_ewl2/lib/armv7e-m\libc99.a(memcpy.o)
                                0x217 (size before relaxing)
 .debug_str     0x000002a6       0x1c C:/NXP/S32DS_ARM_v2018.R1/S32DS/arm_ewl2/lib/armv7e-m\libc99.a(memset.o)
                                0x21f (size before relaxing)
 .debug_str     0x000002c2       0x2d C:/NXP/S32DS_ARM_v2018.R1/S32DS/arm_ewl2/lib/armv7e-m\libc99.a(__filll_mem.o)
                                0x231 (size before relaxing)

.debug_frame    0x00000000      0x108
 .debug_frame   0x00000000       0x90 C:/NXP/S32DS_ARM_v2018.R1/S32DS/arm_ewl2/lib/armv7e-m\libc99.a(alloc.o)
 .debug_frame   0x00000090       0x28 C:/NXP/S32DS_ARM_v2018.R1/S32DS/arm_ewl2/lib/armv7e-m\libc99.a(memcpy.o)
 .debug_frame   0x000000b8       0x28 C:/NXP/S32DS_ARM_v2018.R1/S32DS/arm_ewl2/lib/armv7e-m\libc99.a(memset.o)
 .debug_frame   0x000000e0       0x28 C:/NXP/S32DS_ARM_v2018.R1/S32DS/arm_ewl2/lib/armv7e-m\libc99.a(__filll_mem.o)
